
> backend@1.0.0 test
> vitest run


[1m[46m RUN [49m[22m [36mv4.0.18 [39m[90mC:/Users/pagis/OneDrive/WebDev/Projects/Online/backend[39m

[90mstdout[2m | tests/integration/file.validation.test.js
[22m[39m✓ Test database connected (mongodb-memory-server)

[90mstdout[2m | tests/integration/file.upload.test.js
[22m[39m✓ Test database connected (mongodb-memory-server)

[90mstdout[2m | tests/integration/security.validation.test.js
[22m[39m✓ Test database connected (mongodb-memory-server)

[90mstdout[2m | tests/integration/auth.admin.test.js
[22m[39m✓ Test database connected (mongodb-memory-server)

[90mstdout[2m | tests/integration/auth.protected.test.js
[22m[39m✓ Test database connected (mongodb-memory-server)

[90mstdout[2m | tests/integration/file.processing.test.js
[22m[39m✓ Test database connected (mongodb-memory-server)

[90mstdout[2m | tests/integration/paypal.orders.test.js
[22m[39m✓ Test database connected (mongodb-memory-server)

[90mstdout[2m | tests/integration/file.processing.test.js[2m > [22m[2mImage Processing - Sharp integration
[22m[39mPayPal Configuration:
  API URL: https://api-m.sandbox.paypal.com
  Client ID exists: [33mtrue[39m
  Client Secret exists: [33mtrue[39m
Allowed origins: [
  [32m'http://127.0.0.1:5500'[39m,
  [32m'http://localhost:5500'[39m,
  [32m'http://localhost:1234'[39m
]

[90mstdout[2m | tests/integration/file.validation.test.js[2m > [22m[2mFile Upload Validation - /upload endpoint
[22m[39mPayPal Configuration:
  API URL: https://api-m.sandbox.paypal.com
  Client ID exists: [33mtrue[39m
  Client Secret exists: [33mtrue[39m
Allowed origins: [
  [32m'http://127.0.0.1:5500'[39m,
  [32m'http://localhost:5500'[39m,
  [32m'http://localhost:1234'[39m
]

[90mstdout[2m | tests/integration/file.upload.test.js[2m > [22m[2mFile Upload Flow - S3 integration (mocked)
[22m[39mPayPal Configuration:
  API URL: https://api-m.sandbox.paypal.com
  Client ID exists: [33mtrue[39m
  Client Secret exists: [33mtrue[39m
Allowed origins: [
  [32m'http://127.0.0.1:5500'[39m,
  [32m'http://localhost:5500'[39m,
  [32m'http://localhost:1234'[39m
]

(node:48784) [MONGOOSE] Warning: Duplicate schema index on {"sku":1} found. This is often due to declaring an index using both "index: true" and "schema.index()". Please remove the duplicate index definition.
(Use `node --trace-warnings ...` to show where the warning was created)
(node:48784) NOTE: The AWS SDK for JavaScript (v2) has reached end-of-support.
It will no longer receive updates or releases.

Please migrate your code to use AWS SDK for JavaScript (v3).
For more information, check the blog post at https://a.co/cUPnyil
(node:48508) [MONGOOSE] Warning: Duplicate schema index on {"sku":1} found. This is often due to declaring an index using both "index: true" and "schema.index()". Please remove the duplicate index definition.
(Use `node --trace-warnings ...` to show where the warning was created)
(node:48508) NOTE: The AWS SDK for JavaScript (v2) has reached end-of-support.
It will no longer receive updates or releases.

Please migrate your code to use AWS SDK for JavaScript (v3).
For more information, check the blog post at https://a.co/cUPnyil
[90mstdout[2m | tests/integration/auth.protected.test.js[2m > [22m[2mfetchUser middleware - Protected Routes
[22m[39mPayPal Configuration:
  API URL: https://api-m.sandbox.paypal.com
  Client ID exists: [33mtrue[39m
  Client Secret exists: [33mtrue[39m
Allowed origins: [
  [32m'http://127.0.0.1:5500'[39m,
  [32m'http://localhost:5500'[39m,
  [32m'http://localhost:1234'[39m
]

(node:49832) [MONGOOSE] Warning: Duplicate schema index on {"sku":1} found. This is often due to declaring an index using both "index: true" and "schema.index()". Please remove the duplicate index definition.
(Use `node --trace-warnings ...` to show where the warning was created)
[90mstdout[2m | tests/integration/security.validation.test.js[2m > [22m[2mInput Validation - XSS Prevention
[22m[39mPayPal Configuration:
  API URL: https://api-m.sandbox.paypal.com
  Client ID exists: [33mtrue[39m
  Client Secret exists: [33mtrue[39m
Allowed origins: [
  [32m'http://127.0.0.1:5500'[39m,
  [32m'http://localhost:5500'[39m,
  [32m'http://localhost:1234'[39m
]

(node:49832) NOTE: The AWS SDK for JavaScript (v2) has reached end-of-support.
It will no longer receive updates or releases.

Please migrate your code to use AWS SDK for JavaScript (v3).
For more information, check the blog post at https://a.co/cUPnyil
[90mstdout[2m | tests/integration/auth.admin.test.js[2m > [22m[2mrequireAdmin middleware
[22m[39mPayPal Configuration:
  API URL: https://api-m.sandbox.paypal.com
  Client ID exists: [33mtrue[39m
  Client Secret exists: [33mtrue[39m
Allowed origins: [
  [32m'http://127.0.0.1:5500'[39m,
  [32m'http://localhost:5500'[39m,
  [32m'http://localhost:1234'[39m
]

(node:48996) [MONGOOSE] Warning: Duplicate schema index on {"sku":1} found. This is often due to declaring an index using both "index: true" and "schema.index()". Please remove the duplicate index definition.
(Use `node --trace-warnings ...` to show where the warning was created)
(node:48296) [MONGOOSE] Warning: Duplicate schema index on {"sku":1} found. This is often due to declaring an index using both "index: true" and "schema.index()". Please remove the duplicate index definition.
(Use `node --trace-warnings ...` to show where the warning was created)
[90mstdout[2m | tests/integration/paypal.orders.test.js[2m > [22m[2mPayPal Payment Endpoints
[22m[39mPayPal Configuration:
  API URL: https://api-m.sandbox.paypal.com
  Client ID exists: [33mtrue[39m
  Client Secret exists: [33mtrue[39m
Allowed origins: [
  [32m'http://127.0.0.1:5500'[39m,
  [32m'http://localhost:5500'[39m,
  [32m'http://localhost:1234'[39m
]

(node:48296) NOTE: The AWS SDK for JavaScript (v2) has reached end-of-support.
It will no longer receive updates or releases.

Please migrate your code to use AWS SDK for JavaScript (v3).
For more information, check the blog post at https://a.co/cUPnyil
(node:46396) [MONGOOSE] Warning: Duplicate schema index on {"sku":1} found. This is often due to declaring an index using both "index: true" and "schema.index()". Please remove the duplicate index definition.
(Use `node --trace-warnings ...` to show where the warning was created)
(node:46396) NOTE: The AWS SDK for JavaScript (v2) has reached end-of-support.
It will no longer receive updates or releases.

Please migrate your code to use AWS SDK for JavaScript (v3).
For more information, check the blog post at https://a.co/cUPnyil
(node:48996) NOTE: The AWS SDK for JavaScript (v2) has reached end-of-support.
It will no longer receive updates or releases.

Please migrate your code to use AWS SDK for JavaScript (v3).
For more information, check the blog post at https://a.co/cUPnyil
(node:47808) [MONGOOSE] Warning: Duplicate schema index on {"sku":1} found. This is often due to declaring an index using both "index: true" and "schema.index()". Please remove the duplicate index definition.
(Use `node --trace-warnings ...` to show where the warning was created)
[90mstdout[2m | tests/integration/paypal.orders.test.js[2m > [22m[2mPayPal Payment Endpoints[2m > [22m[2mPOST /orders - Order Creation (PAY-01)[2m > [22m[2mshould return 201 with order ID for valid cart
[22m[39mCreating PayPal order with cart: [
  {
    "name": "Silver Necklace",
    "unit_amount": {
      "value": "75.00",
      "currency_code": "USD"
    },
    "quantity": "1"
  }
]
shopping cart information passed from the frontend createOrder() callback: [
  {
    name: [32m'Silver Necklace'[39m,
    unit_amount: { value: [32m'75.00'[39m, currency_code: [32m'USD'[39m },
    quantity: [32m'1'[39m
  }
]
========= PAYPAL AUTH DEBUG =========
Client ID length: [33m21[39m
Client Secret length: [33m25[39m
Base URL: https://api-m.sandbox.paypal.com
Auth token generated. Requesting PayPal access token...
Token URL: https://api-m.sandbox.paypal.com/v1/oauth2/token

(node:47808) NOTE: The AWS SDK for JavaScript (v2) has reached end-of-support.
It will no longer receive updates or releases.

Please migrate your code to use AWS SDK for JavaScript (v3).
For more information, check the blog post at https://a.co/cUPnyil
[90mstdout[2m | tests/integration/paypal.orders.test.js[2m > [22m[2mPayPal Payment Endpoints[2m > [22m[2mPOST /orders - Order Creation (PAY-01)[2m > [22m[2mshould return 201 with order ID for valid cart
[22m[39mPayPal token response status: [33m200[39m

[90mstdout[2m | tests/integration/paypal.orders.test.js[2m > [22m[2mPayPal Payment Endpoints[2m > [22m[2mPOST /orders - Order Creation (PAY-01)[2m > [22m[2mshould return 201 with order ID for valid cart
[22m[39mPayPal access token obtained successfully

[90mstdout[2m | tests/integration/paypal.orders.test.js[2m > [22m[2mPayPal Payment Endpoints[2m > [22m[2mPOST /orders - Order Creation (PAY-01)[2m > [22m[2mshould return 201 with order ID for valid cart
[22m[39mPayPal access token received: Success
PayPal API URL: https://api-m.sandbox.paypal.com/v2/checkout/orders
PayPal order payload: {
  "intent": "CAPTURE",
  "purchase_units": [
    {
      "amount": {
        "currency_code": "USD",
        "value": "75.00",
        "breakdown": {
          "item_total": {
            "currency_code": "USD",
            "value": "75.00"
          }
        }
      },
      "items": [
        {
          "name": "Silver Necklace",
          "unit_amount": {
            "currency_code": "USD",
            "value": "75.00"
          },
          "quantity": "1"
        }
      ]
    }
  ],
  "application_context": {
    "return_url": "undefined/complete-order",
    "cancel_url": "undefined/html/cart.html",
    "user_action": "PAY_NOW",
    "brand_name": "Tamar Kfir Jewelry"
  }
}

[90mstdout[2m | tests/integration/paypal.orders.test.js[2m > [22m[2mPayPal Payment Endpoints[2m > [22m[2mPOST /orders - Order Creation (PAY-01)[2m > [22m[2mshould return 201 with order ID for valid cart
[22m[39mPayPal order creation successful: [33m201[39m

[90mstdout[2m | tests/integration/paypal.orders.test.js[2m > [22m[2mPayPal Payment Endpoints[2m > [22m[2mPOST /orders - Order Creation (PAY-01)[2m > [22m[2mshould include approve link in response
[22m[39mCreating PayPal order with cart: [
  {
    "name": "Gold Ring",
    "unit_amount": {
      "value": "120.00",
      "currency_code": "USD"
    },
    "quantity": "1"
  }
]
shopping cart information passed from the frontend createOrder() callback: [
  {
    name: [32m'Gold Ring'[39m,
    unit_amount: { value: [32m'120.00'[39m, currency_code: [32m'USD'[39m },
    quantity: [32m'1'[39m
  }
]
========= PAYPAL AUTH DEBUG =========
Client ID length: [33m21[39m
Client Secret length: [33m25[39m
Base URL: https://api-m.sandbox.paypal.com
Auth token generated. Requesting PayPal access token...
Token URL: https://api-m.sandbox.paypal.com/v1/oauth2/token

[90mstdout[2m | tests/integration/paypal.orders.test.js[2m > [22m[2mPayPal Payment Endpoints[2m > [22m[2mPOST /orders - Order Creation (PAY-01)[2m > [22m[2mshould include approve link in response
[22m[39mPayPal token response status: [33m200[39m

[90mstdout[2m | tests/integration/paypal.orders.test.js[2m > [22m[2mPayPal Payment Endpoints[2m > [22m[2mPOST /orders - Order Creation (PAY-01)[2m > [22m[2mshould include approve link in response
[22m[39mPayPal access token obtained successfully

[90mstdout[2m | tests/integration/paypal.orders.test.js[2m > [22m[2mPayPal Payment Endpoints[2m > [22m[2mPOST /orders - Order Creation (PAY-01)[2m > [22m[2mshould include approve link in response
[22m[39mPayPal access token received: Success
PayPal API URL: https://api-m.sandbox.paypal.com/v2/checkout/orders
PayPal order payload: {
  "intent": "CAPTURE",
  "purchase_units": [
    {
      "amount": {
        "currency_code": "USD",
        "value": "120.00",
        "breakdown": {
          "item_total": {
            "currency_code": "USD",
            "value": "120.00"
          }
        }
      },
      "items": [
        {
          "name": "Gold Ring",
          "unit_amount": {
            "currency_code": "USD",
            "value": "120.00"
          },
          "quantity": "1"
        }
      ]
    }
  ],
  "application_context": {
    "return_url": "undefined/complete-order",
    "cancel_url": "undefined/html/cart.html",
    "user_action": "PAY_NOW",
    "brand_name": "Tamar Kfir Jewelry"
  }
}

[90mstdout[2m | tests/integration/paypal.orders.test.js[2m > [22m[2mPayPal Payment Endpoints[2m > [22m[2mPOST /orders - Order Creation (PAY-01)[2m > [22m[2mshould include approve link in response
[22m[39mPayPal order creation successful: [33m201[39m

[90mstdout[2m | tests/integration/paypal.orders.test.js[2m > [22m[2mPayPal Payment Endpoints[2m > [22m[2mPOST /orders - Order Creation (PAY-01)[2m > [22m[2mshould process cart with multiple items
[22m[39mCreating PayPal order with cart: [
  {
    "name": "Silver Necklace",
    "unit_amount": {
      "value": "75.00",
      "currency_code": "USD"
    },
    "quantity": "2"
  },
  {
    "name": "Gold Earrings",
    "unit_amount": {
      "value": "150.00",
      "currency_code": "USD"
    },
    "quantity": "1"
  },
  {
    "name": "Pearl Bracelet",
    "unit_amount": {
      "value": "90.00",
      "currency_code": "USD"
    },
    "quantity": "1"
  }
]
shopping cart information passed from the frontend createOrder() callback: [
  {
    name: [32m'Silver Necklace'[39m,
    unit_amount: { value: [32m'75.00'[39m, currency_code: [32m'USD'[39m },
    quantity: [32m'2'[39m
  },
  {
    name: [32m'Gold Earrings'[39m,
    unit_amount: { value: [32m'150.00'[39m, currency_code: [32m'USD'[39m },
    quantity: [32m'1'[39m
  },
  {
    name: [32m'Pearl Bracelet'[39m,
    unit_amount: { value: [32m'90.00'[39m, currency_code: [32m'USD'[39m },
    quantity: [32m'1'[39m
  }
]
========= PAYPAL AUTH DEBUG =========
Client ID length: [33m21[39m
Client Secret length: [33m25[39m
Base URL: https://api-m.sandbox.paypal.com
Auth token generated. Requesting PayPal access token...
Token URL: https://api-m.sandbox.paypal.com/v1/oauth2/token

[90mstdout[2m | tests/integration/paypal.orders.test.js[2m > [22m[2mPayPal Payment Endpoints[2m > [22m[2mPOST /orders - Order Creation (PAY-01)[2m > [22m[2mshould process cart with multiple items
[22m[39mPayPal token response status: [33m200[39m

[90mstdout[2m | tests/integration/paypal.orders.test.js[2m > [22m[2mPayPal Payment Endpoints[2m > [22m[2mPOST /orders - Order Creation (PAY-01)[2m > [22m[2mshould process cart with multiple items
[22m[39mPayPal access token obtained successfully

[90mstdout[2m | tests/integration/paypal.orders.test.js[2m > [22m[2mPayPal Payment Endpoints[2m > [22m[2mPOST /orders - Order Creation (PAY-01)[2m > [22m[2mshould process cart with multiple items
[22m[39mPayPal access token received: Success
PayPal API URL: https://api-m.sandbox.paypal.com/v2/checkout/orders
PayPal order payload: {
  "intent": "CAPTURE",
  "purchase_units": [
    {
      "amount": {
        "currency_code": "USD",
        "value": "390.00",
        "breakdown": {
          "item_total": {
            "currency_code": "USD",
            "value": "390.00"
          }
        }
      },
      "items": [
        {
          "name": "Silver Necklace",
          "unit_amount": {
            "currency_code": "USD",
            "value": "75.00"
          },
          "quantity": "2"
        },
        {
          "name": "Gold Earrings",
          "unit_amount": {
            "currency_code": "USD",
            "value": "150.00"
          },
          "quantity": "1"
        },
        {
          "name": "Pearl Bracelet",
          "unit_amount": {
            "currency_code": "USD",
            "value": "90.00"
          },
          "quantity": "1"
        }
      ]
    }
  ],
  "application_context": {
    "return_url": "undefined/complete-order",
    "cancel_url": "undefined/html/cart.html",
    "user_action": "PAY_NOW",
    "brand_name": "Tamar Kfir Jewelry"
  }
}

[90mstdout[2m | tests/integration/paypal.orders.test.js[2m > [22m[2mPayPal Payment Endpoints[2m > [22m[2mPOST /orders - Order Creation (PAY-01)[2m > [22m[2mshould process cart with multiple items
[22m[39mPayPal order creation successful: [33m201[39m

[90mstdout[2m | tests/integration/paypal.orders.test.js[2m > [22m[2mPayPal Payment Endpoints[2m > [22m[2mPOST /orders - Order Creation (PAY-01)[2m > [22m[2mshould handle USD currency correctly
[22m[39mCreating PayPal order with cart: [
  {
    "name": "Diamond Ring",
    "unit_amount": {
      "value": "500.00",
      "currency_code": "USD"
    },
    "quantity": "1"
  }
]
shopping cart information passed from the frontend createOrder() callback: [
  {
    name: [32m'Diamond Ring'[39m,
    unit_amount: { value: [32m'500.00'[39m, currency_code: [32m'USD'[39m },
    quantity: [32m'1'[39m
  }
]
========= PAYPAL AUTH DEBUG =========
Client ID length: [33m21[39m
Client Secret length: [33m25[39m
Base URL: https://api-m.sandbox.paypal.com
Auth token generated. Requesting PayPal access token...
Token URL: https://api-m.sandbox.paypal.com/v1/oauth2/token

[90mstderr[2m | tests/integration/auth.admin.test.js[2m > [22m[2mrequireAdmin middleware[2m > [22m[2mAdmin access (200)[2m > [22m[2mshould allow admin user to access admin routes
[22m[39mError in reorder endpoint: CastError: Cast to ObjectId failed for value "1" (type number) at path "_id" for model "Product"
    at SchemaObjectId.cast [90m(C:\Users\pagis\OneDrive\WebDev\Projects\Online\backend\[39mnode_modules\[4mmongoose[24m\lib\schema\objectId.js:251:11[90m)[39m
    at SchemaObjectId.SchemaType.applySetters [90m(C:\Users\pagis\OneDrive\WebDev\Projects\Online\backend\[39mnode_modules\[4mmongoose[24m\lib\schemaType.js:1255:12[90m)[39m
    at SchemaObjectId.SchemaType.castForQuery [90m(C:\Users\pagis\OneDrive\WebDev\Projects\Online\backend\[39mnode_modules\[4mmongoose[24m\lib\schemaType.js:1673:17[90m)[39m
    at [90mC:\Users\pagis\OneDrive\WebDev\Projects\Online\backend\[39mnode_modules\[4mmongoose[24m\lib\schemaType.js:1634:18
    at Array.map (<anonymous>)
    at SchemaObjectId.handle$in [90m(C:\Users\pagis\OneDrive\WebDev\Projects\Online\backend\[39mnode_modules\[4mmongoose[24m\lib\schemaType.js:1630:14[90m)[39m
    at SchemaObjectId.SchemaType.castForQuery [90m(C:\Users\pagis\OneDrive\WebDev\Projects\Online\backend\[39mnode_modules\[4mmongoose[24m\lib\schemaType.js:1669:20[90m)[39m
    at cast [90m(C:\Users\pagis\OneDrive\WebDev\Projects\Online\backend\[39mnode_modules\[4mmongoose[24m\lib\cast.js:367:39[90m)[39m
    at model.Query.Query.cast [90m(C:\Users\pagis\OneDrive\WebDev\Projects\Online\backend\[39mnode_modules\[4mmongoose[24m\lib\query.js:4999:12[90m)[39m
    at model.Query.Query._castConditions [90m(C:\Users\pagis\OneDrive\WebDev\Projects\Online\backend\[39mnode_modules\[4mmongoose[24m\lib\query.js:2325:10[90m)[39m {
  stringValue: [32m'"1"'[39m,
  messageFormat: [90mundefined[39m,
  kind: [32m'ObjectId'[39m,
  value: [33m1[39m,
  path: [32m'_id'[39m,
  reason: BSONError: input must be a 24 character hex string, 12 byte Uint8Array, or an integer
      at new ObjectId [90m(C:\Users\pagis\OneDrive\WebDev\Projects\Online\backend\[39mnode_modules\[4mbson[24m\lib\bson.cjs:2523:23[90m)[39m
      at castObjectId [90m(C:\Users\pagis\OneDrive\WebDev\Projects\Online\backend\[39mnode_modules\[4mmongoose[24m\lib\cast\objectid.js:25:12[90m)[39m
      at SchemaObjectId.cast [90m(C:\Users\pagis\OneDrive\WebDev\Projects\Online\backend\[39mnode_modules\[4mmongoose[24m\lib\schema\objectId.js:249:12[90m)[39m
      at SchemaObjectId.SchemaType.applySetters [90m(C:\Users\pagis\OneDrive\WebDev\Projects\Online\backend\[39mnode_modules\[4mmongoose[24m\lib\schemaType.js:1255:12[90m)[39m
      at SchemaObjectId.SchemaType.castForQuery [90m(C:\Users\pagis\OneDrive\WebDev\Projects\Online\backend\[39mnode_modules\[4mmongoose[24m\lib\schemaType.js:1673:17[90m)[39m
      at [90mC:\Users\pagis\OneDrive\WebDev\Projects\Online\backend\[39mnode_modules\[4mmongoose[24m\lib\schemaType.js:1634:18
      at Array.map (<anonymous>)
      at SchemaObjectId.handle$in [90m(C:\Users\pagis\OneDrive\WebDev\Projects\Online\backend\[39mnode_modules\[4mmongoose[24m\lib\schemaType.js:1630:14[90m)[39m
      at SchemaObjectId.SchemaType.castForQuery [90m(C:\Users\pagis\OneDrive\WebDev\Projects\Online\backend\[39mnode_modules\[4mmongoose[24m\lib\schemaType.js:1669:20[90m)[39m
      at cast [90m(C:\Users\pagis\OneDrive\WebDev\Projects\Online\backend\[39mnode_modules\[4mmongoose[24m\lib\cast.js:367:39[90m)[39m,
  valueType: [32m'number'[39m
}

[90mstdout[2m | tests/integration/paypal.orders.test.js[2m > [22m[2mPayPal Payment Endpoints[2m > [22m[2mPOST /orders - Order Creation (PAY-01)[2m > [22m[2mshould handle USD currency correctly
[22m[39mPayPal token response status: [33m200[39m

[90mstdout[2m | tests/integration/paypal.orders.test.js[2m > [22m[2mPayPal Payment Endpoints[2m > [22m[2mPOST /orders - Order Creation (PAY-01)[2m > [22m[2mshould handle USD currency correctly
[22m[39mPayPal access token obtained successfully

[90mstdout[2m | tests/integration/paypal.orders.test.js[2m > [22m[2mPayPal Payment Endpoints[2m > [22m[2mPOST /orders - Order Creation (PAY-01)[2m > [22m[2mshould handle USD currency correctly
[22m[39mPayPal access token received: Success
PayPal API URL: https://api-m.sandbox.paypal.com/v2/checkout/orders
PayPal order payload: {
  "intent": "CAPTURE",
  "purchase_units": [
    {
      "amount": {
        "currency_code": "USD",
        "value": "500.00",
        "breakdown": {
          "item_total": {
            "currency_code": "USD",
            "value": "500.00"
          }
        }
      },
      "items": [
        {
          "name": "Diamond Ring",
          "unit_amount": {
            "currency_code": "USD",
            "value": "500.00"
          },
          "quantity": "1"
        }
      ]
    }
  ],
  "application_context": {
    "return_url": "undefined/complete-order",
    "cancel_url": "undefined/html/cart.html",
    "user_action": "PAY_NOW",
    "brand_name": "Tamar Kfir Jewelry"
  }
}

[90mstdout[2m | tests/integration/paypal.orders.test.js[2m > [22m[2mPayPal Payment Endpoints[2m > [22m[2mPOST /orders - Order Creation (PAY-01)[2m > [22m[2mshould handle USD currency correctly
[22m[39mPayPal order creation successful: [33m201[39m

[90mstdout[2m | tests/integration/paypal.orders.test.js[2m > [22m[2mPayPal Payment Endpoints[2m > [22m[2mPOST /orders - Order Creation (PAY-01)[2m > [22m[2mshould handle ILS currency correctly
[22m[39mCreating PayPal order with cart: [
  {
    "name": "Silver Pendant",
    "unit_amount": {
      "value": "280.00",
      "currency_code": "ILS"
    },
    "quantity": "1"
  }
]
shopping cart information passed from the frontend createOrder() callback: [
  {
    name: [32m'Silver Pendant'[39m,
    unit_amount: { value: [32m'280.00'[39m, currency_code: [32m'ILS'[39m },
    quantity: [32m'1'[39m
  }
]
========= PAYPAL AUTH DEBUG =========
Client ID length: [33m21[39m
Client Secret length: [33m25[39m
Base URL: https://api-m.sandbox.paypal.com
Auth token generated. Requesting PayPal access token...
Token URL: https://api-m.sandbox.paypal.com/v1/oauth2/token

[90mstdout[2m | tests/integration/paypal.orders.test.js[2m > [22m[2mPayPal Payment Endpoints[2m > [22m[2mPOST /orders - Order Creation (PAY-01)[2m > [22m[2mshould handle ILS currency correctly
[22m[39mPayPal token response status: [33m200[39m

[90mstdout[2m | tests/integration/paypal.orders.test.js[2m > [22m[2mPayPal Payment Endpoints[2m > [22m[2mPOST /orders - Order Creation (PAY-01)[2m > [22m[2mshould handle ILS currency correctly
[22m[39mPayPal access token obtained successfully

[90mstdout[2m | tests/integration/paypal.orders.test.js[2m > [22m[2mPayPal Payment Endpoints[2m > [22m[2mPOST /orders - Order Creation (PAY-01)[2m > [22m[2mshould handle ILS currency correctly
[22m[39mPayPal access token received: Success
PayPal API URL: https://api-m.sandbox.paypal.com/v2/checkout/orders
PayPal order payload: {
  "intent": "CAPTURE",
  "purchase_units": [
    {
      "amount": {
        "currency_code": "ILS",
        "value": "280.00",
        "breakdown": {
          "item_total": {
            "currency_code": "ILS",
            "value": "280.00"
          }
        }
      },
      "items": [
        {
          "name": "Silver Pendant",
          "unit_amount": {
            "currency_code": "ILS",
            "value": "280.00"
          },
          "quantity": "1"
        }
      ]
    }
  ],
  "application_context": {
    "return_url": "undefined/complete-order",
    "cancel_url": "undefined/html/cart.html",
    "user_action": "PAY_NOW",
    "brand_name": "Tamar Kfir Jewelry"
  }
}

[90mstdout[2m | tests/integration/paypal.orders.test.js[2m > [22m[2mPayPal Payment Endpoints[2m > [22m[2mPOST /orders - Order Creation (PAY-01)[2m > [22m[2mshould handle ILS currency correctly
[22m[39mPayPal order creation successful: [33m201[39m

[90mstdout[2m | tests/integration/paypal.orders.test.js[2m > [22m[2mPayPal Payment Endpoints[2m > [22m[2mPOST /orders - Validation Errors (PAY-11 partial)[2m > [22m[2mshould return 400 for cart item missing name
[22m[39mCreating PayPal order with cart: [
  {
    "unit_amount": {
      "value": "75.00",
      "currency_code": "USD"
    },
    "quantity": "1"
  }
]
shopping cart information passed from the frontend createOrder() callback: [
  {
    unit_amount: { value: [32m'75.00'[39m, currency_code: [32m'USD'[39m },
    quantity: [32m'1'[39m
  }
]
========= PAYPAL AUTH DEBUG =========
Client ID length: [33m21[39m
Client Secret length: [33m25[39m
Base URL: https://api-m.sandbox.paypal.com
Auth token generated. Requesting PayPal access token...
Token URL: https://api-m.sandbox.paypal.com/v1/oauth2/token

[90mstdout[2m | tests/integration/paypal.orders.test.js[2m > [22m[2mPayPal Payment Endpoints[2m > [22m[2mPOST /orders - Validation Errors (PAY-11 partial)[2m > [22m[2mshould return 400 for cart item missing name
[22m[39mPayPal token response status: [33m200[39m

[90mstdout[2m | tests/integration/paypal.orders.test.js[2m > [22m[2mPayPal Payment Endpoints[2m > [22m[2mPOST /orders - Validation Errors (PAY-11 partial)[2m > [22m[2mshould return 400 for cart item missing name
[22m[39mPayPal access token obtained successfully

[90mstdout[2m | tests/integration/paypal.orders.test.js[2m > [22m[2mPayPal Payment Endpoints[2m > [22m[2mPOST /orders - Validation Errors (PAY-11 partial)[2m > [22m[2mshould return 400 for cart item missing name
[22m[39mPayPal access token received: Success
PayPal API URL: https://api-m.sandbox.paypal.com/v2/checkout/orders
PayPal order payload: {
  "intent": "CAPTURE",
  "purchase_units": [
    {
      "amount": {
        "currency_code": "USD",
        "value": "75.00",
        "breakdown": {
          "item_total": {
            "currency_code": "USD",
            "value": "75.00"
          }
        }
      },
      "items": [
        {
          "unit_amount": {
            "currency_code": "USD",
            "value": "75.00"
          },
          "quantity": "1"
        }
      ]
    }
  ],
  "application_context": {
    "return_url": "undefined/complete-order",
    "cancel_url": "undefined/html/cart.html",
    "user_action": "PAY_NOW",
    "brand_name": "Tamar Kfir Jewelry"
  }
}

[90mstderr[2m | tests/integration/paypal.orders.test.js[2m > [22m[2mPayPal Payment Endpoints[2m > [22m[2mPOST /orders - Validation Errors (PAY-11 partial)[2m > [22m[2mshould return 400 for cart item missing name
[22m[39mError creating PayPal order: Error: Nock: No match for request {
  "method": "POST",
  "url": "https://api-m.sandbox.paypal.com/v2/checkout/orders",
  "headers": {
    "authorization": "Bearer test-token",
    "content-type": "application/json"
  },
  "body": "{\"intent\":\"CAPTURE\",\"purchase_units\":[{\"amount\":{\"currency_code\":\"USD\",\"value\":\"75.00\",\"breakdown\":{\"item_total\":{\"currency_code\":\"USD\",\"value\":\"75.00\"}}},\"items\":[{\"unit_amount\":{\"currency_code\":\"USD\",\"value\":\"75.00\"},\"quantity\":\"1\"}]}],\"application_context\":{\"return_url\":\"undefined/complete-order\",\"cancel_url\":\"undefined/html/cart.html\",\"user_action\":\"PAY_NOW\",\"brand_name\":\"Tamar Kfir Jewelry\"}}"
}
    at InterceptedRequestRouter.startPlayback [90m(C:\Users\pagis\OneDrive\WebDev\Projects\Online\backend\[39mnode_modules\[4mnock[24m\lib\intercepted_request_router.js:334:21[90m)[39m
    at InterceptedRequestRouter.maybeStartPlayback [90m(C:\Users\pagis\OneDrive\WebDev\Projects\Online\backend\[39mnode_modules\[4mnock[24m\lib\intercepted_request_router.js:263:12[90m)[39m
    at InterceptedRequestRouter.connectSocket [90m(C:\Users\pagis\OneDrive\WebDev\Projects\Online\backend\[39mnode_modules\[4mnock[24m\lib\intercepted_request_router.js:135:12[90m)[39m
    at [90mC:\Users\pagis\OneDrive\WebDev\Projects\Online\backend\[39mnode_modules\[4mnock[24m\lib\intercepted_request_router.js:73:33
[90m    at processTicksAndRejections (node:internal/process/task_queues:85:11)[39m {
  code: [32m'ERR_NOCK_NO_MATCH'[39m,
  status: [33m404[39m,
  statusCode: [33m404[39m
}

[90mstderr[2m | tests/integration/paypal.orders.test.js[2m > [22m[2mPayPal Payment Endpoints[2m > [22m[2mPOST /orders - Validation Errors (PAY-11 partial)[2m > [22m[2mshould return 400 for cart item missing name
[22m[39mFailed to create PayPal order: ERR_NOCK_NO_MATCH

[90mstdout[2m | tests/integration/paypal.orders.test.js[2m > [22m[2mPayPal Payment Endpoints[2m > [22m[2mPOST /orders - Validation Errors (PAY-11 partial)[2m > [22m[2mshould return 400 for cart item with invalid amount
[22m[39mCreating PayPal order with cart: [
  {
    "name": "Test Product",
    "unit_amount": {
      "value": "-50.00",
      "currency_code": "USD"
    },
    "quantity": "1"
  }
]
shopping cart information passed from the frontend createOrder() callback: [
  {
    name: [32m'Test Product'[39m,
    unit_amount: { value: [32m'-50.00'[39m, currency_code: [32m'USD'[39m },
    quantity: [32m'1'[39m
  }
]
========= PAYPAL AUTH DEBUG =========
Client ID length: [33m21[39m
Client Secret length: [33m25[39m
Base URL: https://api-m.sandbox.paypal.com
Auth token generated. Requesting PayPal access token...
Token URL: https://api-m.sandbox.paypal.com/v1/oauth2/token

[90mstdout[2m | tests/integration/paypal.orders.test.js[2m > [22m[2mPayPal Payment Endpoints[2m > [22m[2mPOST /orders - Validation Errors (PAY-11 partial)[2m > [22m[2mshould return 400 for cart item with invalid amount
[22m[39mPayPal token response status: [33m200[39m

[90mstdout[2m | tests/integration/paypal.orders.test.js[2m > [22m[2mPayPal Payment Endpoints[2m > [22m[2mPOST /orders - Validation Errors (PAY-11 partial)[2m > [22m[2mshould return 400 for cart item with invalid amount
[22m[39mPayPal access token obtained successfully

[90mstdout[2m | tests/integration/paypal.orders.test.js[2m > [22m[2mPayPal Payment Endpoints[2m > [22m[2mPOST /orders - Validation Errors (PAY-11 partial)[2m > [22m[2mshould return 400 for cart item with invalid amount
[22m[39mPayPal access token received: Success
PayPal API URL: https://api-m.sandbox.paypal.com/v2/checkout/orders
PayPal order payload: {
  "intent": "CAPTURE",
  "purchase_units": [
    {
      "amount": {
        "currency_code": "USD",
        "value": "-50.00",
        "breakdown": {
          "item_total": {
            "currency_code": "USD",
            "value": "-50.00"
          }
        }
      },
      "items": [
        {
          "name": "Test Product",
          "unit_amount": {
            "currency_code": "USD",
            "value": "-50.00"
          },
          "quantity": "1"
        }
      ]
    }
  ],
  "application_context": {
    "return_url": "undefined/complete-order",
    "cancel_url": "undefined/html/cart.html",
    "user_action": "PAY_NOW",
    "brand_name": "Tamar Kfir Jewelry"
  }
}

[90mstderr[2m | tests/integration/paypal.orders.test.js[2m > [22m[2mPayPal Payment Endpoints[2m > [22m[2mPOST /orders - Validation Errors (PAY-11 partial)[2m > [22m[2mshould return 400 for cart item with invalid amount
[22m[39mError creating PayPal order: Error: Nock: No match for request {
  "method": "POST",
  "url": "https://api-m.sandbox.paypal.com/v2/checkout/orders",
  "headers": {
    "authorization": "Bearer test-token",
    "content-type": "application/json"
  },
  "body": "{\"intent\":\"CAPTURE\",\"purchase_units\":[{\"amount\":{\"currency_code\":\"USD\",\"value\":\"-50.00\",\"breakdown\":{\"item_total\":{\"currency_code\":\"USD\",\"value\":\"-50.00\"}}},\"items\":[{\"name\":\"Test Product\",\"unit_amount\":{\"currency_code\":\"USD\",\"value\":\"-50.00\"},\"quantity\":\"1\"}]}],\"application_context\":{\"return_url\":\"undefined/complete-order\",\"cancel_url\":\"undefined/html/cart.html\",\"user_action\":\"PAY_NOW\",\"brand_name\":\"Tamar Kfir Jewelry\"}}"
}
    at InterceptedRequestRouter.startPlayback [90m(C:\Users\pagis\OneDrive\WebDev\Projects\Online\backend\[39mnode_modules\[4mnock[24m\lib\intercepted_request_router.js:334:21[90m)[39m
    at InterceptedRequestRouter.maybeStartPlayback [90m(C:\Users\pagis\OneDrive\WebDev\Projects\Online\backend\[39mnode_modules\[4mnock[24m\lib\intercepted_request_router.js:263:12[90m)[39m
    at InterceptedRequestRouter.connectSocket [90m(C:\Users\pagis\OneDrive\WebDev\Projects\Online\backend\[39mnode_modules\[4mnock[24m\lib\intercepted_request_router.js:135:12[90m)[39m
    at [90mC:\Users\pagis\OneDrive\WebDev\Projects\Online\backend\[39mnode_modules\[4mnock[24m\lib\intercepted_request_router.js:73:33
[90m    at processTicksAndRejections (node:internal/process/task_queues:85:11)[39m {
  code: [32m'ERR_NOCK_NO_MATCH'[39m,
  status: [33m404[39m,
  statusCode: [33m404[39m
}

[90mstderr[2m | tests/integration/paypal.orders.test.js[2m > [22m[2mPayPal Payment Endpoints[2m > [22m[2mPOST /orders - Validation Errors (PAY-11 partial)[2m > [22m[2mshould return 400 for cart item with invalid amount
[22m[39mFailed to create PayPal order: ERR_NOCK_NO_MATCH

[90mstdout[2m | tests/integration/paypal.orders.test.js[2m > [22m[2mPayPal Payment Endpoints[2m > [22m[2mPOST /orders - PayPal API Errors (PAY-04)[2m > [22m[2mshould return 400 for PayPal INVALID_REQUEST error
[22m[39mCreating PayPal order with cart: [
  {
    "name": "Test Product",
    "unit_amount": {
      "value": "50.00",
      "currency_code": "USD"
    },
    "quantity": "1"
  }
]
shopping cart information passed from the frontend createOrder() callback: [
  {
    name: [32m'Test Product'[39m,
    unit_amount: { value: [32m'50.00'[39m, currency_code: [32m'USD'[39m },
    quantity: [32m'1'[39m
  }
]
========= PAYPAL AUTH DEBUG =========
Client ID length: [33m21[39m
Client Secret length: [33m25[39m
Base URL: https://api-m.sandbox.paypal.com
Auth token generated. Requesting PayPal access token...
Token URL: https://api-m.sandbox.paypal.com/v1/oauth2/token

[90mstdout[2m | tests/integration/paypal.orders.test.js[2m > [22m[2mPayPal Payment Endpoints[2m > [22m[2mPOST /orders - PayPal API Errors (PAY-04)[2m > [22m[2mshould return 400 for PayPal INVALID_REQUEST error
[22m[39mPayPal token response status: [33m200[39m

[90mstdout[2m | tests/integration/paypal.orders.test.js[2m > [22m[2mPayPal Payment Endpoints[2m > [22m[2mPOST /orders - PayPal API Errors (PAY-04)[2m > [22m[2mshould return 400 for PayPal INVALID_REQUEST error
[22m[39mPayPal access token obtained successfully

[90mstdout[2m | tests/integration/paypal.orders.test.js[2m > [22m[2mPayPal Payment Endpoints[2m > [22m[2mPOST /orders - PayPal API Errors (PAY-04)[2m > [22m[2mshould return 400 for PayPal INVALID_REQUEST error
[22m[39mPayPal access token received: Success
PayPal API URL: https://api-m.sandbox.paypal.com/v2/checkout/orders
PayPal order payload: {
  "intent": "CAPTURE",
  "purchase_units": [
    {
      "amount": {
        "currency_code": "USD",
        "value": "50.00",
        "breakdown": {
          "item_total": {
            "currency_code": "USD",
            "value": "50.00"
          }
        }
      },
      "items": [
        {
          "name": "Test Product",
          "unit_amount": {
            "currency_code": "USD",
            "value": "50.00"
          },
          "quantity": "1"
        }
      ]
    }
  ],
  "application_context": {
    "return_url": "undefined/complete-order",
    "cancel_url": "undefined/html/cart.html",
    "user_action": "PAY_NOW",
    "brand_name": "Tamar Kfir Jewelry"
  }
}

[90mstderr[2m | tests/integration/paypal.orders.test.js[2m > [22m[2mPayPal Payment Endpoints[2m > [22m[2mPOST /orders - PayPal API Errors (PAY-04)[2m > [22m[2mshould return 400 for PayPal INVALID_REQUEST error
[22m[39mPayPal API error: {
  httpStatusCode: [33m400[39m,
  debugId: [32m'debug-400-abc'[39m,
  firstIssue: [32m'MISSING_REQUIRED_PARAMETER'[39m
}
PayPal API error full body: [33m400[39m {
  name: [32m'INVALID_REQUEST'[39m,
  message: [32m'Request is not well-formed, syntactically incorrect, or violates schema.'[39m,
  debug_id: [32m'debug-400-abc'[39m,
  details: [
    {
      issue: [32m'MISSING_REQUIRED_PARAMETER'[39m,
      description: [32m'A required field is missing.'[39m
    }
  ]
}

[90mstderr[2m | tests/integration/paypal.orders.test.js[2m > [22m[2mPayPal Payment Endpoints[2m > [22m[2mPOST /orders - PayPal API Errors (PAY-04)[2m > [22m[2mshould return 400 for PayPal INVALID_REQUEST error
[22m[39mFailed to create PayPal order: PAYPAL_API_ERROR

[90mstdout[2m | tests/integration/paypal.orders.test.js[2m > [22m[2mPayPal Payment Endpoints[2m > [22m[2mPOST /orders - PayPal API Errors (PAY-04)[2m > [22m[2mshould return 422 for PayPal UNPROCESSABLE_ENTITY
[22m[39mCreating PayPal order with cart: [
  {
    "name": "Test Product",
    "unit_amount": {
      "value": "50.00",
      "currency_code": "USD"
    },
    "quantity": "1"
  }
]
shopping cart information passed from the frontend createOrder() callback: [
  {
    name: [32m'Test Product'[39m,
    unit_amount: { value: [32m'50.00'[39m, currency_code: [32m'USD'[39m },
    quantity: [32m'1'[39m
  }
]
========= PAYPAL AUTH DEBUG =========
Client ID length: [33m21[39m
Client Secret length: [33m25[39m
Base URL: https://api-m.sandbox.paypal.com
Auth token generated. Requesting PayPal access token...
Token URL: https://api-m.sandbox.paypal.com/v1/oauth2/token

[90mstdout[2m | tests/integration/paypal.orders.test.js[2m > [22m[2mPayPal Payment Endpoints[2m > [22m[2mPOST /orders - PayPal API Errors (PAY-04)[2m > [22m[2mshould return 422 for PayPal UNPROCESSABLE_ENTITY
[22m[39mPayPal token response status: [33m200[39m

[90mstdout[2m | tests/integration/paypal.orders.test.js[2m > [22m[2mPayPal Payment Endpoints[2m > [22m[2mPOST /orders - PayPal API Errors (PAY-04)[2m > [22m[2mshould return 422 for PayPal UNPROCESSABLE_ENTITY
[22m[39mPayPal access token obtained successfully

[90mstdout[2m | tests/integration/paypal.orders.test.js[2m > [22m[2mPayPal Payment Endpoints[2m > [22m[2mPOST /orders - PayPal API Errors (PAY-04)[2m > [22m[2mshould return 422 for PayPal UNPROCESSABLE_ENTITY
[22m[39mPayPal access token received: Success
PayPal API URL: https://api-m.sandbox.paypal.com/v2/checkout/orders
PayPal order payload: {
  "intent": "CAPTURE",
  "purchase_units": [
    {
      "amount": {
        "currency_code": "USD",
        "value": "50.00",
        "breakdown": {
          "item_total": {
            "currency_code": "USD",
            "value": "50.00"
          }
        }
      },
      "items": [
        {
          "name": "Test Product",
          "unit_amount": {
            "currency_code": "USD",
            "value": "50.00"
          },
          "quantity": "1"
        }
      ]
    }
  ],
  "application_context": {
    "return_url": "undefined/complete-order",
    "cancel_url": "undefined/html/cart.html",
    "user_action": "PAY_NOW",
    "brand_name": "Tamar Kfir Jewelry"
  }
}

[90mstderr[2m | tests/integration/paypal.orders.test.js[2m > [22m[2mPayPal Payment Endpoints[2m > [22m[2mPOST /orders - PayPal API Errors (PAY-04)[2m > [22m[2mshould return 422 for PayPal UNPROCESSABLE_ENTITY
[22m[39mPayPal API error: {
  httpStatusCode: [33m422[39m,
  debugId: [32m'debug-422-xyz'[39m,
  firstIssue: [32m'INVALID_CURRENCY_CODE'[39m
}
PayPal API error full body: [33m422[39m {
  name: [32m'UNPROCESSABLE_ENTITY'[39m,
  message: [32m'The requested action could not be performed.'[39m,
  debug_id: [32m'debug-422-xyz'[39m,
  details: [
    {
      issue: [32m'INVALID_CURRENCY_CODE'[39m,
      description: [32m'Currency code is invalid.'[39m
    }
  ]
}

[90mstderr[2m | tests/integration/paypal.orders.test.js[2m > [22m[2mPayPal Payment Endpoints[2m > [22m[2mPOST /orders - PayPal API Errors (PAY-04)[2m > [22m[2mshould return 422 for PayPal UNPROCESSABLE_ENTITY
[22m[39mFailed to create PayPal order: PAYPAL_API_ERROR

[90mstdout[2m | tests/integration/paypal.orders.test.js[2m > [22m[2mPayPal Payment Endpoints[2m > [22m[2mPOST /orders - PayPal API Errors (PAY-04)[2m > [22m[2mshould return 502 for PayPal 500 server error
[22m[39mCreating PayPal order with cart: [
  {
    "name": "Test Product",
    "unit_amount": {
      "value": "50.00",
      "currency_code": "USD"
    },
    "quantity": "1"
  }
]
shopping cart information passed from the frontend createOrder() callback: [
  {
    name: [32m'Test Product'[39m,
    unit_amount: { value: [32m'50.00'[39m, currency_code: [32m'USD'[39m },
    quantity: [32m'1'[39m
  }
]
========= PAYPAL AUTH DEBUG =========
Client ID length: [33m21[39m
Client Secret length: [33m25[39m
Base URL: https://api-m.sandbox.paypal.com
Auth token generated. Requesting PayPal access token...
Token URL: https://api-m.sandbox.paypal.com/v1/oauth2/token

[90mstdout[2m | tests/integration/paypal.orders.test.js[2m > [22m[2mPayPal Payment Endpoints[2m > [22m[2mPOST /orders - PayPal API Errors (PAY-04)[2m > [22m[2mshould return 502 for PayPal 500 server error
[22m[39mPayPal token response status: [33m200[39m

[90mstdout[2m | tests/integration/paypal.orders.test.js[2m > [22m[2mPayPal Payment Endpoints[2m > [22m[2mPOST /orders - PayPal API Errors (PAY-04)[2m > [22m[2mshould return 502 for PayPal 500 server error
[22m[39mPayPal access token obtained successfully

[90mstdout[2m | tests/integration/paypal.orders.test.js[2m > [22m[2mPayPal Payment Endpoints[2m > [22m[2mPOST /orders - PayPal API Errors (PAY-04)[2m > [22m[2mshould return 502 for PayPal 500 server error
[22m[39mPayPal access token received: Success
PayPal API URL: https://api-m.sandbox.paypal.com/v2/checkout/orders
PayPal order payload: {
  "intent": "CAPTURE",
  "purchase_units": [
    {
      "amount": {
        "currency_code": "USD",
        "value": "50.00",
        "breakdown": {
          "item_total": {
            "currency_code": "USD",
            "value": "50.00"
          }
        }
      },
      "items": [
        {
          "name": "Test Product",
          "unit_amount": {
            "currency_code": "USD",
            "value": "50.00"
          },
          "quantity": "1"
        }
      ]
    }
  ],
  "application_context": {
    "return_url": "undefined/complete-order",
    "cancel_url": "undefined/html/cart.html",
    "user_action": "PAY_NOW",
    "brand_name": "Tamar Kfir Jewelry"
  }
}

[90mstderr[2m | tests/integration/paypal.orders.test.js[2m > [22m[2mPayPal Payment Endpoints[2m > [22m[2mPOST /orders - PayPal API Errors (PAY-04)[2m > [22m[2mshould return 502 for PayPal 500 server error
[22m[39mPayPal API error: { httpStatusCode: [33m500[39m, debugId: [32m'debug-500-err'[39m, firstIssue: [1mnull[22m }
PayPal API error full body: [33m500[39m {
  name: [32m'INTERNAL_SERVER_ERROR'[39m,
  message: [32m'An internal server error has occurred.'[39m,
  debug_id: [32m'debug-500-err'[39m
}

[90mstderr[2m | tests/integration/paypal.orders.test.js[2m > [22m[2mPayPal Payment Endpoints[2m > [22m[2mPOST /orders - PayPal API Errors (PAY-04)[2m > [22m[2mshould return 502 for PayPal 500 server error
[22m[39mFailed to create PayPal order: PAYPAL_API_ERROR

[90mstdout[2m | tests/integration/paypal.orders.test.js[2m > [22m[2mPayPal Payment Endpoints[2m > [22m[2mPOST /orders - PayPal API Errors (PAY-04)[2m > [22m[2mshould include paypalDebugId in error response
[22m[39mCreating PayPal order with cart: [
  {
    "name": "Test Product",
    "unit_amount": {
      "value": "50.00",
      "currency_code": "USD"
    },
    "quantity": "1"
  }
]
shopping cart information passed from the frontend createOrder() callback: [
  {
    name: [32m'Test Product'[39m,
    unit_amount: { value: [32m'50.00'[39m, currency_code: [32m'USD'[39m },
    quantity: [32m'1'[39m
  }
]
========= PAYPAL AUTH DEBUG =========
Client ID length: [33m21[39m
Client Secret length: [33m25[39m
Base URL: https://api-m.sandbox.paypal.com
Auth token generated. Requesting PayPal access token...
Token URL: https://api-m.sandbox.paypal.com/v1/oauth2/token

[90mstdout[2m | tests/integration/paypal.orders.test.js[2m > [22m[2mPayPal Payment Endpoints[2m > [22m[2mPOST /orders - PayPal API Errors (PAY-04)[2m > [22m[2mshould include paypalDebugId in error response
[22m[39mPayPal token response status: [33m200[39m

[90mstdout[2m | tests/integration/paypal.orders.test.js[2m > [22m[2mPayPal Payment Endpoints[2m > [22m[2mPOST /orders - PayPal API Errors (PAY-04)[2m > [22m[2mshould include paypalDebugId in error response
[22m[39mPayPal access token obtained successfully

[90mstdout[2m | tests/integration/paypal.orders.test.js[2m > [22m[2mPayPal Payment Endpoints[2m > [22m[2mPOST /orders - PayPal API Errors (PAY-04)[2m > [22m[2mshould include paypalDebugId in error response
[22m[39mPayPal access token received: Success
PayPal API URL: https://api-m.sandbox.paypal.com/v2/checkout/orders
PayPal order payload: {
  "intent": "CAPTURE",
  "purchase_units": [
    {
      "amount": {
        "currency_code": "USD",
        "value": "50.00",
        "breakdown": {
          "item_total": {
            "currency_code": "USD",
            "value": "50.00"
          }
        }
      },
      "items": [
        {
          "name": "Test Product",
          "unit_amount": {
            "currency_code": "USD",
            "value": "50.00"
          },
          "quantity": "1"
        }
      ]
    }
  ],
  "application_context": {
    "return_url": "undefined/complete-order",
    "cancel_url": "undefined/html/cart.html",
    "user_action": "PAY_NOW",
    "brand_name": "Tamar Kfir Jewelry"
  }
}

[90mstderr[2m | tests/integration/paypal.orders.test.js[2m > [22m[2mPayPal Payment Endpoints[2m > [22m[2mPOST /orders - PayPal API Errors (PAY-04)[2m > [22m[2mshould include paypalDebugId in error response
[22m[39mPayPal API error: {
  httpStatusCode: [33m400[39m,
  debugId: [32m'unique-debug-id-123'[39m,
  firstIssue: [1mnull[22m
}
PayPal API error full body: [33m400[39m {
  name: [32m'INVALID_REQUEST'[39m,
  message: [32m'Test error'[39m,
  debug_id: [32m'unique-debug-id-123'[39m
}

[90mstderr[2m | tests/integration/paypal.orders.test.js[2m > [22m[2mPayPal Payment Endpoints[2m > [22m[2mPOST /orders - PayPal API Errors (PAY-04)[2m > [22m[2mshould include paypalDebugId in error response
[22m[39mFailed to create PayPal order: PAYPAL_API_ERROR

[90mstdout[2m | tests/integration/paypal.orders.test.js[2m > [22m[2mPayPal Payment Endpoints[2m > [22m[2mPOST /orders - PayPal API Errors (PAY-04)[2m > [22m[2mshould include paypalDetails in dev mode
[22m[39mCreating PayPal order with cart: [
  {
    "name": "Test Product",
    "unit_amount": {
      "value": "50.00",
      "currency_code": "USD"
    },
    "quantity": "1"
  }
]
shopping cart information passed from the frontend createOrder() callback: [
  {
    name: [32m'Test Product'[39m,
    unit_amount: { value: [32m'50.00'[39m, currency_code: [32m'USD'[39m },
    quantity: [32m'1'[39m
  }
]
========= PAYPAL AUTH DEBUG =========
Client ID length: [33m21[39m
Client Secret length: [33m25[39m
Base URL: https://api-m.sandbox.paypal.com
Auth token generated. Requesting PayPal access token...
Token URL: https://api-m.sandbox.paypal.com/v1/oauth2/token

[90mstdout[2m | tests/integration/paypal.orders.test.js[2m > [22m[2mPayPal Payment Endpoints[2m > [22m[2mPOST /orders - PayPal API Errors (PAY-04)[2m > [22m[2mshould include paypalDetails in dev mode
[22m[39mPayPal token response status: [33m200[39m

[90mstdout[2m | tests/integration/paypal.orders.test.js[2m > [22m[2mPayPal Payment Endpoints[2m > [22m[2mPOST /orders - PayPal API Errors (PAY-04)[2m > [22m[2mshould include paypalDetails in dev mode
[22m[39mPayPal access token obtained successfully

[90mstdout[2m | tests/integration/paypal.orders.test.js[2m > [22m[2mPayPal Payment Endpoints[2m > [22m[2mPOST /orders - PayPal API Errors (PAY-04)[2m > [22m[2mshould include paypalDetails in dev mode
[22m[39mPayPal access token received: Success
PayPal API URL: https://api-m.sandbox.paypal.com/v2/checkout/orders
PayPal order payload: {
  "intent": "CAPTURE",
  "purchase_units": [
    {
      "amount": {
        "currency_code": "USD",
        "value": "50.00",
        "breakdown": {
          "item_total": {
            "currency_code": "USD",
            "value": "50.00"
          }
        }
      },
      "items": [
        {
          "name": "Test Product",
          "unit_amount": {
            "currency_code": "USD",
            "value": "50.00"
          },
          "quantity": "1"
        }
      ]
    }
  ],
  "application_context": {
    "return_url": "undefined/complete-order",
    "cancel_url": "undefined/html/cart.html",
    "user_action": "PAY_NOW",
    "brand_name": "Tamar Kfir Jewelry"
  }
}

[90mstderr[2m | tests/integration/paypal.orders.test.js[2m > [22m[2mPayPal Payment Endpoints[2m > [22m[2mPOST /orders - PayPal API Errors (PAY-04)[2m > [22m[2mshould include paypalDetails in dev mode
[22m[39mPayPal API error: {
  httpStatusCode: [33m400[39m,
  debugId: [32m'debug-details-123'[39m,
  firstIssue: [32m'SOME_ISSUE'[39m
}
PayPal API error full body: [33m400[39m {
  name: [32m'INVALID_REQUEST'[39m,
  message: [32m'Test error with details'[39m,
  debug_id: [32m'debug-details-123'[39m,
  details: [
    {
      issue: [32m'SOME_ISSUE'[39m,
      description: [32m'Detailed description of the issue'[39m
    }
  ]
}

[90mstderr[2m | tests/integration/paypal.orders.test.js[2m > [22m[2mPayPal Payment Endpoints[2m > [22m[2mPOST /orders - PayPal API Errors (PAY-04)[2m > [22m[2mshould include paypalDetails in dev mode
[22m[39mFailed to create PayPal order: PAYPAL_API_ERROR

[90mstdout[2m | tests/integration/paypal.orders.test.js[2m > [22m[2mPayPal Payment Endpoints[2m > [22m[2mPOST /orders - Timeout Handling (PAY-05)[2m > [22m[2mshould handle PayPal auth token timeout
[22m[39mCreating PayPal order with cart: [
  {
    "name": "Test Product",
    "unit_amount": {
      "value": "50.00",
      "currency_code": "USD"
    },
    "quantity": "1"
  }
]
shopping cart information passed from the frontend createOrder() callback: [
  {
    name: [32m'Test Product'[39m,
    unit_amount: { value: [32m'50.00'[39m, currency_code: [32m'USD'[39m },
    quantity: [32m'1'[39m
  }
]
========= PAYPAL AUTH DEBUG =========
Client ID length: [33m21[39m
Client Secret length: [33m25[39m
Base URL: https://api-m.sandbox.paypal.com
Auth token generated. Requesting PayPal access token...
Token URL: https://api-m.sandbox.paypal.com/v1/oauth2/token

[90mstderr[2m | tests/integration/paypal.orders.test.js[2m > [22m[2mPayPal Payment Endpoints[2m > [22m[2mPOST /orders - Timeout Handling (PAY-05)[2m > [22m[2mshould handle PayPal auth token timeout
[22m[39mFailed to generate Access Token: TypeError: Cannot read properties of undefined (reading 'get')
    at decompressResponse [90m(C:\Users\pagis\OneDrive\WebDev\Projects\Online\backend\[39mnode_modules\[4m@mswjs[24m\interceptors\lib\node\chunk-Z5LWCBZS.js:177:22[90m)[39m
    at Object.onResponse [90m(C:\Users\pagis\OneDrive\WebDev\Projects\Online\backend\[39mnode_modules\[4m@mswjs[24m\interceptors\lib\node\chunk-Z5LWCBZS.js:224:38[90m)[39m
    at handleResponse [90m(C:\Users\pagis\OneDrive\WebDev\Projects\Online\backend\[39mnode_modules\[4m@mswjs[24m\interceptors\lib\node\chunk-72ZIHMEB.js:142:21[90m)[39m
    at handleRequest [90m(C:\Users\pagis\OneDrive\WebDev\Projects\Online\backend\[39mnode_modules\[4m@mswjs[24m\interceptors\lib\node\chunk-72ZIHMEB.js:229:16[90m)[39m
[90m    at processTicksAndRejections (node:internal/process/task_queues:105:5)[39m
    at globalThis.fetch [90m(C:\Users\pagis\OneDrive\WebDev\Projects\Online\backend\[39mnode_modules\[4m@mswjs[24m\interceptors\lib\node\chunk-Z5LWCBZS.js:215:32[90m)[39m
    at generateAccessToken (C:/Users/pagis/OneDrive/WebDev/Projects/Online/backend/index.js:1465:22)
    at createOrder (C:/Users/pagis/OneDrive/WebDev/Projects/Online/backend/index.js:1567:25)
    at C:/Users/pagis/OneDrive/WebDev/Projects/Online/backend/index.js:3771:20

[90mstderr[2m | tests/integration/paypal.orders.test.js[2m > [22m[2mPayPal Payment Endpoints[2m > [22m[2mPOST /orders - Timeout Handling (PAY-05)[2m > [22m[2mshould handle PayPal auth token timeout
[22m[39mError creating PayPal order: TypeError: Cannot read properties of undefined (reading 'get')
    at decompressResponse [90m(C:\Users\pagis\OneDrive\WebDev\Projects\Online\backend\[39mnode_modules\[4m@mswjs[24m\interceptors\lib\node\chunk-Z5LWCBZS.js:177:22[90m)[39m
    at Object.onResponse [90m(C:\Users\pagis\OneDrive\WebDev\Projects\Online\backend\[39mnode_modules\[4m@mswjs[24m\interceptors\lib\node\chunk-Z5LWCBZS.js:224:38[90m)[39m
    at handleResponse [90m(C:\Users\pagis\OneDrive\WebDev\Projects\Online\backend\[39mnode_modules\[4m@mswjs[24m\interceptors\lib\node\chunk-72ZIHMEB.js:142:21[90m)[39m
    at handleRequest [90m(C:\Users\pagis\OneDrive\WebDev\Projects\Online\backend\[39mnode_modules\[4m@mswjs[24m\interceptors\lib\node\chunk-72ZIHMEB.js:229:16[90m)[39m
[90m    at processTicksAndRejections (node:internal/process/task_queues:105:5)[39m
    at globalThis.fetch [90m(C:\Users\pagis\OneDrive\WebDev\Projects\Online\backend\[39mnode_modules\[4m@mswjs[24m\interceptors\lib\node\chunk-Z5LWCBZS.js:215:32[90m)[39m
    at generateAccessToken (C:/Users/pagis/OneDrive/WebDev/Projects/Online/backend/index.js:1465:22)
    at createOrder (C:/Users/pagis/OneDrive/WebDev/Projects/Online/backend/index.js:1567:25)
    at C:/Users/pagis/OneDrive/WebDev/Projects/Online/backend/index.js:3771:20

[90mstderr[2m | tests/integration/paypal.orders.test.js[2m > [22m[2mPayPal Payment Endpoints[2m > [22m[2mPOST /orders - Timeout Handling (PAY-05)[2m > [22m[2mshould handle PayPal auth token timeout
[22m[39mFailed to create PayPal order: Cannot read properties of undefined (reading 'get')

[90mstdout[2m | tests/integration/paypal.orders.test.js[2m > [22m[2mPayPal Payment Endpoints[2m > [22m[2mPOST /orders - Timeout Handling (PAY-05)[2m > [22m[2mshould return 504 with PAYPAL_TIMEOUT code on timeout
[22m[39mCreating PayPal order with cart: [
  {
    "name": "Test Product",
    "unit_amount": {
      "value": "50.00",
      "currency_code": "USD"
    },
    "quantity": "1"
  }
]
shopping cart information passed from the frontend createOrder() callback: [
  {
    name: [32m'Test Product'[39m,
    unit_amount: { value: [32m'50.00'[39m, currency_code: [32m'USD'[39m },
    quantity: [32m'1'[39m
  }
]
========= PAYPAL AUTH DEBUG =========
Client ID length: [33m21[39m
Client Secret length: [33m25[39m
Base URL: https://api-m.sandbox.paypal.com
Auth token generated. Requesting PayPal access token...
Token URL: https://api-m.sandbox.paypal.com/v1/oauth2/token

[90mstdout[2m | tests/integration/paypal.orders.test.js[2m > [22m[2mPayPal Payment Endpoints[2m > [22m[2mPOST /orders - Timeout Handling (PAY-05)[2m > [22m[2mshould return 504 with PAYPAL_TIMEOUT code on timeout
[22m[39mPayPal token response status: [33m200[39m

[90mstdout[2m | tests/integration/paypal.orders.test.js[2m > [22m[2mPayPal Payment Endpoints[2m > [22m[2mPOST /orders - Timeout Handling (PAY-05)[2m > [22m[2mshould return 504 with PAYPAL_TIMEOUT code on timeout
[22m[39mPayPal access token obtained successfully

[90mstdout[2m | tests/integration/paypal.orders.test.js[2m > [22m[2mPayPal Payment Endpoints[2m > [22m[2mPOST /orders - Timeout Handling (PAY-05)[2m > [22m[2mshould return 504 with PAYPAL_TIMEOUT code on timeout
[22m[39mPayPal access token received: Success
PayPal API URL: https://api-m.sandbox.paypal.com/v2/checkout/orders
PayPal order payload: {
  "intent": "CAPTURE",
  "purchase_units": [
    {
      "amount": {
        "currency_code": "USD",
        "value": "50.00",
        "breakdown": {
          "item_total": {
            "currency_code": "USD",
            "value": "50.00"
          }
        }
      },
      "items": [
        {
          "name": "Test Product",
          "unit_amount": {
            "currency_code": "USD",
            "value": "50.00"
          },
          "quantity": "1"
        }
      ]
    }
  ],
  "application_context": {
    "return_url": "undefined/complete-order",
    "cancel_url": "undefined/html/cart.html",
    "user_action": "PAY_NOW",
    "brand_name": "Tamar Kfir Jewelry"
  }
}

[90mstderr[2m | tests/integration/auth.admin.test.js[2m > [22m[2mrequireAdmin middleware[2m > [22m[2mAdmin access (200)[2m > [22m[2mshould allow admin to perform admin actions on /addproduct
[22m[39mUsing default exchange rate: 3.3

[90mstdout[2m | tests/integration/auth.admin.test.js[2m > [22m[2mrequireAdmin middleware[2m > [22m[2mAdmin access (200)[2m > [22m[2mshould allow admin to perform admin actions on /addproduct
[22m[39m
=== Product Data Before Save ===
{
  "id": 1,
  "name": "Test Product",
  "ils_price": 100,
  "usd_price": 30,
  "original_ils_price": 100,
  "original_usd_price": 30,
  "image": "test-desktop.jpg",
  "publicImage": "",
  "mainImage": {
    "desktop": "test-desktop.jpg",
    "mobile": "test-mobile.jpg"
  },
  "smallImages": [],
  "directImageUrl": "/direct-image/test-desktop.jpg",
  "category": "necklaces"
}

[90mstdout[2m | tests/integration/auth.admin.test.js[2m > [22m[2mrequireAdmin middleware[2m > [22m[2mAdmin access (200)[2m > [22m[2mshould allow admin to perform admin actions on /addproduct
[22m[39m
=== Product Saved Successfully ===
Cache invalidated for product: test-product
Cache invalidated for category: necklaces

[90mstdout[2m | tests/integration/security.validation.test.js[2m > [22m[2mInput Validation - NoSQL Injection Prevention[2m > [22m[2mLogin Endpoint NoSQL Injection[2m > [22m[2mshould reject object value for email field
[22m[39mSEC-09 Finding: $gt operator in email - Status: 400
✓ Input validation rejected $gt operator

[90mstdout[2m | tests/integration/security.validation.test.js[2m > [22m[2mInput Validation - NoSQL Injection Prevention[2m > [22m[2mLogin Endpoint NoSQL Injection[2m > [22m[2mshould reject $ne operator in email field
[22m[39mSEC-09 Finding: $ne operator in email - Status: 400, Body: { success: [33mfalse[39m, errors: [32m'Invalid login payload'[39m }
✓ Input validation rejected $ne operator

[90mstdout[2m | tests/integration/security.validation.test.js[2m > [22m[2mInput Validation - NoSQL Injection Prevention[2m > [22m[2mLogin Endpoint NoSQL Injection[2m > [22m[2mshould reject $regex operator in email field
[22m[39mSEC-09 Finding: $regex operator - Status: 400

[90mstdout[2m | tests/integration/security.validation.test.js[2m > [22m[2mInput Validation - NoSQL Injection Prevention[2m > [22m[2mLogin Endpoint NoSQL Injection[2m > [22m[2mshould reject $where clause
[22m[39mSEC-09 Finding: $where clause - Status: 404

[90mstdout[2m | tests/integration/security.validation.test.js[2m > [22m[2mInput Validation - NoSQL Injection Prevention[2m > [22m[2mLogin Endpoint NoSQL Injection[2m > [22m[2mshould reject $in operator in email field
[22m[39mSEC-09 Finding: $in operator - Status: 400

[90mstdout[2m | tests/integration/security.validation.test.js[2m > [22m[2mInput Validation - NoSQL Injection Prevention[2m > [22m[2mLogin Endpoint NoSQL Injection[2m > [22m[2mshould reject nested operators in password field
[22m[39mSEC-09 Finding: $ne in password - Status: 400

[90mstdout[2m | tests/integration/security.validation.test.js[2m > [22m[2mInput Validation - NoSQL Injection Prevention[2m > [22m[2mSignup Endpoint NoSQL Injection[2m > [22m[2mshould reject object values in signup email field
[22m[39mSEC-09 Finding: Signup with $gt operator - Status: 400

[90mstdout[2m | tests/integration/security.validation.test.js[2m > [22m[2mInput Validation - NoSQL Injection Prevention[2m > [22m[2mSignup Endpoint NoSQL Injection[2m > [22m[2mshould reject operator injection in signup name field
[22m[39mSEC-09 Finding: Signup with operator in name - Status: 400

[90mstdout[2m | tests/integration/security.validation.test.js[2m > [22m[2mUnicode and RTL Character Handling[2m > [22m[2mValid Unicode Acceptance[2m > [22m[2mshould accept Hebrew product name
[22m[39mUnicode test: Hebrew name - Status: 400
ℹ️  Hebrew name handled (400 likely due to image validation, not Unicode)

[90mstderr[2m | tests/integration/file.processing.test.js[2m > [22m[2mImage Processing - Sharp integration[2m > [22m[2mCorrupt image handling (FILE-07)[2m > [22m[2mshould handle corrupt/truncated images without crashing
[22m[39mFirst attempt failed for mainImage-1771021375176.jpg, trying fallback method: Input file has corrupt header: VipsJpeg: Premature end of JPEG file
VipsJpeg: Invalid JPEG file structure: missing SOS marker
Both attempts failed for mainImage-1771021375176.jpg: Input file has corrupt header: VipsJpeg: Premature end of JPEG file
VipsJpeg: Invalid JPEG file structure: missing SOS marker

[90mstdout[2m | tests/integration/security.validation.test.js[2m > [22m[2mUnicode and RTL Character Handling[2m > [22m[2mDangerous Unicode Handling[2m > [22m[2mshould handle null byte injection
[22m[39mDangerous Unicode: Null byte - Status: 400

[90mstderr[2m | tests/integration/file.processing.test.js[2m > [22m[2mImage Processing - Sharp integration[2m > [22m[2mCorrupt image handling (FILE-07)[2m > [22m[2mshould handle corrupt/truncated images without crashing
[22m[39mError processing image mainImage-1771021375176.jpg: [Error: Input file has corrupt header: VipsJpeg: Premature end of JPEG file
VipsJpeg: Invalid JPEG file structure: missing SOS marker]

[90mstderr[2m | tests/integration/file.processing.test.js[2m > [22m[2mImage Processing - Sharp integration[2m > [22m[2mCorrupt image handling (FILE-07)[2m > [22m[2mshould handle corrupt/truncated images without crashing
[22m[39mUpload error: [Error: Input file has corrupt header: VipsJpeg: Premature end of JPEG file
VipsJpeg: Invalid JPEG file structure: missing SOS marker]

[90mstdout[2m | tests/integration/auth.protected.test.js
[22m[39m✓ Test database disconnected

 [32m✓[39m tests/integration/auth.protected.test.js [2m([22m[2m17 tests[22m[2m)[22m[33m 12149[2mms[22m[39m
       [33m[2m✓[22m[39m should return 401 when no token provided [33m 504[2mms[22m[39m
       [33m[2m✓[22m[39m should handle both headers present (auth-token takes priority) [33m 516[2mms[22m[39m
       [33m[2m✓[22m[39m should return 401 if token user does not exist in database [33m 307[2mms[22m[39m
[90mstdout[2m | tests/integration/security.validation.test.js[2m > [22m[2mUnicode and RTL Character Handling[2m > [22m[2mDangerous Unicode Handling[2m > [22m[2mshould handle RTL override character
[22m[39mDangerous Unicode: RTL override - Status: 400

[90mstderr[2m | tests/integration/auth.admin.test.js[2m > [22m[2mrequireAdmin middleware[2m > [22m[2mMultiple admin endpoints[2m > [22m[2mshould enforce admin requirement on /addproduct
[22m[39mUsing default exchange rate: 3.3

[90mstdout[2m | tests/integration/auth.admin.test.js[2m > [22m[2mrequireAdmin middleware[2m > [22m[2mMultiple admin endpoints[2m > [22m[2mshould enforce admin requirement on /addproduct
[22m[39m
=== Product Data Before Save ===
{
  "id": 1,
  "name": "Test Product",
  "ils_price": 100,
  "usd_price": 30,
  "original_ils_price": 100,
  "original_usd_price": 30,
  "image": "test.jpg",
  "publicImage": "",
  "mainImage": {
    "desktop": "test.jpg",
    "mobile": "test.jpg"
  },
  "smallImages": [],
  "directImageUrl": "/direct-image/test.jpg",
  "category": "necklaces"
}

[90mstdout[2m | tests/integration/auth.admin.test.js[2m > [22m[2mrequireAdmin middleware[2m > [22m[2mMultiple admin endpoints[2m > [22m[2mshould enforce admin requirement on /addproduct
[22m[39m
=== Product Saved Successfully ===
Cache invalidated for product: test-product
Cache invalidated for category: necklaces

[90mstdout[2m | tests/integration/security.validation.test.js[2m > [22m[2mUnicode and RTL Character Handling[2m > [22m[2mDangerous Unicode Handling[2m > [22m[2mshould handle zero-width space
[22m[39mDangerous Unicode: Zero-width space - Status: 400

[90mstdout[2m | tests/integration/security.validation.test.js[2m > [22m[2mUnicode and RTL Character Handling[2m > [22m[2mDangerous Unicode Handling[2m > [22m[2mshould handle excessive length input
[22m[39mDangerous Unicode: Excessive length (10001 chars) - Status: 400

[90mstdout[2m | tests/integration/security.validation.test.js[2m > [22m[2mContent-Type Validation[2m > [22m[2mshould accept application/json content type
[22m[39mContent-Type: application/json - Status: 404

[90mstderr[2m | tests/integration/auth.admin.test.js[2m > [22m[2mrequireAdmin middleware[2m > [22m[2mMultiple admin endpoints[2m > [22m[2mshould enforce admin requirement on /updateproduct
[22m[39mUsing default exchange rate: 3.3

[90mstdout[2m | tests/integration/security.validation.test.js[2m > [22m[2mContent-Type Validation[2m > [22m[2mshould handle text/plain content type
[22m[39mContent-Type: text/plain - Status: 400, Body: { success: [33mfalse[39m, errors: [32m'Invalid login payload'[39m }

[90mstdout[2m | tests/integration/security.validation.test.js[2m > [22m[2mContent-Type Validation[2m > [22m[2mshould handle missing content-type header
[22m[39mContent-Type: (missing) - Status: 404

[90mstderr[2m | tests/integration/auth.admin.test.js[2m > [22m[2mrequireAdmin middleware[2m > [22m[2mMultiple admin endpoints[2m > [22m[2mshould enforce admin requirement on /api/admin/products/reorder
[22m[39mError in reorder endpoint: CastError: Cast to ObjectId failed for value "1" (type number) at path "_id" for model "Product"
    at SchemaObjectId.cast [90m(C:\Users\pagis\OneDrive\WebDev\Projects\Online\backend\[39mnode_modules\[4mmongoose[24m\lib\schema\objectId.js:251:11[90m)[39m
    at SchemaObjectId.SchemaType.applySetters [90m(C:\Users\pagis\OneDrive\WebDev\Projects\Online\backend\[39mnode_modules\[4mmongoose[24m\lib\schemaType.js:1255:12[90m)[39m
    at SchemaObjectId.SchemaType.castForQuery [90m(C:\Users\pagis\OneDrive\WebDev\Projects\Online\backend\[39mnode_modules\[4mmongoose[24m\lib\schemaType.js:1673:17[90m)[39m
    at [90mC:\Users\pagis\OneDrive\WebDev\Projects\Online\backend\[39mnode_modules\[4mmongoose[24m\lib\schemaType.js:1634:18
    at Array.map (<anonymous>)
    at SchemaObjectId.handle$in [90m(C:\Users\pagis\OneDrive\WebDev\Projects\Online\backend\[39mnode_modules\[4mmongoose[24m\lib\schemaType.js:1630:14[90m)[39m
    at SchemaObjectId.SchemaType.castForQuery [90m(C:\Users\pagis\OneDrive\WebDev\Projects\Online\backend\[39mnode_modules\[4mmongoose[24m\lib\schemaType.js:1669:20[90m)[39m
    at cast [90m(C:\Users\pagis\OneDrive\WebDev\Projects\Online\backend\[39mnode_modules\[4mmongoose[24m\lib\cast.js:367:39[90m)[39m
    at model.Query.Query.cast [90m(C:\Users\pagis\OneDrive\WebDev\Projects\Online\backend\[39mnode_modules\[4mmongoose[24m\lib\query.js:4999:12[90m)[39m
    at model.Query.Query._castConditions [90m(C:\Users\pagis\OneDrive\WebDev\Projects\Online\backend\[39mnode_modules\[4mmongoose[24m\lib\query.js:2325:10[90m)[39m {
  stringValue: [32m'"1"'[39m,
  messageFormat: [90mundefined[39m,
  kind: [32m'ObjectId'[39m,
  value: [33m1[39m,
  path: [32m'_id'[39m,
  reason: BSONError: input must be a 24 character hex string, 12 byte Uint8Array, or an integer
      at new ObjectId [90m(C:\Users\pagis\OneDrive\WebDev\Projects\Online\backend\[39mnode_modules\[4mbson[24m\lib\bson.cjs:2523:23[90m)[39m
      at castObjectId [90m(C:\Users\pagis\OneDrive\WebDev\Projects\Online\backend\[39mnode_modules\[4mmongoose[24m\lib\cast\objectid.js:25:12[90m)[39m
      at SchemaObjectId.cast [90m(C:\Users\pagis\OneDrive\WebDev\Projects\Online\backend\[39mnode_modules\[4mmongoose[24m\lib\schema\objectId.js:249:12[90m)[39m
      at SchemaObjectId.SchemaType.applySetters [90m(C:\Users\pagis\OneDrive\WebDev\Projects\Online\backend\[39mnode_modules\[4mmongoose[24m\lib\schemaType.js:1255:12[90m)[39m
      at SchemaObjectId.SchemaType.castForQuery [90m(C:\Users\pagis\OneDrive\WebDev\Projects\Online\backend\[39mnode_modules\[4mmongoose[24m\lib\schemaType.js:1673:17[90m)[39m
      at [90mC:\Users\pagis\OneDrive\WebDev\Projects\Online\backend\[39mnode_modules\[4mmongoose[24m\lib\schemaType.js:1634:18
      at Array.map (<anonymous>)
      at SchemaObjectId.handle$in [90m(C:\Users\pagis\OneDrive\WebDev\Projects\Online\backend\[39mnode_modules\[4mmongoose[24m\lib\schemaType.js:1630:14[90m)[39m
      at SchemaObjectId.SchemaType.castForQuery [90m(C:\Users\pagis\OneDrive\WebDev\Projects\Online\backend\[39mnode_modules\[4mmongoose[24m\lib\schemaType.js:1669:20[90m)[39m
      at cast [90m(C:\Users\pagis\OneDrive\WebDev\Projects\Online\backend\[39mnode_modules\[4mmongoose[24m\lib\cast.js:367:39[90m)[39m,
  valueType: [32m'number'[39m
}

[90mstderr[2m | tests/integration/file.upload.test.js[2m > [22m[2mFile Upload Flow - S3 integration (mocked)[2m > [22m[2mError handling (FILE-11 related - cleanup on failure)[2m > [22m[2mshould return 500 when processImage fails catastrophically
[22m[39mFirst attempt failed for mainImage-1771021377088.jpg, trying fallback method: Input file has corrupt header: VipsJpeg: Premature end of JPEG file
VipsJpeg: JPEG datastream contains no image
Both attempts failed for mainImage-1771021377088.jpg: Input file has corrupt header: VipsJpeg: Premature end of JPEG file
VipsJpeg: JPEG datastream contains no image

[90mstderr[2m | tests/integration/file.upload.test.js[2m > [22m[2mFile Upload Flow - S3 integration (mocked)[2m > [22m[2mError handling (FILE-11 related - cleanup on failure)[2m > [22m[2mshould return 500 when processImage fails catastrophically
[22m[39mError processing image mainImage-1771021377088.jpg: [Error: Input file has corrupt header: VipsJpeg: Premature end of JPEG file
VipsJpeg: JPEG datastream contains no image]

[90mstderr[2m | tests/integration/file.upload.test.js[2m > [22m[2mFile Upload Flow - S3 integration (mocked)[2m > [22m[2mError handling (FILE-11 related - cleanup on failure)[2m > [22m[2mshould return 500 when processImage fails catastrophically
[22m[39mUpload error: [Error: Input file has corrupt header: VipsJpeg: Premature end of JPEG file
VipsJpeg: JPEG datastream contains no image]

[90mstderr[2m | tests/integration/file.upload.test.js[2m > [22m[2mFile Upload Flow - S3 integration (mocked)[2m > [22m[2mError handling (FILE-11 related - cleanup on failure)[2m > [22m[2mshould not crash server on sequential upload failures
[22m[39mFirst attempt failed for mainImage-1771021377538.jpg, trying fallback method: Input file has corrupt header: VipsJpeg: Premature end of JPEG file
VipsJpeg: JPEG datastream contains no image
Both attempts failed for mainImage-1771021377538.jpg: Input file has corrupt header: VipsJpeg: Premature end of JPEG file
VipsJpeg: JPEG datastream contains no image

[90mstderr[2m | tests/integration/file.upload.test.js[2m > [22m[2mFile Upload Flow - S3 integration (mocked)[2m > [22m[2mError handling (FILE-11 related - cleanup on failure)[2m > [22m[2mshould not crash server on sequential upload failures
[22m[39mError processing image mainImage-1771021377538.jpg: [Error: Input file has corrupt header: VipsJpeg: Premature end of JPEG file
VipsJpeg: JPEG datastream contains no image]

[90mstderr[2m | tests/integration/file.upload.test.js[2m > [22m[2mFile Upload Flow - S3 integration (mocked)[2m > [22m[2mError handling (FILE-11 related - cleanup on failure)[2m > [22m[2mshould not crash server on sequential upload failures
[22m[39mUpload error: [Error: Input file has corrupt header: VipsJpeg: Premature end of JPEG file
VipsJpeg: JPEG datastream contains no image]

[90mstdout[2m | tests/integration/security.validation.test.js
[22m[39m✓ Test database disconnected

 [32m✓[39m tests/integration/security.validation.test.js [2m([22m[2m30 tests[22m[2m)[22m[33m 14326[2mms[22m[39m
       [33m[2m✓[22m[39m should sanitize or escape script tags in description [33m 860[2mms[22m[39m
       [33m[2m✓[22m[39m should handle img onerror XSS vector in description [33m 310[2mms[22m[39m
       [33m[2m✓[22m[39m should handle attribute injection XSS in description [33m 307[2mms[22m[39m
       [33m[2m✓[22m[39m should handle RTL override character [33m 318[2mms[22m[39m
[90mstderr[2m | tests/integration/file.upload.test.js[2m > [22m[2mFile Upload Flow - S3 integration (mocked)[2m > [22m[2mError handling (FILE-11 related - cleanup on failure)[2m > [22m[2mshould not crash server on sequential upload failures
[22m[39mFirst attempt failed for mainImage-1771021377756.jpg, trying fallback method: Input file has corrupt header: VipsJpeg: Premature end of JPEG file
VipsJpeg: JPEG datastream contains no image
Both attempts failed for mainImage-1771021377756.jpg: Input file has corrupt header: VipsJpeg: Premature end of JPEG file
VipsJpeg: JPEG datastream contains no image

[90mstderr[2m | tests/integration/file.upload.test.js[2m > [22m[2mFile Upload Flow - S3 integration (mocked)[2m > [22m[2mError handling (FILE-11 related - cleanup on failure)[2m > [22m[2mshould not crash server on sequential upload failures
[22m[39mError processing image mainImage-1771021377756.jpg: [Error: Input file has corrupt header: VipsJpeg: Premature end of JPEG file
VipsJpeg: JPEG datastream contains no image]

[90mstderr[2m | tests/integration/file.upload.test.js[2m > [22m[2mFile Upload Flow - S3 integration (mocked)[2m > [22m[2mError handling (FILE-11 related - cleanup on failure)[2m > [22m[2mshould not crash server on sequential upload failures
[22m[39mUpload error: [Error: Input file has corrupt header: VipsJpeg: Premature end of JPEG file
VipsJpeg: JPEG datastream contains no image]

[90mstdout[2m | tests/integration/file.processing.test.js
[22m[39m✓ Test database disconnected

 [32m✓[39m tests/integration/file.processing.test.js [2m([22m[2m9 tests[22m[2m)[22m[33m 14662[2mms[22m[39m
       [33m[2m✓[22m[39m should convert JPEG to WebP output [33m 1711[2mms[22m[39m
       [33m[2m✓[22m[39m should convert PNG to WebP output [33m 642[2mms[22m[39m
       [33m[2m✓[22m[39m should handle WebP input and produce WebP output [33m 893[2mms[22m[39m
       [33m[2m✓[22m[39m should create desktop and mobile variants [33m 712[2mms[22m[39m
       [33m[2m✓[22m[39m should return desktop and mobile as distinct URLs [33m 659[2mms[22m[39m
       [33m[2m✓[22m[39m should handle corrupt/truncated images without crashing [33m 478[2mms[22m[39m
       [33m[2m✓[22m[39m should process very small images (1x1 pixel) [33m 533[2mms[22m[39m
       [33m[2m✓[22m[39m should process very large dimension images [33m 781[2mms[22m[39m
       [33m[2m✓[22m[39m should process main image and small images together [33m 909[2mms[22m[39m
[90mstderr[2m | tests/integration/auth.admin.test.js[2m > [22m[2mrequireAdmin middleware[2m > [22m[2mSequential middleware behavior[2m > [22m[2mshould attach req.user before requireAdmin check
[22m[39mError in reorder endpoint: CastError: Cast to ObjectId failed for value "1" (type number) at path "_id" for model "Product"
    at SchemaObjectId.cast [90m(C:\Users\pagis\OneDrive\WebDev\Projects\Online\backend\[39mnode_modules\[4mmongoose[24m\lib\schema\objectId.js:251:11[90m)[39m
    at SchemaObjectId.SchemaType.applySetters [90m(C:\Users\pagis\OneDrive\WebDev\Projects\Online\backend\[39mnode_modules\[4mmongoose[24m\lib\schemaType.js:1255:12[90m)[39m
    at SchemaObjectId.SchemaType.castForQuery [90m(C:\Users\pagis\OneDrive\WebDev\Projects\Online\backend\[39mnode_modules\[4mmongoose[24m\lib\schemaType.js:1673:17[90m)[39m
    at [90mC:\Users\pagis\OneDrive\WebDev\Projects\Online\backend\[39mnode_modules\[4mmongoose[24m\lib\schemaType.js:1634:18
    at Array.map (<anonymous>)
    at SchemaObjectId.handle$in [90m(C:\Users\pagis\OneDrive\WebDev\Projects\Online\backend\[39mnode_modules\[4mmongoose[24m\lib\schemaType.js:1630:14[90m)[39m
    at SchemaObjectId.SchemaType.castForQuery [90m(C:\Users\pagis\OneDrive\WebDev\Projects\Online\backend\[39mnode_modules\[4mmongoose[24m\lib\schemaType.js:1669:20[90m)[39m
    at cast [90m(C:\Users\pagis\OneDrive\WebDev\Projects\Online\backend\[39mnode_modules\[4mmongoose[24m\lib\cast.js:367:39[90m)[39m
    at model.Query.Query.cast [90m(C:\Users\pagis\OneDrive\WebDev\Projects\Online\backend\[39mnode_modules\[4mmongoose[24m\lib\query.js:4999:12[90m)[39m
    at model.Query.Query._castConditions [90m(C:\Users\pagis\OneDrive\WebDev\Projects\Online\backend\[39mnode_modules\[4mmongoose[24m\lib\query.js:2325:10[90m)[39m {
  stringValue: [32m'"1"'[39m,
  messageFormat: [90mundefined[39m,
  kind: [32m'ObjectId'[39m,
  value: [33m1[39m,
  path: [32m'_id'[39m,
  reason: BSONError: input must be a 24 character hex string, 12 byte Uint8Array, or an integer
      at new ObjectId [90m(C:\Users\pagis\OneDrive\WebDev\Projects\Online\backend\[39mnode_modules\[4mbson[24m\lib\bson.cjs:2523:23[90m)[39m
      at castObjectId [90m(C:\Users\pagis\OneDrive\WebDev\Projects\Online\backend\[39mnode_modules\[4mmongoose[24m\lib\cast\objectid.js:25:12[90m)[39m
      at SchemaObjectId.cast [90m(C:\Users\pagis\OneDrive\WebDev\Projects\Online\backend\[39mnode_modules\[4mmongoose[24m\lib\schema\objectId.js:249:12[90m)[39m
      at SchemaObjectId.SchemaType.applySetters [90m(C:\Users\pagis\OneDrive\WebDev\Projects\Online\backend\[39mnode_modules\[4mmongoose[24m\lib\schemaType.js:1255:12[90m)[39m
      at SchemaObjectId.SchemaType.castForQuery [90m(C:\Users\pagis\OneDrive\WebDev\Projects\Online\backend\[39mnode_modules\[4mmongoose[24m\lib\schemaType.js:1673:17[90m)[39m
      at [90mC:\Users\pagis\OneDrive\WebDev\Projects\Online\backend\[39mnode_modules\[4mmongoose[24m\lib\schemaType.js:1634:18
      at Array.map (<anonymous>)
      at SchemaObjectId.handle$in [90m(C:\Users\pagis\OneDrive\WebDev\Projects\Online\backend\[39mnode_modules\[4mmongoose[24m\lib\schemaType.js:1630:14[90m)[39m
      at SchemaObjectId.SchemaType.castForQuery [90m(C:\Users\pagis\OneDrive\WebDev\Projects\Online\backend\[39mnode_modules\[4mmongoose[24m\lib\schemaType.js:1669:20[90m)[39m
      at cast [90m(C:\Users\pagis\OneDrive\WebDev\Projects\Online\backend\[39mnode_modules\[4mmongoose[24m\lib\cast.js:367:39[90m)[39m,
  valueType: [32m'number'[39m
}

[90mstdout[2m | tests/integration/file.upload.test.js
[22m[39m✓ Test database disconnected

 [32m✓[39m tests/integration/file.upload.test.js [2m([22m[2m14 tests[22m[2m)[22m[33m 15546[2mms[22m[39m
       [33m[2m✓[22m[39m should return local file URLs when S3 not configured [33m 1772[2mms[22m[39m
       [33m[2m✓[22m[39m should return local mobile URL when S3 not configured [33m 692[2mms[22m[39m
       [33m[2m✓[22m[39m should return publicDesktop and publicMobile URLs [33m 817[2mms[22m[39m
       [33m[2m✓[22m[39m should return smallImages URLs for gallery images [33m 1039[2mms[22m[39m
       [33m[2m✓[22m[39m should return success: true for valid upload [33m 507[2mms[22m[39m
       [33m[2m✓[22m[39m should include fileDetails with desktop and mobile metadata [33m 684[2mms[22m[39m
       [33m[2m✓[22m[39m should return complete response structure [33m 335[2mms[22m[39m
       [33m[2m✓[22m[39m should return 500 when processImage fails catastrophically [33m 447[2mms[22m[39m
       [33m[2m✓[22m[39m should not crash server on sequential upload failures [33m 616[2mms[22m[39m
[90mstderr[2m | tests/integration/file.validation.test.js[2m > [22m[2mFile Upload Validation - /upload endpoint[2m > [22m[2mMissing Files Validation[2m > [22m[2mshould return 400 when no files uploaded
[22m[39mNo files were uploaded.

[90mstdout[2m | tests/integration/auth.admin.test.js
[22m[39m✓ Test database disconnected

 [32m✓[39m tests/integration/auth.admin.test.js [2m([22m[2m16 tests[22m[2m)[22m[33m 16487[2mms[22m[39m
       [33m[2m✓[22m[39m should allow admin user to access admin routes [33m 1108[2mms[22m[39m
       [33m[2m✓[22m[39m should allow admin to perform admin actions on /addproduct [33m 518[2mms[22m[39m
       [33m[2m✓[22m[39m should return 403 when regular user accesses admin route [33m 350[2mms[22m[39m
       [33m[2m✓[22m[39m should include correct error message in 403 response [33m 374[2mms[22m[39m
       [33m[2m✓[22m[39m should return 401 (not 403) when no token provided to admin route [33m 439[2mms[22m[39m
       [33m[2m✓[22m[39m should return 401 for expired token on admin route [33m 427[2mms[22m[39m
       [33m[2m✓[22m[39m should return 403 for user with undefined userType [33m 667[2mms[22m[39m
       [33m[2m✓[22m[39m should return 403 for user with empty string userType [33m 597[2mms[22m[39m
       [33m[2m✓[22m[39m should enforce admin requirement on /addproduct [33m 573[2mms[22m[39m
       [33m[2m✓[22m[39m should enforce admin requirement on /updateproduct [33m 359[2mms[22m[39m
       [33m[2m✓[22m[39m should enforce admin requirement on /api/admin/products/reorder [33m 445[2mms[22m[39m
       [33m[2m✓[22m[39m should return 401 for invalid token (authentication failure) [33m 424[2mms[22m[39m
       [33m[2m✓[22m[39m should return 403 for valid non-admin token (authorization failure) [33m 489[2mms[22m[39m
       [33m[2m✓[22m[39m should handle userType case sensitivity [33m 536[2mms[22m[39m
       [33m[2m✓[22m[39m should handle userType: "administrator" (not just "admin") [33m 553[2mms[22m[39m
       [33m[2m✓[22m[39m should attach req.user before requireAdmin check [33m 385[2mms[22m[39m
[90mstderr[2m | tests/integration/file.validation.test.js[2m > [22m[2mFile Upload Validation - /upload endpoint[2m > [22m[2mMissing Files Validation[2m > [22m[2mshould return 400 when no main image provided
[22m[39mNo main image provided

[90mstderr[2m | tests/integration/file.validation.test.js[2m > [22m[2mFile Upload Validation - /upload endpoint[2m > [22m[2mEdge Cases[2m > [22m[2mshould handle zero-byte file with error
[22m[39mFirst attempt failed for mainImage-1771021381398.jpg, trying fallback method: Input file contains unsupported image format
Both attempts failed for mainImage-1771021381398.jpg: Input file contains unsupported image format

[90mstderr[2m | tests/integration/file.validation.test.js[2m > [22m[2mFile Upload Validation - /upload endpoint[2m > [22m[2mEdge Cases[2m > [22m[2mshould handle zero-byte file with error
[22m[39mError processing image mainImage-1771021381398.jpg: [Error: Input file contains unsupported image format]

[90mstderr[2m | tests/integration/file.validation.test.js[2m > [22m[2mFile Upload Validation - /upload endpoint[2m > [22m[2mEdge Cases[2m > [22m[2mshould handle zero-byte file with error
[22m[39mUpload error: [Error: Input file contains unsupported image format]

[90mstdout[2m | tests/integration/file.validation.test.js
[22m[39m✓ Test database disconnected

 [32m✓[39m tests/integration/file.validation.test.js [2m([22m[2m18 tests[22m[2m)[22m[33m 20098[2mms[22m[39m
       [33m[2m✓[22m[39m should return 401 when no auth token provided [33m 1205[2mms[22m[39m
       [33m[2m✓[22m[39m should return 403 when non-admin user attempts upload [33m 471[2mms[22m[39m
       [33m[2m✓[22m[39m should accept JPEG image upload [33m 853[2mms[22m[39m
       [33m[2m✓[22m[39m should accept PNG image upload [33m 502[2mms[22m[39m
       [33m[2m✓[22m[39m should accept WebP image upload [33m 928[2mms[22m[39m
       [33m[2m✓[22m[39m should reject PDF files with 415 [33m 422[2mms[22m[39m
       [33m[2m✓[22m[39m should reject BMP files with 415 [33m 442[2mms[22m[39m
       [33m[2m✓[22m[39m should reject SVG files with 415 [33m 336[2mms[22m[39m
       [33m[2m✓[22m[39m should reject text files with 415 [33m 492[2mms[22m[39m
       [33m[2m✓[22m[39m should reject executable files with 415 [33m 553[2mms[22m[39m
       [33m[2m✓[22m[39m should reject files exceeding size limit with 413 [33m 2153[2mms[22m[39m
       [33m[2m✓[22m[39m should accept files under size limit [33m 607[2mms[22m[39m
       [33m[2m✓[22m[39m should return 400 when no files uploaded [33m 313[2mms[22m[39m
       [33m[2m✓[22m[39m should return 400 when no main image provided [33m 443[2mms[22m[39m
       [33m[2m✓[22m[39m should accept main image with multiple small images [33m 1037[2mms[22m[39m
       [33m[2m✓[22m[39m should handle zero-byte file with error [33m 583[2mms[22m[39m
       [33m[2m✓[22m[39m should validate file extension even with correct MIME type [33m 515[2mms[22m[39m
       [33m[2m✓[22m[39m should handle mixed valid and invalid extensions [33m 380[2mms[22m[39m
[90mstdout[2m | tests/integration/security.ratelimit.test.js
[22m[39m✓ Test database connected (mongodb-memory-server)

[90mstdout[2m | tests/integration/auth.signup.test.js
[22m[39m✓ Test database connected (mongodb-memory-server)

[90mstdout[2m | tests/integration/stripe.webhook.test.js
[22m[39m✓ Test database connected (mongodb-memory-server)

[90mstdout[2m | tests/integration/sample.integration.test.js
[22m[39m✓ Test database connected (mongodb-memory-server)

[90mstdout[2m | tests/integration/stripe.checkout.test.js
[22m[39m✓ Test database connected (mongodb-memory-server)

(node:31844) [MONGOOSE] Warning: Duplicate schema index on {"sku":1} found. This is often due to declaring an index using both "index: true" and "schema.index()". Please remove the duplicate index definition.
(Use `node --trace-warnings ...` to show where the warning was created)
[90mstdout[2m | tests/integration/security.ratelimit.test.js[2m > [22m[2mRate Limiting - Auth Endpoints (/login)
[22m[39mPayPal Configuration:
  API URL: https://api-m.sandbox.paypal.com
  Client ID exists: [33mtrue[39m
  Client Secret exists: [33mtrue[39m
Allowed origins: [
  [32m'http://127.0.0.1:5500'[39m,
  [32m'http://localhost:5500'[39m,
  [32m'http://localhost:1234'[39m
]

(node:48628) [MONGOOSE] Warning: Duplicate schema index on {"sku":1} found. This is often due to declaring an index using both "index: true" and "schema.index()". Please remove the duplicate index definition.
(Use `node --trace-warnings ...` to show where the warning was created)
(node:48628) NOTE: The AWS SDK for JavaScript (v2) has reached end-of-support.
It will no longer receive updates or releases.

Please migrate your code to use AWS SDK for JavaScript (v3).
For more information, check the blog post at https://a.co/cUPnyil
[90mstderr[2m | tests/integration/paypal.orders.test.js[2m > [22m[2mPayPal Payment Endpoints[2m > [22m[2mPOST /orders - Timeout Handling (PAY-05)[2m > [22m[2mshould return 504 with PAYPAL_TIMEOUT code on timeout
[22m[39mFailed to create PayPal order: PAYPAL_TIMEOUT

[90mstdout[2m | tests/integration/auth.signup.test.js[2m > [22m[2mPOST /signup
[22m[39mPayPal Configuration:
  API URL: https://api-m.sandbox.paypal.com
  Client ID exists: [33mtrue[39m
  Client Secret exists: [33mtrue[39m
Allowed origins: [
  [32m'http://127.0.0.1:5500'[39m,
  [32m'http://localhost:5500'[39m,
  [32m'http://localhost:1234'[39m
]

[90mstdout[2m | tests/integration/paypal.orders.test.js[2m > [22m[2mPayPal Payment Endpoints[2m > [22m[2mPOST /orders/:orderID/capture - Order Capture (PAY-02, PAY-03)[2m > [22m[2mshould return 200 with COMPLETED status on successful capture
[22m[39m========= PAYPAL AUTH DEBUG =========
Client ID length: [33m21[39m
Client Secret length: [33m25[39m
Base URL: https://api-m.sandbox.paypal.com
Auth token generated. Requesting PayPal access token...
Token URL: https://api-m.sandbox.paypal.com/v1/oauth2/token

[90mstdout[2m | tests/integration/paypal.orders.test.js[2m > [22m[2mPayPal Payment Endpoints[2m > [22m[2mPOST /orders/:orderID/capture - Order Capture (PAY-02, PAY-03)[2m > [22m[2mshould return 200 with COMPLETED status on successful capture
[22m[39mPayPal token response status: [33m200[39m

[90mstdout[2m | tests/integration/paypal.orders.test.js[2m > [22m[2mPayPal Payment Endpoints[2m > [22m[2mPOST /orders/:orderID/capture - Order Capture (PAY-02, PAY-03)[2m > [22m[2mshould return 200 with COMPLETED status on successful capture
[22m[39mPayPal access token obtained successfully

(node:7604) [MONGOOSE] Warning: Duplicate schema index on {"sku":1} found. This is often due to declaring an index using both "index: true" and "schema.index()". Please remove the duplicate index definition.
(Use `node --trace-warnings ...` to show where the warning was created)
[90mstdout[2m | tests/integration/paypal.orders.test.js[2m > [22m[2mPayPal Payment Endpoints[2m > [22m[2mPOST /orders/:orderID/capture - Order Capture (PAY-02, PAY-03)[2m > [22m[2mshould include payment details in capture response
[22m[39m========= PAYPAL AUTH DEBUG =========
Client ID length: [33m21[39m
Client Secret length: [33m25[39m
Base URL: https://api-m.sandbox.paypal.com
Auth token generated. Requesting PayPal access token...
Token URL: https://api-m.sandbox.paypal.com/v1/oauth2/token

[90mstdout[2m | tests/integration/paypal.orders.test.js[2m > [22m[2mPayPal Payment Endpoints[2m > [22m[2mPOST /orders/:orderID/capture - Order Capture (PAY-02, PAY-03)[2m > [22m[2mshould include payment details in capture response
[22m[39mPayPal token response status: [33m200[39m

[90mstdout[2m | tests/integration/paypal.orders.test.js[2m > [22m[2mPayPal Payment Endpoints[2m > [22m[2mPOST /orders/:orderID/capture - Order Capture (PAY-02, PAY-03)[2m > [22m[2mshould include payment details in capture response
[22m[39mPayPal access token obtained successfully

(node:7604) NOTE: The AWS SDK for JavaScript (v2) has reached end-of-support.
It will no longer receive updates or releases.

Please migrate your code to use AWS SDK for JavaScript (v3).
For more information, check the blog post at https://a.co/cUPnyil
[90mstdout[2m | tests/integration/paypal.orders.test.js[2m > [22m[2mPayPal Payment Endpoints[2m > [22m[2mPOST /orders/:orderID/capture - Order Capture (PAY-02, PAY-03)[2m > [22m[2mshould handle already-captured order error
[22m[39m========= PAYPAL AUTH DEBUG =========
Client ID length: [33m21[39m
Client Secret length: [33m25[39m
Base URL: https://api-m.sandbox.paypal.com
Auth token generated. Requesting PayPal access token...
Token URL: https://api-m.sandbox.paypal.com/v1/oauth2/token

[90mstdout[2m | tests/integration/paypal.orders.test.js[2m > [22m[2mPayPal Payment Endpoints[2m > [22m[2mPOST /orders/:orderID/capture - Order Capture (PAY-02, PAY-03)[2m > [22m[2mshould handle already-captured order error
[22m[39mPayPal token response status: [33m200[39m

[90mstdout[2m | tests/integration/paypal.orders.test.js[2m > [22m[2mPayPal Payment Endpoints[2m > [22m[2mPOST /orders/:orderID/capture - Order Capture (PAY-02, PAY-03)[2m > [22m[2mshould handle already-captured order error
[22m[39mPayPal access token obtained successfully

[90mstderr[2m | tests/integration/paypal.orders.test.js[2m > [22m[2mPayPal Payment Endpoints[2m > [22m[2mPOST /orders/:orderID/capture - Order Capture (PAY-02, PAY-03)[2m > [22m[2mshould handle already-captured order error
[22m[39mPayPal API error: {
  httpStatusCode: [33m422[39m,
  debugId: [32m'debug-already-captured'[39m,
  firstIssue: [32m'ORDER_ALREADY_CAPTURED'[39m
}
PayPal API error full body: [33m422[39m {
  name: [32m'UNPROCESSABLE_ENTITY'[39m,
  message: [32m'The requested action could not be performed.'[39m,
  debug_id: [32m'debug-already-captured'[39m,
  details: [
    {
      issue: [32m'ORDER_ALREADY_CAPTURED'[39m,
      description: [32m'Order has already been captured.'[39m
    }
  ]
}

[90mstderr[2m | tests/integration/paypal.orders.test.js[2m > [22m[2mPayPal Payment Endpoints[2m > [22m[2mPOST /orders/:orderID/capture - Order Capture (PAY-02, PAY-03)[2m > [22m[2mshould handle already-captured order error
[22m[39mFailed to capture PayPal order: Error: PAYPAL_API_ERROR
    at handleResponse (C:/Users/pagis/OneDrive/WebDev/Projects/Online/backend/index.js:1700:17)
[90m    at processTicksAndRejections (node:internal/process/task_queues:105:5)[39m
    at C:/Users/pagis/OneDrive/WebDev/Projects/Online/backend/index.js:3808:46 {
  code: [32m'PAYPAL_API_ERROR'[39m,
  statusCode: [33m422[39m,
  httpStatusCode: [33m422[39m,
  paypalDebugId: [32m'debug-already-captured'[39m,
  paypalDetails: [
    {
      issue: [32m'ORDER_ALREADY_CAPTURED'[39m,
      description: [32m'Order has already been captured.'[39m
    }
  ]
}

[90mstdout[2m | tests/integration/paypal.orders.test.js[2m > [22m[2mPayPal Payment Endpoints[2m > [22m[2mPOST /orders/:orderID/capture - Capture Errors[2m > [22m[2mshould return 404 for non-existent order
[22m[39m========= PAYPAL AUTH DEBUG =========
Client ID length: [33m21[39m
Client Secret length: [33m25[39m
Base URL: https://api-m.sandbox.paypal.com
Auth token generated. Requesting PayPal access token...
Token URL: https://api-m.sandbox.paypal.com/v1/oauth2/token

[90mstdout[2m | tests/integration/paypal.orders.test.js[2m > [22m[2mPayPal Payment Endpoints[2m > [22m[2mPOST /orders/:orderID/capture - Capture Errors[2m > [22m[2mshould return 404 for non-existent order
[22m[39mPayPal token response status: [33m200[39m

[90mstdout[2m | tests/integration/paypal.orders.test.js[2m > [22m[2mPayPal Payment Endpoints[2m > [22m[2mPOST /orders/:orderID/capture - Capture Errors[2m > [22m[2mshould return 404 for non-existent order
[22m[39mPayPal access token obtained successfully

[90mstderr[2m | tests/integration/paypal.orders.test.js[2m > [22m[2mPayPal Payment Endpoints[2m > [22m[2mPOST /orders/:orderID/capture - Capture Errors[2m > [22m[2mshould return 404 for non-existent order
[22m[39mPayPal API error: {
  httpStatusCode: [33m404[39m,
  debugId: [32m'debug-not-found'[39m,
  firstIssue: [32m'ORDER_NOT_FOUND'[39m
}
PayPal API error full body: [33m404[39m {
  name: [32m'RESOURCE_NOT_FOUND'[39m,
  message: [32m'The specified resource does not exist.'[39m,
  debug_id: [32m'debug-not-found'[39m,
  details: [
    { issue: [32m'ORDER_NOT_FOUND'[39m, description: [32m'Order cannot be found.'[39m }
  ]
}

[90mstderr[2m | tests/integration/paypal.orders.test.js[2m > [22m[2mPayPal Payment Endpoints[2m > [22m[2mPOST /orders/:orderID/capture - Capture Errors[2m > [22m[2mshould return 404 for non-existent order
[22m[39mFailed to capture PayPal order: Error: PAYPAL_API_ERROR
    at handleResponse (C:/Users/pagis/OneDrive/WebDev/Projects/Online/backend/index.js:1700:17)
[90m    at processTicksAndRejections (node:internal/process/task_queues:105:5)[39m
[90m    at runNextTicks (node:internal/process/task_queues:69:3)[39m
[90m    at processTimers (node:internal/timers:520:9)[39m
    at C:/Users/pagis/OneDrive/WebDev/Projects/Online/backend/index.js:3808:46 {
  code: [32m'PAYPAL_API_ERROR'[39m,
  statusCode: [33m404[39m,
  httpStatusCode: [33m404[39m,
  paypalDebugId: [32m'debug-not-found'[39m,
  paypalDetails: [
    { issue: [32m'ORDER_NOT_FOUND'[39m, description: [32m'Order cannot be found.'[39m }
  ]
}

[90mstdout[2m | tests/integration/paypal.orders.test.js[2m > [22m[2mPayPal Payment Endpoints[2m > [22m[2mPOST /orders/:orderID/capture - Capture Errors[2m > [22m[2mshould return 422 for order not approved
[22m[39m========= PAYPAL AUTH DEBUG =========
Client ID length: [33m21[39m
Client Secret length: [33m25[39m
Base URL: https://api-m.sandbox.paypal.com
Auth token generated. Requesting PayPal access token...
Token URL: https://api-m.sandbox.paypal.com/v1/oauth2/token

[90mstdout[2m | tests/integration/paypal.orders.test.js[2m > [22m[2mPayPal Payment Endpoints[2m > [22m[2mPOST /orders/:orderID/capture - Capture Errors[2m > [22m[2mshould return 422 for order not approved
[22m[39mPayPal token response status: [33m200[39m

[90mstdout[2m | tests/integration/paypal.orders.test.js[2m > [22m[2mPayPal Payment Endpoints[2m > [22m[2mPOST /orders/:orderID/capture - Capture Errors[2m > [22m[2mshould return 422 for order not approved
[22m[39mPayPal access token obtained successfully

[90mstderr[2m | tests/integration/paypal.orders.test.js[2m > [22m[2mPayPal Payment Endpoints[2m > [22m[2mPOST /orders/:orderID/capture - Capture Errors[2m > [22m[2mshould return 422 for order not approved
[22m[39mPayPal API error: {
  httpStatusCode: [33m422[39m,
  debugId: [32m'debug-not-approved'[39m,
  firstIssue: [32m'ORDER_NOT_APPROVED'[39m
}
PayPal API error full body: [33m422[39m {
  name: [32m'UNPROCESSABLE_ENTITY'[39m,
  message: [32m'The requested action could not be performed.'[39m,
  debug_id: [32m'debug-not-approved'[39m,
  details: [
    {
      issue: [32m'ORDER_NOT_APPROVED'[39m,
      description: [32m'Order has not been approved by the buyer.'[39m
    }
  ]
}

[90mstderr[2m | tests/integration/paypal.orders.test.js[2m > [22m[2mPayPal Payment Endpoints[2m > [22m[2mPOST /orders/:orderID/capture - Capture Errors[2m > [22m[2mshould return 422 for order not approved
[22m[39mFailed to capture PayPal order: Error: PAYPAL_API_ERROR
    at handleResponse (C:/Users/pagis/OneDrive/WebDev/Projects/Online/backend/index.js:1700:17)
[90m    at processTicksAndRejections (node:internal/process/task_queues:105:5)[39m
    at C:/Users/pagis/OneDrive/WebDev/Projects/Online/backend/index.js:3808:46 {
  code: [32m'PAYPAL_API_ERROR'[39m,
  statusCode: [33m422[39m,
  httpStatusCode: [33m422[39m,
  paypalDebugId: [32m'debug-not-approved'[39m,
  paypalDetails: [
    {
      issue: [32m'ORDER_NOT_APPROVED'[39m,
      description: [32m'Order has not been approved by the buyer.'[39m
    }
  ]
}

[90mstdout[2m | tests/integration/paypal.orders.test.js[2m > [22m[2mPayPal Payment Endpoints[2m > [22m[2mPOST /orders/:orderID/capture - Capture Errors[2m > [22m[2mshould handle capture timeout
[22m[39m========= PAYPAL AUTH DEBUG =========
Client ID length: [33m21[39m
Client Secret length: [33m25[39m
Base URL: https://api-m.sandbox.paypal.com
Auth token generated. Requesting PayPal access token...
Token URL: https://api-m.sandbox.paypal.com/v1/oauth2/token

[90mstdout[2m | tests/integration/paypal.orders.test.js[2m > [22m[2mPayPal Payment Endpoints[2m > [22m[2mPOST /orders/:orderID/capture - Capture Errors[2m > [22m[2mshould handle capture timeout
[22m[39mPayPal token response status: [33m200[39m

[90mstdout[2m | tests/integration/paypal.orders.test.js[2m > [22m[2mPayPal Payment Endpoints[2m > [22m[2mPOST /orders/:orderID/capture - Capture Errors[2m > [22m[2mshould handle capture timeout
[22m[39mPayPal access token obtained successfully

[90mstdout[2m | tests/integration/stripe.webhook.test.js
[22m[39mPayPal Configuration:
  API URL: https://api-m.sandbox.paypal.com
  Client ID exists: [33mtrue[39m
  Client Secret exists: [33mtrue[39m
Allowed origins: [
  [32m'http://127.0.0.1:5500'[39m,
  [32m'http://localhost:5500'[39m,
  [32m'http://localhost:1234'[39m
]

(node:44728) [MONGOOSE] Warning: Duplicate schema index on {"sku":1} found. This is often due to declaring an index using both "index: true" and "schema.index()". Please remove the duplicate index definition.
(Use `node --trace-warnings ...` to show where the warning was created)
(node:44728) NOTE: The AWS SDK for JavaScript (v2) has reached end-of-support.
It will no longer receive updates or releases.

Please migrate your code to use AWS SDK for JavaScript (v3).
For more information, check the blog post at https://a.co/cUPnyil
[90mstderr[2m | tests/integration/stripe.webhook.test.js[2m > [22m[2mPOST /webhook - Signature Validation[2m > [22m[2mshould return 400 for missing payload
[22m[39m⚠️ Stripe webhook signature verification failed: Unexpected end of JSON input

[90mstderr[2m | tests/integration/stripe.webhook.test.js[2m > [22m[2mPOST /webhook - Signature Validation[2m > [22m[2mshould return 400 for invalid signature
[22m[39m⚠️ Stripe webhook signature verification failed: No signatures found matching the expected signature for payload. Are you passing the raw request body you received from Stripe? 
 If a webhook request is being forwarded by a third-party tool, ensure that the exact request body, including JSON formatting and new line style, is preserved.

Learn more about webhook signing and explore webhook integration examples for various frameworks at https://github.com/stripe/stripe-node#webhook-signing


[90mstderr[2m | tests/integration/stripe.webhook.test.js[2m > [22m[2mPOST /webhook - Signature Validation[2m > [22m[2mshould return 400 for tampered payload
[22m[39m⚠️ Stripe webhook signature verification failed: No signatures found matching the expected signature for payload. Are you passing the raw request body you received from Stripe? 
 If a webhook request is being forwarded by a third-party tool, ensure that the exact request body, including JSON formatting and new line style, is preserved.

Learn more about webhook signing and explore webhook integration examples for various frameworks at https://github.com/stripe/stripe-node#webhook-signing


[90mstderr[2m | tests/integration/stripe.webhook.test.js[2m > [22m[2mPOST /webhook - Signature Validation[2m > [22m[2mshould return 400 for wrong webhook secret
[22m[39m⚠️ Stripe webhook signature verification failed: No signatures found matching the expected signature for payload. Are you passing the raw request body you received from Stripe? 
 If a webhook request is being forwarded by a third-party tool, ensure that the exact request body, including JSON formatting and new line style, is preserved.

Learn more about webhook signing and explore webhook integration examples for various frameworks at https://github.com/stripe/stripe-node#webhook-signing


[90mstdout[2m | tests/integration/stripe.webhook.test.js[2m > [22m[2mPOST /webhook - Event Processing[2m > [22m[2mshould return 200 with {received: true} for valid webhook
[22m[39m2. From webhook: 1

[90mstderr[2m | tests/integration/stripe.webhook.test.js[2m > [22m[2mPOST /webhook - Event Processing[2m > [22m[2mshould return 200 with {received: true} for valid webhook
[22m[39mNo inventory update applied for product 1 (missing or out of stock)

[90mstdout[2m | tests/integration/stripe.webhook.test.js[2m > [22m[2mPOST /webhook - Event Processing[2m > [22m[2mshould process checkout.session.completed event
[22m[39m2. From webhook: 42

[90mstderr[2m | tests/integration/stripe.webhook.test.js[2m > [22m[2mPOST /webhook - Event Processing[2m > [22m[2mshould process checkout.session.completed event
[22m[39mNo inventory update applied for product 42 (missing or out of stock)

[90mstdout[2m | tests/unit/middleware/authUser.test.js
[22m[39m✓ Test database connected (mongodb-memory-server)

[90mstderr[2m | tests/integration/stripe.webhook.test.js[2m > [22m[2mPOST /webhook - Edge Cases[2m > [22m[2mshould handle expired timestamp in signature
[22m[39m⚠️ Stripe webhook signature verification failed: Timestamp outside the tolerance zone

[90mstderr[2m | tests/integration/stripe.webhook.test.js[2m > [22m[2mPOST /webhook - Edge Cases[2m > [22m[2mshould handle malformed JSON payload
[22m[39mUnhandled error: {
  status: [33m400[39m,
  code: [32m'INTERNAL_ERROR'[39m,
  path: [32m'/webhook'[39m,
  method: [32m'POST'[39m,
  message: [32m'Expected double-quoted property name in JSON at position 58 (line 1 column 59)'[39m
}

[90mstdout[2m | tests/integration/stripe.webhook.test.js[2m > [22m[2mPOST /webhook - Edge Cases[2m > [22m[2mshould handle empty event data object
[22m[39m2. From webhook: [90mundefined[39m

[90mstderr[2m | tests/integration/stripe.webhook.test.js[2m > [22m[2mPOST /webhook - Edge Cases[2m > [22m[2mshould handle empty event data object
[22m[39mWebhook missing/invalid productId: [90mundefined[39m

[90mstdout[2m | tests/integration/stripe.webhook.test.js[2m > [22m[2mPOST /webhook - Edge Cases[2m > [22m[2mshould handle signature with multiple versions
[22m[39m2. From webhook: [90mundefined[39m

[90mstderr[2m | tests/integration/stripe.webhook.test.js[2m > [22m[2mPOST /webhook - Edge Cases[2m > [22m[2mshould handle signature with multiple versions
[22m[39mWebhook missing/invalid productId: [90mundefined[39m

[90mstdout[2m | tests/integration/security.ratelimit.test.js
[22m[39m✓ Test database disconnected

 [32m✓[39m tests/integration/security.ratelimit.test.js [2m([22m[2m12 tests[22m[2m)[22m[33m 10155[2mms[22m[39m
       [33m[2m✓[22m[39m should allow requests within rate limit [33m 439[2mms[22m[39m
       [33m[2m✓[22m[39m should count invalid password attempts against rate limit [33m 1075[2mms[22m[39m
[90mstdout[2m | tests/integration/sample.integration.test.js[2m > [22m[2mSample Integration Test - Infrastructure Verification
[22m[39mPayPal Configuration:
  API URL: https://api-m.sandbox.paypal.com
  Client ID exists: [33mtrue[39m
  Client Secret exists: [33mtrue[39m
Allowed origins: [
  [32m'http://127.0.0.1:5500'[39m,
  [32m'http://localhost:5500'[39m,
  [32m'http://localhost:1234'[39m
]

(node:38424) [MONGOOSE] Warning: Duplicate schema index on {"sku":1} found. This is often due to declaring an index using both "index: true" and "schema.index()". Please remove the duplicate index definition.
(Use `node --trace-warnings ...` to show where the warning was created)
(node:38424) NOTE: The AWS SDK for JavaScript (v2) has reached end-of-support.
It will no longer receive updates or releases.

Please migrate your code to use AWS SDK for JavaScript (v3).
For more information, check the blog post at https://a.co/cUPnyil
[90mstdout[2m | tests/integration/stripe.webhook.test.js
[22m[39m✓ Test database disconnected

 [32m✓[39m tests/integration/stripe.webhook.test.js [2m([22m[2m14 tests[22m[2m)[22m[33m 8041[2mms[22m[39m
[90mstdout[2m | tests/unit/middleware/authUser.test.js[2m > [22m[2mauthUser middleware[2m > [22m[2mshould call next() and attach user for valid credentials
[22m[39mAuthenticated successfully

[90mstdout[2m | tests/integration/sample.integration.test.js[2m > [22m[2mSample Integration Test - Infrastructure Verification[2m > [22m[2mAPI Endpoint Testing[2m > [22m[2mshould respond to /allproducts endpoint
[22m[39mAll Products Fetched

[90mstdout[2m | tests/integration/sample.integration.test.js[2m > [22m[2mSample Integration Test - Infrastructure Verification[2m > [22m[2mAPI Endpoint Testing[2m > [22m[2mshould return products from test database
[22m[39mAll Products Fetched

[90mstdout[2m | tests/integration/stripe.checkout.test.js[2m > [22m[2mPOST /create-checkout-session - Stripe Integration
[22m[39mPayPal Configuration:
  API URL: https://api-m.sandbox.paypal.com
  Client ID exists: [33mtrue[39m
  Client Secret exists: [33mtrue[39m
Allowed origins: [
  [32m'http://127.0.0.1:5500'[39m,
  [32m'http://localhost:5500'[39m,
  [32m'http://localhost:1234'[39m
]

(node:49760) [MONGOOSE] Warning: Duplicate schema index on {"sku":1} found. This is often due to declaring an index using both "index: true" and "schema.index()". Please remove the duplicate index definition.
(Use `node --trace-warnings ...` to show where the warning was created)
(node:49760) NOTE: The AWS SDK for JavaScript (v2) has reached end-of-support.
It will no longer receive updates or releases.

Please migrate your code to use AWS SDK for JavaScript (v3).
For more information, check the blog post at https://a.co/cUPnyil
[90mstdout[2m | tests/integration/sample.integration.test.js
[22m[39m✓ Test database disconnected

 [32m✓[39m tests/integration/sample.integration.test.js [2m([22m[2m9 tests[22m[2m)[22m[33m 7334[2mms[22m[39m
[90mstdout[2m | tests/integration/stripe.checkout.test.js[2m > [22m[2mPOST /create-checkout-session - Stripe Integration[2m > [22m[2mPrice Validation[2m > [22m[2mshould reject product with zero price
[22m[39m=== Stripe Checkout Debug ===
Request currency: usd
Cart items received: [
  {
    "id": 1012,
    "title": "Zero Price",
    "amount": 1
  }
]

Processing item 1012 (Zero Price):
  - item.price: [90mundefined[39m type: undefined
  - item.discountedPrice: [90mundefined[39m type: undefined
  - item.originalPrice: [90mundefined[39m type: undefined
  - item.usdPrice: [90mundefined[39m type: undefined
  - item.currency: [90mundefined[39m

[90mstderr[2m | tests/integration/stripe.checkout.test.js[2m > [22m[2mPOST /create-checkout-session - Stripe Integration[2m > [22m[2mPrice Validation[2m > [22m[2mshould reject product with zero price
[22m[39mPrice validation failed: Invalid USD price for item 1012: usd_price=0, parsed=0

[90mstdout[2m | tests/integration/stripe.checkout.test.js[2m > [22m[2mPOST /create-checkout-session - Stripe Integration[2m > [22m[2mPrice Validation[2m > [22m[2mshould reject product with zero price
[22m[39m  - Product USD price from database: [33m0[39m
  - Product discount_percentage: [33m0[39m

[90mstderr[2m | tests/integration/stripe.checkout.test.js[2m > [22m[2mPOST /create-checkout-session - Stripe Integration[2m > [22m[2mPrice Validation[2m > [22m[2mshould reject product with zero price
[22m[39mError creating checkout session: Error: Invalid USD price for item 1012: usd_price=0, parsed=0
    at C:/Users/pagis/OneDrive/WebDev/Projects/Online/backend/index.js:3576:19
[90m    at processTicksAndRejections (node:internal/process/task_queues:105:5)[39m
    at async Promise.all (index 0)
    at C:/Users/pagis/OneDrive/WebDev/Projects/Online/backend/index.js:3512:19

[90mstdout[2m | tests/integration/stripe.checkout.test.js[2m > [22m[2mPOST /create-checkout-session - Stripe Integration[2m > [22m[2mPrice Validation[2m > [22m[2mshould reject product with negative price
[22m[39m=== Stripe Checkout Debug ===
Request currency: usd
Cart items received: [
  {
    "id": 1013,
    "title": "Negative Price",
    "amount": 1
  }
]

Processing item 1013 (Negative Price):
  - item.price: [90mundefined[39m type: undefined
  - item.discountedPrice: [90mundefined[39m type: undefined
  - item.originalPrice: [90mundefined[39m type: undefined
  - item.usdPrice: [90mundefined[39m type: undefined
  - item.currency: [90mundefined[39m

[90mstderr[2m | tests/integration/stripe.checkout.test.js[2m > [22m[2mPOST /create-checkout-session - Stripe Integration[2m > [22m[2mPrice Validation[2m > [22m[2mshould reject product with negative price
[22m[39mPrice validation failed: Invalid USD price for item 1013: usd_price=-10, parsed=-10

[90mstdout[2m | tests/integration/stripe.checkout.test.js[2m > [22m[2mPOST /create-checkout-session - Stripe Integration[2m > [22m[2mPrice Validation[2m > [22m[2mshould reject product with negative price
[22m[39m  - Product USD price from database: [33m-10[39m
  - Product discount_percentage: [33m0[39m

[90mstderr[2m | tests/integration/stripe.checkout.test.js[2m > [22m[2mPOST /create-checkout-session - Stripe Integration[2m > [22m[2mPrice Validation[2m > [22m[2mshould reject product with negative price
[22m[39mError creating checkout session: Error: Invalid USD price for item 1013: usd_price=-10, parsed=-10
    at C:/Users/pagis/OneDrive/WebDev/Projects/Online/backend/index.js:3576:19
[90m    at processTicksAndRejections (node:internal/process/task_queues:105:5)[39m
    at async Promise.all (index 0)
    at C:/Users/pagis/OneDrive/WebDev/Projects/Online/backend/index.js:3512:19

[90mstdout[2m | tests/integration/auth.signup.test.js
[22m[39m✓ Test database disconnected

 [32m✓[39m tests/integration/auth.signup.test.js [2m([22m[2m10 tests[22m[2m)[22m[33m 9686[2mms[22m[39m
       [33m[2m✓[22m[39m should create user and return 201 for valid signup data [33m 634[2mms[22m[39m
       [33m[2m✓[22m[39m should hash password before storing in database [33m 473[2mms[22m[39m
       [33m[2m✓[22m[39m should generate unique salt for each password hash [33m 636[2mms[22m[39m
[90mstdout[2m | tests/integration/stripe.checkout.test.js
[22m[39m✓ Test database disconnected

 [32m✓[39m tests/integration/stripe.checkout.test.js [2m([22m[2m7 tests[22m[2m)[22m[33m 7701[2mms[22m[39m
       [33m[2m✓[22m[39m should return 400 for empty items array [33m 342[2mms[22m[39m
[90mstderr[2m | tests/unit/middleware/authUser.test.js[2m > [22m[2mauthUser middleware[2m > [22m[2mshould throw error for user with invalid userType
[22m[39mAuth error: Error: No access
    at authUser (C:/Users/pagis/OneDrive/WebDev/Projects/Online/backend/middleware/auth.js:37:15)
[90m    at processTicksAndRejections (node:internal/process/task_queues:105:5)[39m
    at C:/Users/pagis/OneDrive/WebDev/Projects/Online/backend/tests/unit/middleware/authUser.test.js:155:5
    at [90mfile:///C:/Users/pagis/OneDrive/WebDev/Projects/Online/backend/[39mnode_modules/[4m@vitest[24m/runner/dist/index.js:915:20

[90mstdout[2m | tests/unit/middleware/authUser.test.js[2m > [22m[2mauthUser middleware[2m > [22m[2mshould authenticate admin user with admin userType
[22m[39mAuthenticated successfully

[90mstdout[2m | tests/unit/middleware/authUser.test.js
[22m[39m✓ Test database disconnected

 [32m✓[39m tests/unit/middleware/authUser.test.js [2m([22m[2m10 tests[22m[2m)[22m[33m 7912[2mms[22m[39m
     [33m[2m✓[22m[39m should call next() and attach user for valid credentials [33m 657[2mms[22m[39m
     [33m[2m✓[22m[39m should return 401 for incorrect password [33m 472[2mms[22m[39m
     [33m[2m✓[22m[39m should throw error for user with invalid userType [33m 631[2mms[22m[39m
     [33m[2m✓[22m[39m should authenticate admin user with admin userType [33m 811[2mms[22m[39m
     [33m[2m✓[22m[39m should handle bcrypt comparison errors gracefully [33m 365[2mms[22m[39m
     [33m[2m✓[22m[39m should handle missing email field in body [33m 501[2mms[22m[39m
     [33m[2m✓[22m[39m should handle missing password field in body [33m 330[2mms[22m[39m
     [33m[2m✓[22m[39m should not attach user to req on authentication failure [33m 500[2mms[22m[39m
(node:8380) [MONGOOSE] Warning: Duplicate schema index on {"sku":1} found. This is often due to declaring an index using both "index: true" and "schema.index()". Please remove the duplicate index definition.
(Use `node --trace-warnings ...` to show where the warning was created)
[90mstdout[2m | tests/integration/currency.conversion.test.js
[22m[39m✓ Test database connected (mongodb-memory-server)

[90mstdout[2m | tests/integration/auth.login.test.js
[22m[39m✓ Test database connected (mongodb-memory-server)

[90mstdout[2m | tests/integration/payment.validation.test.js
[22m[39m✓ Test database connected (mongodb-memory-server)

[90mstdout[2m | tests/integration/security.cors.test.js
[22m[39m✓ Test database connected (mongodb-memory-server)

[90mstdout[2m | tests/unit/middleware/fetchUser.test.js
[22m[39m✓ Test database connected (mongodb-memory-server)

[90mstdout[2m | tests/integration/currency.conversion.test.js[2m > [22m[2mAdmin Exchange Rate Update Endpoint
[22m[39mPayPal Configuration:
  API URL: https://api-m.sandbox.paypal.com
  Client ID exists: [33mtrue[39m
  Client Secret exists: [33mtrue[39m
Allowed origins: [
  [32m'http://127.0.0.1:5500'[39m,
  [32m'http://localhost:5500'[39m,
  [32m'http://localhost:1234'[39m
]

(node:47592) [MONGOOSE] Warning: Duplicate schema index on {"sku":1} found. This is often due to declaring an index using both "index: true" and "schema.index()". Please remove the duplicate index definition.
(Use `node --trace-warnings ...` to show where the warning was created)
(node:47592) NOTE: The AWS SDK for JavaScript (v2) has reached end-of-support.
It will no longer receive updates or releases.

Please migrate your code to use AWS SDK for JavaScript (v3).
For more information, check the blog post at https://a.co/cUPnyil
[90mstdout[2m | tests/unit/middleware/fetchUser.test.js
[22m[39m✓ Test database disconnected

 [32m✓[39m tests/unit/middleware/fetchUser.test.js [2m([22m[2m19 tests[22m[2m)[22m[33m 4796[2mms[22m[39m
[90mstdout[2m | tests/integration/auth.login.test.js[2m > [22m[2mPOST /login - Authentication
[22m[39mPayPal Configuration:
  API URL: https://api-m.sandbox.paypal.com
  Client ID exists: [33mtrue[39m
  Client Secret exists: [33mtrue[39m
Allowed origins: [
  [32m'http://127.0.0.1:5500'[39m,
  [32m'http://localhost:5500'[39m,
  [32m'http://localhost:1234'[39m
]

(node:47896) [MONGOOSE] Warning: Duplicate schema index on {"sku":1} found. This is often due to declaring an index using both "index: true" and "schema.index()". Please remove the duplicate index definition.
(Use `node --trace-warnings ...` to show where the warning was created)
[90mstdout[2m | tests/models/product.test.js
[22m[39m✓ Test database connected (mongodb-memory-server)

(node:47896) NOTE: The AWS SDK for JavaScript (v2) has reached end-of-support.
It will no longer receive updates or releases.

Please migrate your code to use AWS SDK for JavaScript (v3).
For more information, check the blog post at https://a.co/cUPnyil
(node:49536) [MONGOOSE] Warning: Duplicate schema index on {"sku":1} found. This is often due to declaring an index using both "index: true" and "schema.index()". Please remove the duplicate index definition.
(Use `node --trace-warnings ...` to show where the warning was created)
[90mstdout[2m | tests/integration/currency.conversion.test.js[2m > [22m[2mAdmin Exchange Rate Update Endpoint[2m > [22m[2mPOST /admin/update-exchange-rate[2m > [22m[2mshould return 200 and success message when admin triggers update
[22m[39m
=== Starting Daily Exchange Rate Update ===

[90mstdout[2m | tests/integration/currency.conversion.test.js[2m > [22m[2mAdmin Exchange Rate Update Endpoint[2m > [22m[2mPOST /admin/update-exchange-rate[2m > [22m[2mshould return 200 and success message when admin triggers update
[22m[39mExchange rate updated: 3.8 (source: exchangerate-api.com)

[90mstdout[2m | tests/integration/currency.conversion.test.js[2m > [22m[2mAdmin Exchange Rate Update Endpoint[2m > [22m[2mPOST /admin/update-exchange-rate[2m > [22m[2mshould return 200 and success message when admin triggers update
[22m[39m✓ Exchange rate updated: 3.8 (source: exchangerate-api.com)

[90mstdout[2m | tests/integration/currency.conversion.test.js[2m > [22m[2mAdmin Exchange Rate Update Endpoint[2m > [22m[2mPOST /admin/update-exchange-rate[2m > [22m[2mshould return 200 and success message when admin triggers update
[22m[39m✓ Updated 0 product USD prices
=== Exchange Rate Update Complete ===


[90mstdout[2m | tests/integration/payment.validation.test.js[2m > [22m[2mPayment Validation Tests - PayPal & Stripe
[22m[39mPayPal Configuration:
  API URL: https://api-m.sandbox.paypal.com
  Client ID exists: [33mtrue[39m
  Client Secret exists: [33mtrue[39m
Allowed origins: [
  [32m'http://127.0.0.1:5500'[39m,
  [32m'http://localhost:5500'[39m,
  [32m'http://localhost:1234'[39m
]

(node:33324) [MONGOOSE] Warning: Duplicate schema index on {"sku":1} found. This is often due to declaring an index using both "index: true" and "schema.index()". Please remove the duplicate index definition.
(Use `node --trace-warnings ...` to show where the warning was created)
(node:33324) NOTE: The AWS SDK for JavaScript (v2) has reached end-of-support.
It will no longer receive updates or releases.

Please migrate your code to use AWS SDK for JavaScript (v3).
For more information, check the blog post at https://a.co/cUPnyil
[90mstdout[2m | tests/integration/payment.validation.test.js[2m > [22m[2mPayment Validation Tests - PayPal & Stripe[2m > [22m[2mPOST /orders - Amount Validation (PAY-12)[2m > [22m[2mshould return error for negative unit_amount.value (passes validation, PayPal rejects)
[22m[39mCreating PayPal order with cart: [
  {
    "name": "Test Product",
    "unit_amount": {
      "value": "-50.00",
      "currency_code": "USD"
    },
    "quantity": "1"
  }
]
shopping cart information passed from the frontend createOrder() callback: [
  {
    name: [32m'Test Product'[39m,
    unit_amount: { value: [32m'-50.00'[39m, currency_code: [32m'USD'[39m },
    quantity: [32m'1'[39m
  }
]
========= PAYPAL AUTH DEBUG =========
Client ID length: [33m21[39m
Client Secret length: [33m25[39m
Base URL: https://api-m.sandbox.paypal.com
Auth token generated. Requesting PayPal access token...
Token URL: https://api-m.sandbox.paypal.com/v1/oauth2/token

[90mstdout[2m | tests/integration/auth.login.test.js[2m > [22m[2mPOST /login - Authentication[2m > [22m[2mSuccess Cases[2m > [22m[2mshould return 200 and JWT token for valid user credentials
[22m[39mAuthenticated successfully
Token created for user: logintest@example.com

[90mstdout[2m | tests/integration/payment.validation.test.js[2m > [22m[2mPayment Validation Tests - PayPal & Stripe[2m > [22m[2mPOST /orders - Amount Validation (PAY-12)[2m > [22m[2mshould return error for negative unit_amount.value (passes validation, PayPal rejects)
[22m[39mPayPal token response status: [33m200[39m

[90mstdout[2m | tests/integration/payment.validation.test.js[2m > [22m[2mPayment Validation Tests - PayPal & Stripe[2m > [22m[2mPOST /orders - Amount Validation (PAY-12)[2m > [22m[2mshould return error for negative unit_amount.value (passes validation, PayPal rejects)
[22m[39mPayPal access token obtained successfully

[90mstdout[2m | tests/integration/payment.validation.test.js[2m > [22m[2mPayment Validation Tests - PayPal & Stripe[2m > [22m[2mPOST /orders - Amount Validation (PAY-12)[2m > [22m[2mshould return error for negative unit_amount.value (passes validation, PayPal rejects)
[22m[39mPayPal access token received: Success
PayPal API URL: https://api-m.sandbox.paypal.com/v2/checkout/orders
PayPal order payload: {
  "intent": "CAPTURE",
  "purchase_units": [
    {
      "amount": {
        "currency_code": "USD",
        "value": "-50.00",
        "breakdown": {
          "item_total": {
            "currency_code": "USD",
            "value": "-50.00"
          }
        }
      },
      "items": [
        {
          "name": "Test Product",
          "unit_amount": {
            "currency_code": "USD",
            "value": "-50.00"
          },
          "quantity": "1"
        }
      ]
    }
  ],
  "application_context": {
    "return_url": "undefined/complete-order",
    "cancel_url": "undefined/html/cart.html",
    "user_action": "PAY_NOW",
    "brand_name": "Tamar Kfir Jewelry"
  }
}

[90mstderr[2m | tests/integration/payment.validation.test.js[2m > [22m[2mPayment Validation Tests - PayPal & Stripe[2m > [22m[2mPOST /orders - Amount Validation (PAY-12)[2m > [22m[2mshould return error for negative unit_amount.value (passes validation, PayPal rejects)
[22m[39mError creating PayPal order: Error: Nock: No match for request {
  "method": "POST",
  "url": "https://api-m.sandbox.paypal.com/v2/checkout/orders",
  "headers": {
    "authorization": "Bearer test-token",
    "content-type": "application/json"
  },
  "body": "{\"intent\":\"CAPTURE\",\"purchase_units\":[{\"amount\":{\"currency_code\":\"USD\",\"value\":\"-50.00\",\"breakdown\":{\"item_total\":{\"currency_code\":\"USD\",\"value\":\"-50.00\"}}},\"items\":[{\"name\":\"Test Product\",\"unit_amount\":{\"currency_code\":\"USD\",\"value\":\"-50.00\"},\"quantity\":\"1\"}]}],\"application_context\":{\"return_url\":\"undefined/complete-order\",\"cancel_url\":\"undefined/html/cart.html\",\"user_action\":\"PAY_NOW\",\"brand_name\":\"Tamar Kfir Jewelry\"}}"
}
    at InterceptedRequestRouter.startPlayback [90m(C:\Users\pagis\OneDrive\WebDev\Projects\Online\backend\[39mnode_modules\[4mnock[24m\lib\intercepted_request_router.js:334:21[90m)[39m
    at InterceptedRequestRouter.maybeStartPlayback [90m(C:\Users\pagis\OneDrive\WebDev\Projects\Online\backend\[39mnode_modules\[4mnock[24m\lib\intercepted_request_router.js:263:12[90m)[39m
    at InterceptedRequestRouter.connectSocket [90m(C:\Users\pagis\OneDrive\WebDev\Projects\Online\backend\[39mnode_modules\[4mnock[24m\lib\intercepted_request_router.js:135:12[90m)[39m
    at [90mC:\Users\pagis\OneDrive\WebDev\Projects\Online\backend\[39mnode_modules\[4mnock[24m\lib\intercepted_request_router.js:73:33
[90m    at processTicksAndRejections (node:internal/process/task_queues:85:11)[39m {
  code: [32m'ERR_NOCK_NO_MATCH'[39m,
  status: [33m404[39m,
  statusCode: [33m404[39m
}

[90mstderr[2m | tests/integration/payment.validation.test.js[2m > [22m[2mPayment Validation Tests - PayPal & Stripe[2m > [22m[2mPOST /orders - Amount Validation (PAY-12)[2m > [22m[2mshould return error for negative unit_amount.value (passes validation, PayPal rejects)
[22m[39mFailed to create PayPal order: ERR_NOCK_NO_MATCH

[90mstdout[2m | tests/integration/payment.validation.test.js[2m > [22m[2mPayment Validation Tests - PayPal & Stripe[2m > [22m[2mPOST /orders - Amount Validation (PAY-12)[2m > [22m[2mshould return error for zero unit_amount.value (passes validation, fails on PayPal)
[22m[39mCreating PayPal order with cart: [
  {
    "name": "Test Product",
    "unit_amount": {
      "value": "0.00",
      "currency_code": "USD"
    },
    "quantity": "1"
  }
]
shopping cart information passed from the frontend createOrder() callback: [
  {
    name: [32m'Test Product'[39m,
    unit_amount: { value: [32m'0.00'[39m, currency_code: [32m'USD'[39m },
    quantity: [32m'1'[39m
  }
]
========= PAYPAL AUTH DEBUG =========
Client ID length: [33m21[39m
Client Secret length: [33m25[39m
Base URL: https://api-m.sandbox.paypal.com
Auth token generated. Requesting PayPal access token...
Token URL: https://api-m.sandbox.paypal.com/v1/oauth2/token

[90mstdout[2m | tests/integration/payment.validation.test.js[2m > [22m[2mPayment Validation Tests - PayPal & Stripe[2m > [22m[2mPOST /orders - Amount Validation (PAY-12)[2m > [22m[2mshould return error for zero unit_amount.value (passes validation, fails on PayPal)
[22m[39mPayPal token response status: [33m200[39m

[90mstdout[2m | tests/integration/payment.validation.test.js[2m > [22m[2mPayment Validation Tests - PayPal & Stripe[2m > [22m[2mPOST /orders - Amount Validation (PAY-12)[2m > [22m[2mshould return error for zero unit_amount.value (passes validation, fails on PayPal)
[22m[39mPayPal access token obtained successfully

[90mstdout[2m | tests/integration/payment.validation.test.js[2m > [22m[2mPayment Validation Tests - PayPal & Stripe[2m > [22m[2mPOST /orders - Amount Validation (PAY-12)[2m > [22m[2mshould return error for zero unit_amount.value (passes validation, fails on PayPal)
[22m[39mPayPal access token received: Success
PayPal API URL: https://api-m.sandbox.paypal.com/v2/checkout/orders
PayPal order payload: {
  "intent": "CAPTURE",
  "purchase_units": [
    {
      "amount": {
        "currency_code": "USD",
        "value": "0.00",
        "breakdown": {
          "item_total": {
            "currency_code": "USD",
            "value": "0.00"
          }
        }
      },
      "items": [
        {
          "name": "Test Product",
          "unit_amount": {
            "currency_code": "USD",
            "value": "0.00"
          },
          "quantity": "1"
        }
      ]
    }
  ],
  "application_context": {
    "return_url": "undefined/complete-order",
    "cancel_url": "undefined/html/cart.html",
    "user_action": "PAY_NOW",
    "brand_name": "Tamar Kfir Jewelry"
  }
}

[90mstderr[2m | tests/integration/payment.validation.test.js[2m > [22m[2mPayment Validation Tests - PayPal & Stripe[2m > [22m[2mPOST /orders - Amount Validation (PAY-12)[2m > [22m[2mshould return error for zero unit_amount.value (passes validation, fails on PayPal)
[22m[39mError creating PayPal order: Error: Nock: No match for request {
  "method": "POST",
  "url": "https://api-m.sandbox.paypal.com/v2/checkout/orders",
  "headers": {
    "authorization": "Bearer test-token",
    "content-type": "application/json"
  },
  "body": "{\"intent\":\"CAPTURE\",\"purchase_units\":[{\"amount\":{\"currency_code\":\"USD\",\"value\":\"0.00\",\"breakdown\":{\"item_total\":{\"currency_code\":\"USD\",\"value\":\"0.00\"}}},\"items\":[{\"name\":\"Test Product\",\"unit_amount\":{\"currency_code\":\"USD\",\"value\":\"0.00\"},\"quantity\":\"1\"}]}],\"application_context\":{\"return_url\":\"undefined/complete-order\",\"cancel_url\":\"undefined/html/cart.html\",\"user_action\":\"PAY_NOW\",\"brand_name\":\"Tamar Kfir Jewelry\"}}"
}
    at InterceptedRequestRouter.startPlayback [90m(C:\Users\pagis\OneDrive\WebDev\Projects\Online\backend\[39mnode_modules\[4mnock[24m\lib\intercepted_request_router.js:334:21[90m)[39m
    at InterceptedRequestRouter.maybeStartPlayback [90m(C:\Users\pagis\OneDrive\WebDev\Projects\Online\backend\[39mnode_modules\[4mnock[24m\lib\intercepted_request_router.js:263:12[90m)[39m
    at InterceptedRequestRouter.connectSocket [90m(C:\Users\pagis\OneDrive\WebDev\Projects\Online\backend\[39mnode_modules\[4mnock[24m\lib\intercepted_request_router.js:135:12[90m)[39m
    at [90mC:\Users\pagis\OneDrive\WebDev\Projects\Online\backend\[39mnode_modules\[4mnock[24m\lib\intercepted_request_router.js:73:33
[90m    at processTicksAndRejections (node:internal/process/task_queues:85:11)[39m {
  code: [32m'ERR_NOCK_NO_MATCH'[39m,
  status: [33m404[39m,
  statusCode: [33m404[39m
}

[90mstderr[2m | tests/integration/payment.validation.test.js[2m > [22m[2mPayment Validation Tests - PayPal & Stripe[2m > [22m[2mPOST /orders - Amount Validation (PAY-12)[2m > [22m[2mshould return error for zero unit_amount.value (passes validation, fails on PayPal)
[22m[39mFailed to create PayPal order: ERR_NOCK_NO_MATCH

[90mstdout[2m | tests/integration/security.cors.test.js[2m > [22m[2mCORS Middleware - Production Mode (Simulated)
[22m[39mPayPal Configuration:
  API URL: https://api-m.sandbox.paypal.com
  Client ID exists: [33mtrue[39m
  Client Secret exists: [33mtrue[39m
Allowed origins: [
  [32m'https://example.com'[39m,
  [32m'https://admin.example.com'[39m,
  [32m'https://www.example.com'[39m,
  [32m'https://api.example.com'[39m,
  [32m'http://127.0.0.1:5500'[39m,
  [32m'http://localhost:5500'[39m,
  [32m'http://localhost:1234'[39m
]

(node:49528) [MONGOOSE] Warning: Duplicate schema index on {"sku":1} found. This is often due to declaring an index using both "index: true" and "schema.index()". Please remove the duplicate index definition.
(Use `node --trace-warnings ...` to show where the warning was created)
[90mstdout[2m | tests/integration/payment.validation.test.js[2m > [22m[2mPayment Validation Tests - PayPal & Stripe[2m > [22m[2mPOST /orders - Amount Validation (PAY-12)[2m > [22m[2mshould return 500 for non-numeric unit_amount.value (caught in createOrder)
[22m[39mCreating PayPal order with cart: [
  {
    "name": "Test Product",
    "unit_amount": {
      "value": "invalid",
      "currency_code": "USD"
    },
    "quantity": "1"
  }
]
shopping cart information passed from the frontend createOrder() callback: [
  {
    name: [32m'Test Product'[39m,
    unit_amount: { value: [32m'invalid'[39m, currency_code: [32m'USD'[39m },
    quantity: [32m'1'[39m
  }
]

[90mstderr[2m | tests/integration/payment.validation.test.js[2m > [22m[2mPayment Validation Tests - PayPal & Stripe[2m > [22m[2mPOST /orders - Amount Validation (PAY-12)[2m > [22m[2mshould return 500 for non-numeric unit_amount.value (caught in createOrder)
[22m[39mError creating PayPal order: Error: Invalid item amount or quantity
    at C:/Users/pagis/OneDrive/WebDev/Projects/Online/backend/index.js:1541:15
    at Array.reduce (<anonymous>)
    at createOrder (C:/Users/pagis/OneDrive/WebDev/Projects/Online/backend/index.js:1537:29)
    at C:/Users/pagis/OneDrive/WebDev/Projects/Online/backend/index.js:3771:26
    at Layer.handle [as handle_request] [90m(C:\Users\pagis\OneDrive\WebDev\Projects\Online\backend\[39mnode_modules\[4mexpress[24m\lib\router\layer.js:95:5[90m)[39m
    at next [90m(C:\Users\pagis\OneDrive\WebDev\Projects\Online\backend\[39mnode_modules\[4mexpress[24m\lib\router\route.js:149:13[90m)[39m
    at [90mC:\Users\pagis\OneDrive\WebDev\Projects\Online\backend\[39mnode_modules\[4mexpress-rate-limit[24m\dist\index.cjs:807:7
[90m    at processTicksAndRejections (node:internal/process/task_queues:105:5)[39m
    at [90mC:\Users\pagis\OneDrive\WebDev\Projects\Online\backend\[39mnode_modules\[4mexpress-rate-limit[24m\dist\index.cjs:691:5

[90mstderr[2m | tests/integration/payment.validation.test.js[2m > [22m[2mPayment Validation Tests - PayPal & Stripe[2m > [22m[2mPOST /orders - Amount Validation (PAY-12)[2m > [22m[2mshould return 500 for non-numeric unit_amount.value (caught in createOrder)
[22m[39mFailed to create PayPal order: Invalid item amount or quantity

[90mstdout[2m | tests/integration/payment.validation.test.js[2m > [22m[2mPayment Validation Tests - PayPal & Stripe[2m > [22m[2mPOST /orders - Amount Validation (PAY-12)[2m > [22m[2mshould return error for extremely large amount (passes to PayPal)
[22m[39mCreating PayPal order with cart: [
  {
    "name": "Test Product",
    "unit_amount": {
      "value": "9999999999.99",
      "currency_code": "USD"
    },
    "quantity": "1"
  }
]
shopping cart information passed from the frontend createOrder() callback: [
  {
    name: [32m'Test Product'[39m,
    unit_amount: { value: [32m'9999999999.99'[39m, currency_code: [32m'USD'[39m },
    quantity: [32m'1'[39m
  }
]
========= PAYPAL AUTH DEBUG =========
Client ID length: [33m21[39m
Client Secret length: [33m25[39m
Base URL: https://api-m.sandbox.paypal.com
Auth token generated. Requesting PayPal access token...
Token URL: https://api-m.sandbox.paypal.com/v1/oauth2/token

(node:49528) NOTE: The AWS SDK for JavaScript (v2) has reached end-of-support.
It will no longer receive updates or releases.

Please migrate your code to use AWS SDK for JavaScript (v3).
For more information, check the blog post at https://a.co/cUPnyil
[90mstdout[2m | tests/integration/auth.login.test.js[2m > [22m[2mPOST /login - Authentication[2m > [22m[2mSuccess Cases[2m > [22m[2mshould return adminCheck field matching user type for regular user
[22m[39mAuthenticated successfully
Token created for user: regularuser@example.com

[90mstdout[2m | tests/integration/payment.validation.test.js[2m > [22m[2mPayment Validation Tests - PayPal & Stripe[2m > [22m[2mPOST /orders - Amount Validation (PAY-12)[2m > [22m[2mshould return error for extremely large amount (passes to PayPal)
[22m[39mPayPal token response status: [33m200[39m

[90mstdout[2m | tests/integration/payment.validation.test.js[2m > [22m[2mPayment Validation Tests - PayPal & Stripe[2m > [22m[2mPOST /orders - Amount Validation (PAY-12)[2m > [22m[2mshould return error for extremely large amount (passes to PayPal)
[22m[39mPayPal access token obtained successfully

[90mstdout[2m | tests/integration/payment.validation.test.js[2m > [22m[2mPayment Validation Tests - PayPal & Stripe[2m > [22m[2mPOST /orders - Amount Validation (PAY-12)[2m > [22m[2mshould return error for extremely large amount (passes to PayPal)
[22m[39mPayPal access token received: Success
PayPal API URL: https://api-m.sandbox.paypal.com/v2/checkout/orders
PayPal order payload: {
  "intent": "CAPTURE",
  "purchase_units": [
    {
      "amount": {
        "currency_code": "USD",
        "value": "9999999999.99",
        "breakdown": {
          "item_total": {
            "currency_code": "USD",
            "value": "9999999999.99"
          }
        }
      },
      "items": [
        {
          "name": "Test Product",
          "unit_amount": {
            "currency_code": "USD",
            "value": "9999999999.99"
          },
          "quantity": "1"
        }
      ]
    }
  ],
  "application_context": {
    "return_url": "undefined/complete-order",
    "cancel_url": "undefined/html/cart.html",
    "user_action": "PAY_NOW",
    "brand_name": "Tamar Kfir Jewelry"
  }
}

[90mstderr[2m | tests/integration/payment.validation.test.js[2m > [22m[2mPayment Validation Tests - PayPal & Stripe[2m > [22m[2mPOST /orders - Amount Validation (PAY-12)[2m > [22m[2mshould return error for extremely large amount (passes to PayPal)
[22m[39mError creating PayPal order: Error: Nock: No match for request {
  "method": "POST",
  "url": "https://api-m.sandbox.paypal.com/v2/checkout/orders",
  "headers": {
    "authorization": "Bearer test-token",
    "content-type": "application/json"
  },
  "body": "{\"intent\":\"CAPTURE\",\"purchase_units\":[{\"amount\":{\"currency_code\":\"USD\",\"value\":\"9999999999.99\",\"breakdown\":{\"item_total\":{\"currency_code\":\"USD\",\"value\":\"9999999999.99\"}}},\"items\":[{\"name\":\"Test Product\",\"unit_amount\":{\"currency_code\":\"USD\",\"value\":\"9999999999.99\"},\"quantity\":\"1\"}]}],\"application_context\":{\"return_url\":\"undefined/complete-order\",\"cancel_url\":\"undefined/html/cart.html\",\"user_action\":\"PAY_NOW\",\"brand_name\":\"Tamar Kfir Jewelry\"}}"
}
    at InterceptedRequestRouter.startPlayback [90m(C:\Users\pagis\OneDrive\WebDev\Projects\Online\backend\[39mnode_modules\[4mnock[24m\lib\intercepted_request_router.js:334:21[90m)[39m
    at InterceptedRequestRouter.maybeStartPlayback [90m(C:\Users\pagis\OneDrive\WebDev\Projects\Online\backend\[39mnode_modules\[4mnock[24m\lib\intercepted_request_router.js:263:12[90m)[39m
    at InterceptedRequestRouter.connectSocket [90m(C:\Users\pagis\OneDrive\WebDev\Projects\Online\backend\[39mnode_modules\[4mnock[24m\lib\intercepted_request_router.js:135:12[90m)[39m
    at [90mC:\Users\pagis\OneDrive\WebDev\Projects\Online\backend\[39mnode_modules\[4mnock[24m\lib\intercepted_request_router.js:73:33
[90m    at processTicksAndRejections (node:internal/process/task_queues:85:11)[39m {
  code: [32m'ERR_NOCK_NO_MATCH'[39m,
  status: [33m404[39m,
  statusCode: [33m404[39m
}

[90mstderr[2m | tests/integration/payment.validation.test.js[2m > [22m[2mPayment Validation Tests - PayPal & Stripe[2m > [22m[2mPOST /orders - Amount Validation (PAY-12)[2m > [22m[2mshould return error for extremely large amount (passes to PayPal)
[22m[39mFailed to create PayPal order: ERR_NOCK_NO_MATCH

[90mstdout[2m | tests/integration/payment.validation.test.js[2m > [22m[2mPayment Validation Tests - PayPal & Stripe[2m > [22m[2mPOST /orders - Amount Validation (PAY-12)[2m > [22m[2mshould return 500 for missing unit_amount.value
[22m[39mCreating PayPal order with cart: [
  {
    "name": "Test Product",
    "unit_amount": {
      "currency_code": "USD"
    },
    "quantity": "1"
  }
]
shopping cart information passed from the frontend createOrder() callback: [
  {
    name: [32m'Test Product'[39m,
    unit_amount: { currency_code: [32m'USD'[39m },
    quantity: [32m'1'[39m
  }
]

[90mstderr[2m | tests/integration/payment.validation.test.js[2m > [22m[2mPayment Validation Tests - PayPal & Stripe[2m > [22m[2mPOST /orders - Amount Validation (PAY-12)[2m > [22m[2mshould return 500 for missing unit_amount.value
[22m[39mError creating PayPal order: Error: Invalid item amount or quantity
    at C:/Users/pagis/OneDrive/WebDev/Projects/Online/backend/index.js:1541:15
    at Array.reduce (<anonymous>)
    at createOrder (C:/Users/pagis/OneDrive/WebDev/Projects/Online/backend/index.js:1537:29)
    at C:/Users/pagis/OneDrive/WebDev/Projects/Online/backend/index.js:3771:26
    at Layer.handle [as handle_request] [90m(C:\Users\pagis\OneDrive\WebDev\Projects\Online\backend\[39mnode_modules\[4mexpress[24m\lib\router\layer.js:95:5[90m)[39m
    at next [90m(C:\Users\pagis\OneDrive\WebDev\Projects\Online\backend\[39mnode_modules\[4mexpress[24m\lib\router\route.js:149:13[90m)[39m
    at [90mC:\Users\pagis\OneDrive\WebDev\Projects\Online\backend\[39mnode_modules\[4mexpress-rate-limit[24m\dist\index.cjs:807:7
[90m    at processTicksAndRejections (node:internal/process/task_queues:105:5)[39m
    at [90mC:\Users\pagis\OneDrive\WebDev\Projects\Online\backend\[39mnode_modules\[4mexpress-rate-limit[24m\dist\index.cjs:691:5

[90mstderr[2m | tests/integration/payment.validation.test.js[2m > [22m[2mPayment Validation Tests - PayPal & Stripe[2m > [22m[2mPOST /orders - Amount Validation (PAY-12)[2m > [22m[2mshould return 500 for missing unit_amount.value
[22m[39mFailed to create PayPal order: Invalid item amount or quantity

[90mstdout[2m | tests/integration/payment.validation.test.js[2m > [22m[2mPayment Validation Tests - PayPal & Stripe[2m > [22m[2mPOST /orders - Amount Validation (PAY-12)[2m > [22m[2mshould return 500 for negative quantity
[22m[39mCreating PayPal order with cart: [
  {
    "name": "Test Product",
    "unit_amount": {
      "value": "50.00",
      "currency_code": "USD"
    },
    "quantity": "-1"
  }
]
shopping cart information passed from the frontend createOrder() callback: [
  {
    name: [32m'Test Product'[39m,
    unit_amount: { value: [32m'50.00'[39m, currency_code: [32m'USD'[39m },
    quantity: [32m'-1'[39m
  }
]

[90mstderr[2m | tests/integration/payment.validation.test.js[2m > [22m[2mPayment Validation Tests - PayPal & Stripe[2m > [22m[2mPOST /orders - Amount Validation (PAY-12)[2m > [22m[2mshould return 500 for negative quantity
[22m[39mError creating PayPal order: Error: Invalid item amount or quantity
    at C:/Users/pagis/OneDrive/WebDev/Projects/Online/backend/index.js:1541:15
    at Array.reduce (<anonymous>)
    at createOrder (C:/Users/pagis/OneDrive/WebDev/Projects/Online/backend/index.js:1537:29)
    at C:/Users/pagis/OneDrive/WebDev/Projects/Online/backend/index.js:3771:26
    at Layer.handle [as handle_request] [90m(C:\Users\pagis\OneDrive\WebDev\Projects\Online\backend\[39mnode_modules\[4mexpress[24m\lib\router\layer.js:95:5[90m)[39m
    at next [90m(C:\Users\pagis\OneDrive\WebDev\Projects\Online\backend\[39mnode_modules\[4mexpress[24m\lib\router\route.js:149:13[90m)[39m
    at [90mC:\Users\pagis\OneDrive\WebDev\Projects\Online\backend\[39mnode_modules\[4mexpress-rate-limit[24m\dist\index.cjs:807:7
[90m    at processTicksAndRejections (node:internal/process/task_queues:105:5)[39m
    at [90mC:\Users\pagis\OneDrive\WebDev\Projects\Online\backend\[39mnode_modules\[4mexpress-rate-limit[24m\dist\index.cjs:691:5

[90mstderr[2m | tests/integration/payment.validation.test.js[2m > [22m[2mPayment Validation Tests - PayPal & Stripe[2m > [22m[2mPOST /orders - Amount Validation (PAY-12)[2m > [22m[2mshould return 500 for negative quantity
[22m[39mFailed to create PayPal order: Invalid item amount or quantity

[90mstdout[2m | tests/integration/payment.validation.test.js[2m > [22m[2mPayment Validation Tests - PayPal & Stripe[2m > [22m[2mPOST /orders - Amount Validation (PAY-12)[2m > [22m[2mshould return 500 for zero quantity
[22m[39mCreating PayPal order with cart: [
  {
    "name": "Test Product",
    "unit_amount": {
      "value": "50.00",
      "currency_code": "USD"
    },
    "quantity": "0"
  }
]
shopping cart information passed from the frontend createOrder() callback: [
  {
    name: [32m'Test Product'[39m,
    unit_amount: { value: [32m'50.00'[39m, currency_code: [32m'USD'[39m },
    quantity: [32m'0'[39m
  }
]

[90mstderr[2m | tests/integration/payment.validation.test.js[2m > [22m[2mPayment Validation Tests - PayPal & Stripe[2m > [22m[2mPOST /orders - Amount Validation (PAY-12)[2m > [22m[2mshould return 500 for zero quantity
[22m[39mError creating PayPal order: Error: Invalid item amount or quantity
    at C:/Users/pagis/OneDrive/WebDev/Projects/Online/backend/index.js:1541:15
    at Array.reduce (<anonymous>)
    at createOrder (C:/Users/pagis/OneDrive/WebDev/Projects/Online/backend/index.js:1537:29)
    at C:/Users/pagis/OneDrive/WebDev/Projects/Online/backend/index.js:3771:26
    at Layer.handle [as handle_request] [90m(C:\Users\pagis\OneDrive\WebDev\Projects\Online\backend\[39mnode_modules\[4mexpress[24m\lib\router\layer.js:95:5[90m)[39m
    at next [90m(C:\Users\pagis\OneDrive\WebDev\Projects\Online\backend\[39mnode_modules\[4mexpress[24m\lib\router\route.js:149:13[90m)[39m
    at [90mC:\Users\pagis\OneDrive\WebDev\Projects\Online\backend\[39mnode_modules\[4mexpress-rate-limit[24m\dist\index.cjs:807:7
[90m    at processTicksAndRejections (node:internal/process/task_queues:105:5)[39m
    at [90mC:\Users\pagis\OneDrive\WebDev\Projects\Online\backend\[39mnode_modules\[4mexpress-rate-limit[24m\dist\index.cjs:691:5

[90mstderr[2m | tests/integration/payment.validation.test.js[2m > [22m[2mPayment Validation Tests - PayPal & Stripe[2m > [22m[2mPOST /orders - Amount Validation (PAY-12)[2m > [22m[2mshould return 500 for zero quantity
[22m[39mFailed to create PayPal order: Invalid item amount or quantity

[90mstdout[2m | tests/integration/payment.validation.test.js[2m > [22m[2mPayment Validation Tests - PayPal & Stripe[2m > [22m[2mPOST /orders - Amount Validation (PAY-12)[2m > [22m[2mshould accept non-integer quantity (parseInt truncates to 1)
[22m[39mCreating PayPal order with cart: [
  {
    "name": "Test Product",
    "unit_amount": {
      "value": "50.00",
      "currency_code": "USD"
    },
    "quantity": "1.5"
  }
]
shopping cart information passed from the frontend createOrder() callback: [
  {
    name: [32m'Test Product'[39m,
    unit_amount: { value: [32m'50.00'[39m, currency_code: [32m'USD'[39m },
    quantity: [32m'1.5'[39m
  }
]
========= PAYPAL AUTH DEBUG =========
Client ID length: [33m21[39m
Client Secret length: [33m25[39m
Base URL: https://api-m.sandbox.paypal.com
Auth token generated. Requesting PayPal access token...
Token URL: https://api-m.sandbox.paypal.com/v1/oauth2/token

[90mstdout[2m | tests/integration/payment.validation.test.js[2m > [22m[2mPayment Validation Tests - PayPal & Stripe[2m > [22m[2mPOST /orders - Amount Validation (PAY-12)[2m > [22m[2mshould accept non-integer quantity (parseInt truncates to 1)
[22m[39mPayPal token response status: [33m200[39m

[90mstdout[2m | tests/integration/payment.validation.test.js[2m > [22m[2mPayment Validation Tests - PayPal & Stripe[2m > [22m[2mPOST /orders - Amount Validation (PAY-12)[2m > [22m[2mshould accept non-integer quantity (parseInt truncates to 1)
[22m[39mPayPal access token obtained successfully

[90mstdout[2m | tests/integration/payment.validation.test.js[2m > [22m[2mPayment Validation Tests - PayPal & Stripe[2m > [22m[2mPOST /orders - Amount Validation (PAY-12)[2m > [22m[2mshould accept non-integer quantity (parseInt truncates to 1)
[22m[39mPayPal access token received: Success
PayPal API URL: https://api-m.sandbox.paypal.com/v2/checkout/orders
PayPal order payload: {
  "intent": "CAPTURE",
  "purchase_units": [
    {
      "amount": {
        "currency_code": "USD",
        "value": "50.00",
        "breakdown": {
          "item_total": {
            "currency_code": "USD",
            "value": "50.00"
          }
        }
      },
      "items": [
        {
          "name": "Test Product",
          "unit_amount": {
            "currency_code": "USD",
            "value": "50.00"
          },
          "quantity": "1"
        }
      ]
    }
  ],
  "application_context": {
    "return_url": "undefined/complete-order",
    "cancel_url": "undefined/html/cart.html",
    "user_action": "PAY_NOW",
    "brand_name": "Tamar Kfir Jewelry"
  }
}

[90mstdout[2m | tests/integration/payment.validation.test.js[2m > [22m[2mPayment Validation Tests - PayPal & Stripe[2m > [22m[2mPOST /orders - Amount Validation (PAY-12)[2m > [22m[2mshould accept non-integer quantity (parseInt truncates to 1)
[22m[39mPayPal order creation successful: [33m201[39m

[90mstdout[2m | tests/integration/payment.validation.test.js[2m > [22m[2mPayment Validation Tests - PayPal & Stripe[2m > [22m[2mPOST /orders - Currency Validation (PAY-13)[2m > [22m[2mshould return error for invalid currency code (PayPal rejects)
[22m[39mCreating PayPal order with cart: [
  {
    "name": "Test Product",
    "unit_amount": {
      "value": "50.00",
      "currency_code": "INVALID"
    },
    "quantity": "1"
  }
]
shopping cart information passed from the frontend createOrder() callback: [
  {
    name: [32m'Test Product'[39m,
    unit_amount: { value: [32m'50.00'[39m, currency_code: [32m'INVALID'[39m },
    quantity: [32m'1'[39m
  }
]
========= PAYPAL AUTH DEBUG =========
Client ID length: [33m21[39m
Client Secret length: [33m25[39m
Base URL: https://api-m.sandbox.paypal.com
Auth token generated. Requesting PayPal access token...
Token URL: https://api-m.sandbox.paypal.com/v1/oauth2/token

[90mstdout[2m | tests/integration/payment.validation.test.js[2m > [22m[2mPayment Validation Tests - PayPal & Stripe[2m > [22m[2mPOST /orders - Currency Validation (PAY-13)[2m > [22m[2mshould return error for invalid currency code (PayPal rejects)
[22m[39mPayPal token response status: [33m200[39m

[90mstdout[2m | tests/integration/payment.validation.test.js[2m > [22m[2mPayment Validation Tests - PayPal & Stripe[2m > [22m[2mPOST /orders - Currency Validation (PAY-13)[2m > [22m[2mshould return error for invalid currency code (PayPal rejects)
[22m[39mPayPal access token obtained successfully

[90mstdout[2m | tests/integration/payment.validation.test.js[2m > [22m[2mPayment Validation Tests - PayPal & Stripe[2m > [22m[2mPOST /orders - Currency Validation (PAY-13)[2m > [22m[2mshould return error for invalid currency code (PayPal rejects)
[22m[39mPayPal access token received: Success
PayPal API URL: https://api-m.sandbox.paypal.com/v2/checkout/orders
PayPal order payload: {
  "intent": "CAPTURE",
  "purchase_units": [
    {
      "amount": {
        "currency_code": "INVALID",
        "value": "50.00",
        "breakdown": {
          "item_total": {
            "currency_code": "INVALID",
            "value": "50.00"
          }
        }
      },
      "items": [
        {
          "name": "Test Product",
          "unit_amount": {
            "currency_code": "INVALID",
            "value": "50.00"
          },
          "quantity": "1"
        }
      ]
    }
  ],
  "application_context": {
    "return_url": "undefined/complete-order",
    "cancel_url": "undefined/html/cart.html",
    "user_action": "PAY_NOW",
    "brand_name": "Tamar Kfir Jewelry"
  }
}

[90mstderr[2m | tests/integration/payment.validation.test.js[2m > [22m[2mPayment Validation Tests - PayPal & Stripe[2m > [22m[2mPOST /orders - Currency Validation (PAY-13)[2m > [22m[2mshould return error for invalid currency code (PayPal rejects)
[22m[39mError creating PayPal order: Error: Nock: No match for request {
  "method": "POST",
  "url": "https://api-m.sandbox.paypal.com/v2/checkout/orders",
  "headers": {
    "authorization": "Bearer test-token",
    "content-type": "application/json"
  },
  "body": "{\"intent\":\"CAPTURE\",\"purchase_units\":[{\"amount\":{\"currency_code\":\"INVALID\",\"value\":\"50.00\",\"breakdown\":{\"item_total\":{\"currency_code\":\"INVALID\",\"value\":\"50.00\"}}},\"items\":[{\"name\":\"Test Product\",\"unit_amount\":{\"currency_code\":\"INVALID\",\"value\":\"50.00\"},\"quantity\":\"1\"}]}],\"application_context\":{\"return_url\":\"undefined/complete-order\",\"cancel_url\":\"undefined/html/cart.html\",\"user_action\":\"PAY_NOW\",\"brand_name\":\"Tamar Kfir Jewelry\"}}"
}
    at InterceptedRequestRouter.startPlayback [90m(C:\Users\pagis\OneDrive\WebDev\Projects\Online\backend\[39mnode_modules\[4mnock[24m\lib\intercepted_request_router.js:334:21[90m)[39m
    at InterceptedRequestRouter.maybeStartPlayback [90m(C:\Users\pagis\OneDrive\WebDev\Projects\Online\backend\[39mnode_modules\[4mnock[24m\lib\intercepted_request_router.js:263:12[90m)[39m
    at InterceptedRequestRouter.connectSocket [90m(C:\Users\pagis\OneDrive\WebDev\Projects\Online\backend\[39mnode_modules\[4mnock[24m\lib\intercepted_request_router.js:135:12[90m)[39m
    at [90mC:\Users\pagis\OneDrive\WebDev\Projects\Online\backend\[39mnode_modules\[4mnock[24m\lib\intercepted_request_router.js:73:33
[90m    at processTicksAndRejections (node:internal/process/task_queues:85:11)[39m {
  code: [32m'ERR_NOCK_NO_MATCH'[39m,
  status: [33m404[39m,
  statusCode: [33m404[39m
}

[90mstderr[2m | tests/integration/payment.validation.test.js[2m > [22m[2mPayment Validation Tests - PayPal & Stripe[2m > [22m[2mPOST /orders - Currency Validation (PAY-13)[2m > [22m[2mshould return error for invalid currency code (PayPal rejects)
[22m[39mFailed to create PayPal order: ERR_NOCK_NO_MATCH

[90mstdout[2m | tests/integration/payment.validation.test.js[2m > [22m[2mPayment Validation Tests - PayPal & Stripe[2m > [22m[2mPOST /orders - Currency Validation (PAY-13)[2m > [22m[2mshould return error for missing currency_code
[22m[39mCreating PayPal order with cart: [
  {
    "name": "Test Product",
    "unit_amount": {
      "value": "50.00"
    },
    "quantity": "1"
  }
]
shopping cart information passed from the frontend createOrder() callback: [
  {
    name: [32m'Test Product'[39m,
    unit_amount: { value: [32m'50.00'[39m },
    quantity: [32m'1'[39m
  }
]
========= PAYPAL AUTH DEBUG =========
Client ID length: [33m21[39m
Client Secret length: [33m25[39m
Base URL: https://api-m.sandbox.paypal.com
Auth token generated. Requesting PayPal access token...
Token URL: https://api-m.sandbox.paypal.com/v1/oauth2/token

[90mstderr[2m | tests/integration/payment.validation.test.js[2m > [22m[2mPayment Validation Tests - PayPal & Stripe[2m > [22m[2mPOST /orders - Currency Validation (PAY-13)[2m > [22m[2mshould return error for missing currency_code
[22m[39mFailed to generate Access Token: NetConnectNotAllowedError: Nock: Disallowed net connect for "api-m.sandbox.paypal.com:443/v1/oauth2/token"
    at _Emitter.<anonymous> [90m(C:\Users\pagis\OneDrive\WebDev\Projects\Online\backend\[39mnode_modules\[4mnock[24m\lib\intercept.js:431:17[90m)[39m
    at emitAsync [90m(C:\Users\pagis\OneDrive\WebDev\Projects\Online\backend\[39mnode_modules\[4m@mswjs[24m\interceptors\lib\node\chunk-72ZIHMEB.js:70:20[90m)[39m
    at [90mC:\Users\pagis\OneDrive\WebDev\Projects\Online\backend\[39mnode_modules\[4m@mswjs[24m\interceptors\lib\node\chunk-72ZIHMEB.js:187:37
    at until [90m(C:\Users\pagis\OneDrive\WebDev\Projects\Online\backend\[39mnode_modules\[4m@open-draft[24m\until\lib\index.js:29:24[90m)[39m
    at handleRequest [90m(C:\Users\pagis\OneDrive\WebDev\Projects\Online\backend\[39mnode_modules\[4m@mswjs[24m\interceptors\lib\node\chunk-72ZIHMEB.js:186:37[90m)[39m
    at globalThis.fetch [90m(C:\Users\pagis\OneDrive\WebDev\Projects\Online\backend\[39mnode_modules\[4m@mswjs[24m\interceptors\lib\node\chunk-Z5LWCBZS.js:215:69[90m)[39m
    at generateAccessToken (C:/Users/pagis/OneDrive/WebDev/Projects/Online/backend/index.js:1465:28)
    at createOrder (C:/Users/pagis/OneDrive/WebDev/Projects/Online/backend/index.js:1567:31)
    at C:/Users/pagis/OneDrive/WebDev/Projects/Online/backend/index.js:3771:26
    at Layer.handle [as handle_request] [90m(C:\Users\pagis\OneDrive\WebDev\Projects\Online\backend\[39mnode_modules\[4mexpress[24m\lib\router\layer.js:95:5[90m)[39m {
  code: [32m'ENETUNREACH'[39m
}

[90mstderr[2m | tests/integration/payment.validation.test.js[2m > [22m[2mPayment Validation Tests - PayPal & Stripe[2m > [22m[2mPOST /orders - Currency Validation (PAY-13)[2m > [22m[2mshould return error for missing currency_code
[22m[39mError creating PayPal order: NetConnectNotAllowedError: Nock: Disallowed net connect for "api-m.sandbox.paypal.com:443/v1/oauth2/token"
    at _Emitter.<anonymous> [90m(C:\Users\pagis\OneDrive\WebDev\Projects\Online\backend\[39mnode_modules\[4mnock[24m\lib\intercept.js:431:17[90m)[39m
    at emitAsync [90m(C:\Users\pagis\OneDrive\WebDev\Projects\Online\backend\[39mnode_modules\[4m@mswjs[24m\interceptors\lib\node\chunk-72ZIHMEB.js:70:20[90m)[39m
    at [90mC:\Users\pagis\OneDrive\WebDev\Projects\Online\backend\[39mnode_modules\[4m@mswjs[24m\interceptors\lib\node\chunk-72ZIHMEB.js:187:37
    at until [90m(C:\Users\pagis\OneDrive\WebDev\Projects\Online\backend\[39mnode_modules\[4m@open-draft[24m\until\lib\index.js:29:24[90m)[39m
    at handleRequest [90m(C:\Users\pagis\OneDrive\WebDev\Projects\Online\backend\[39mnode_modules\[4m@mswjs[24m\interceptors\lib\node\chunk-72ZIHMEB.js:186:37[90m)[39m
    at globalThis.fetch [90m(C:\Users\pagis\OneDrive\WebDev\Projects\Online\backend\[39mnode_modules\[4m@mswjs[24m\interceptors\lib\node\chunk-Z5LWCBZS.js:215:69[90m)[39m
    at generateAccessToken (C:/Users/pagis/OneDrive/WebDev/Projects/Online/backend/index.js:1465:28)
    at createOrder (C:/Users/pagis/OneDrive/WebDev/Projects/Online/backend/index.js:1567:31)
    at C:/Users/pagis/OneDrive/WebDev/Projects/Online/backend/index.js:3771:26
    at Layer.handle [as handle_request] [90m(C:\Users\pagis\OneDrive\WebDev\Projects\Online\backend\[39mnode_modules\[4mexpress[24m\lib\router\layer.js:95:5[90m)[39m {
  code: [32m'ENETUNREACH'[39m
}

[90mstderr[2m | tests/integration/payment.validation.test.js[2m > [22m[2mPayment Validation Tests - PayPal & Stripe[2m > [22m[2mPOST /orders - Currency Validation (PAY-13)[2m > [22m[2mshould return error for missing currency_code
[22m[39mFailed to create PayPal order: ENETUNREACH

[90mstdout[2m | tests/integration/payment.validation.test.js[2m > [22m[2mPayment Validation Tests - PayPal & Stripe[2m > [22m[2mPOST /orders - Currency Validation (PAY-13)[2m > [22m[2mshould return 400 for mixed currencies in cart
[22m[39mCreating PayPal order with cart: [
  {
    "name": "Product 1",
    "unit_amount": {
      "value": "50.00",
      "currency_code": "USD"
    },
    "quantity": "1"
  },
  {
    "name": "Product 2",
    "unit_amount": {
      "value": "150.00",
      "currency_code": "ILS"
    },
    "quantity": "1"
  }
]
shopping cart information passed from the frontend createOrder() callback: [
  {
    name: [32m'Product 1'[39m,
    unit_amount: { value: [32m'50.00'[39m, currency_code: [32m'USD'[39m },
    quantity: [32m'1'[39m
  },
  {
    name: [32m'Product 2'[39m,
    unit_amount: { value: [32m'150.00'[39m, currency_code: [32m'ILS'[39m },
    quantity: [32m'1'[39m
  }
]

[90mstderr[2m | tests/integration/payment.validation.test.js[2m > [22m[2mPayment Validation Tests - PayPal & Stripe[2m > [22m[2mPOST /orders - Currency Validation (PAY-13)[2m > [22m[2mshould return 400 for mixed currencies in cart
[22m[39mError creating PayPal order: Error: Mixed currencies in cart are not supported
    at createOrder (C:/Users/pagis/OneDrive/WebDev/Projects/Online/backend/index.js:1554:19)
    at C:/Users/pagis/OneDrive/WebDev/Projects/Online/backend/index.js:3771:26
    at Layer.handle [as handle_request] [90m(C:\Users\pagis\OneDrive\WebDev\Projects\Online\backend\[39mnode_modules\[4mexpress[24m\lib\router\layer.js:95:5[90m)[39m
    at next [90m(C:\Users\pagis\OneDrive\WebDev\Projects\Online\backend\[39mnode_modules\[4mexpress[24m\lib\router\route.js:149:13[90m)[39m
    at [90mC:\Users\pagis\OneDrive\WebDev\Projects\Online\backend\[39mnode_modules\[4mexpress-rate-limit[24m\dist\index.cjs:807:7
[90m    at processTicksAndRejections (node:internal/process/task_queues:105:5)[39m
    at [90mC:\Users\pagis\OneDrive\WebDev\Projects\Online\backend\[39mnode_modules\[4mexpress-rate-limit[24m\dist\index.cjs:691:5 {
  code: [32m'MIXED_CURRENCY_CART'[39m,
  statusCode: [33m400[39m
}

[90mstderr[2m | tests/integration/payment.validation.test.js[2m > [22m[2mPayment Validation Tests - PayPal & Stripe[2m > [22m[2mPOST /orders - Currency Validation (PAY-13)[2m > [22m[2mshould return 400 for mixed currencies in cart
[22m[39mFailed to create PayPal order: MIXED_CURRENCY_CART

[90mstdout[2m | tests/integration/security.cors.test.js[2m > [22m[2mCORS Middleware - Production Mode (Simulated)[2m > [22m[2mAllowed Origins (SEC-01)[2m > [22m[2mshould allow configured HOST origin
[22m[39mAll Products Fetched

[90mstdout[2m | tests/integration/payment.validation.test.js[2m > [22m[2mPayment Validation Tests - PayPal & Stripe[2m > [22m[2mPOST /orders - Currency Validation (PAY-13)[2m > [22m[2mshould accept valid USD currency
[22m[39mCreating PayPal order with cart: [
  {
    "name": "Test Product",
    "unit_amount": {
      "value": "50.00",
      "currency_code": "USD"
    },
    "quantity": "1"
  }
]
shopping cart information passed from the frontend createOrder() callback: [
  {
    name: [32m'Test Product'[39m,
    unit_amount: { value: [32m'50.00'[39m, currency_code: [32m'USD'[39m },
    quantity: [32m'1'[39m
  }
]
========= PAYPAL AUTH DEBUG =========
Client ID length: [33m21[39m
Client Secret length: [33m25[39m
Base URL: https://api-m.sandbox.paypal.com
Auth token generated. Requesting PayPal access token...
Token URL: https://api-m.sandbox.paypal.com/v1/oauth2/token

[90mstdout[2m | tests/integration/payment.validation.test.js[2m > [22m[2mPayment Validation Tests - PayPal & Stripe[2m > [22m[2mPOST /orders - Currency Validation (PAY-13)[2m > [22m[2mshould accept valid USD currency
[22m[39mPayPal token response status: [33m200[39m

[90mstdout[2m | tests/integration/payment.validation.test.js[2m > [22m[2mPayment Validation Tests - PayPal & Stripe[2m > [22m[2mPOST /orders - Currency Validation (PAY-13)[2m > [22m[2mshould accept valid USD currency
[22m[39mPayPal access token obtained successfully

[90mstdout[2m | tests/integration/payment.validation.test.js[2m > [22m[2mPayment Validation Tests - PayPal & Stripe[2m > [22m[2mPOST /orders - Currency Validation (PAY-13)[2m > [22m[2mshould accept valid USD currency
[22m[39mPayPal access token received: Success
PayPal API URL: https://api-m.sandbox.paypal.com/v2/checkout/orders
PayPal order payload: {
  "intent": "CAPTURE",
  "purchase_units": [
    {
      "amount": {
        "currency_code": "USD",
        "value": "50.00",
        "breakdown": {
          "item_total": {
            "currency_code": "USD",
            "value": "50.00"
          }
        }
      },
      "items": [
        {
          "name": "Test Product",
          "unit_amount": {
            "currency_code": "USD",
            "value": "50.00"
          },
          "quantity": "1"
        }
      ]
    }
  ],
  "application_context": {
    "return_url": "undefined/complete-order",
    "cancel_url": "undefined/html/cart.html",
    "user_action": "PAY_NOW",
    "brand_name": "Tamar Kfir Jewelry"
  }
}

[90mstdout[2m | tests/integration/currency.conversion.test.js[2m > [22m[2mAdmin Exchange Rate Update Endpoint[2m > [22m[2mPOST /admin/update-exchange-rate[2m > [22m[2mshould complete successfully even when API fails with fallback
[22m[39m
=== Starting Daily Exchange Rate Update ===

[90mstdout[2m | tests/integration/payment.validation.test.js[2m > [22m[2mPayment Validation Tests - PayPal & Stripe[2m > [22m[2mPOST /orders - Currency Validation (PAY-13)[2m > [22m[2mshould accept valid USD currency
[22m[39mPayPal order creation successful: [33m201[39m

[90mstdout[2m | tests/integration/security.cors.test.js[2m > [22m[2mCORS Middleware - Production Mode (Simulated)[2m > [22m[2mAllowed Origins (SEC-01)[2m > [22m[2mshould allow configured ADMIN_URL origin
[22m[39mAll Products Fetched

[90mstderr[2m | tests/integration/currency.conversion.test.js[2m > [22m[2mAdmin Exchange Rate Update Endpoint[2m > [22m[2mPOST /admin/update-exchange-rate[2m > [22m[2mshould complete successfully even when API fails with fallback
[22m[39mError fetching exchange rate from API: All exchange rate APIs failed:
API 1 (https://api.exchangerate-api.com/v4/latest/USD): API responded with status 500
API 2 (https://api.exchangerate.host/latest?base=USD&symbols=ILS): API responded with status 500

[90mstderr[2m | tests/integration/currency.conversion.test.js[2m > [22m[2mAdmin Exchange Rate Update Endpoint[2m > [22m[2mPOST /admin/update-exchange-rate[2m > [22m[2mshould complete successfully even when API fails with fallback
[22m[39mFailed to fetch new exchange rate from API: All exchange rate APIs failed:
API 1 (https://api.exchangerate-api.com/v4/latest/USD): API responded with status 500
API 2 (https://api.exchangerate.host/latest?base=USD&symbols=ILS): API responded with status 500

[90mstdout[2m | tests/integration/currency.conversion.test.js[2m > [22m[2mAdmin Exchange Rate Update Endpoint[2m > [22m[2mPOST /admin/update-exchange-rate[2m > [22m[2mshould complete successfully even when API fails with fallback
[22m[39mUsing exchange rate from environment variable

[90mstdout[2m | tests/integration/payment.validation.test.js[2m > [22m[2mPayment Validation Tests - PayPal & Stripe[2m > [22m[2mPOST /orders - Currency Validation (PAY-13)[2m > [22m[2mshould accept valid ILS currency
[22m[39mCreating PayPal order with cart: [
  {
    "name": "Test Product",
    "unit_amount": {
      "value": "180.00",
      "currency_code": "ILS"
    },
    "quantity": "1"
  }
]
shopping cart information passed from the frontend createOrder() callback: [
  {
    name: [32m'Test Product'[39m,
    unit_amount: { value: [32m'180.00'[39m, currency_code: [32m'ILS'[39m },
    quantity: [32m'1'[39m
  }
]
========= PAYPAL AUTH DEBUG =========
Client ID length: [33m21[39m
Client Secret length: [33m25[39m
Base URL: https://api-m.sandbox.paypal.com
Auth token generated. Requesting PayPal access token...
Token URL: https://api-m.sandbox.paypal.com/v1/oauth2/token

[90mstdout[2m | tests/integration/currency.conversion.test.js[2m > [22m[2mAdmin Exchange Rate Update Endpoint[2m > [22m[2mPOST /admin/update-exchange-rate[2m > [22m[2mshould complete successfully even when API fails with fallback
[22m[39mExchange rate updated: 3.65 (source: environment_variable)

[90mstdout[2m | tests/integration/currency.conversion.test.js[2m > [22m[2mAdmin Exchange Rate Update Endpoint[2m > [22m[2mPOST /admin/update-exchange-rate[2m > [22m[2mshould complete successfully even when API fails with fallback
[22m[39m⚠ Using fallback exchange rate: 3.65

[90mstdout[2m | tests/integration/payment.validation.test.js[2m > [22m[2mPayment Validation Tests - PayPal & Stripe[2m > [22m[2mPOST /orders - Currency Validation (PAY-13)[2m > [22m[2mshould accept valid ILS currency
[22m[39mPayPal token response status: [33m200[39m

[90mstdout[2m | tests/integration/payment.validation.test.js[2m > [22m[2mPayment Validation Tests - PayPal & Stripe[2m > [22m[2mPOST /orders - Currency Validation (PAY-13)[2m > [22m[2mshould accept valid ILS currency
[22m[39mPayPal access token obtained successfully

[90mstdout[2m | tests/integration/currency.conversion.test.js[2m > [22m[2mAdmin Exchange Rate Update Endpoint[2m > [22m[2mPOST /admin/update-exchange-rate[2m > [22m[2mshould complete successfully even when API fails with fallback
[22m[39m✓ Updated 0 product USD prices
=== Exchange Rate Update Complete ===


[90mstdout[2m | tests/integration/payment.validation.test.js[2m > [22m[2mPayment Validation Tests - PayPal & Stripe[2m > [22m[2mPOST /orders - Currency Validation (PAY-13)[2m > [22m[2mshould accept valid ILS currency
[22m[39mPayPal access token received: Success
PayPal API URL: https://api-m.sandbox.paypal.com/v2/checkout/orders
PayPal order payload: {
  "intent": "CAPTURE",
  "purchase_units": [
    {
      "amount": {
        "currency_code": "ILS",
        "value": "180.00",
        "breakdown": {
          "item_total": {
            "currency_code": "ILS",
            "value": "180.00"
          }
        }
      },
      "items": [
        {
          "name": "Test Product",
          "unit_amount": {
            "currency_code": "ILS",
            "value": "180.00"
          },
          "quantity": "1"
        }
      ]
    }
  ],
  "application_context": {
    "return_url": "undefined/complete-order",
    "cancel_url": "undefined/html/cart.html",
    "user_action": "PAY_NOW",
    "brand_name": "Tamar Kfir Jewelry"
  }
}

[90mstdout[2m | tests/integration/security.cors.test.js[2m > [22m[2mCORS Middleware - Production Mode (Simulated)[2m > [22m[2mAllowed Origins (SEC-01)[2m > [22m[2mshould allow configured FULLHOST origin (www)
[22m[39mAll Products Fetched

[90mstdout[2m | tests/integration/payment.validation.test.js[2m > [22m[2mPayment Validation Tests - PayPal & Stripe[2m > [22m[2mPOST /orders - Currency Validation (PAY-13)[2m > [22m[2mshould accept valid ILS currency
[22m[39mPayPal order creation successful: [33m201[39m

[90mstdout[2m | tests/integration/security.cors.test.js[2m > [22m[2mCORS Middleware - Production Mode (Simulated)[2m > [22m[2mAllowed Origins (SEC-01)[2m > [22m[2mshould allow configured API_URL origin
[22m[39mAll Products Fetched

[90mstdout[2m | tests/integration/payment.validation.test.js[2m > [22m[2mPayment Validation Tests - PayPal & Stripe[2m > [22m[2mPOST /orders - Required Fields (PAY-11)[2m > [22m[2mshould accept cart item missing name (PayPal will handle)
[22m[39mCreating PayPal order with cart: [
  {
    "unit_amount": {
      "value": "50.00",
      "currency_code": "USD"
    },
    "quantity": "1"
  }
]
shopping cart information passed from the frontend createOrder() callback: [
  {
    unit_amount: { value: [32m'50.00'[39m, currency_code: [32m'USD'[39m },
    quantity: [32m'1'[39m
  }
]
========= PAYPAL AUTH DEBUG =========
Client ID length: [33m21[39m
Client Secret length: [33m25[39m
Base URL: https://api-m.sandbox.paypal.com
Auth token generated. Requesting PayPal access token...
Token URL: https://api-m.sandbox.paypal.com/v1/oauth2/token

[90mstdout[2m | tests/integration/auth.login.test.js[2m > [22m[2mPOST /login - Authentication[2m > [22m[2mSuccess Cases[2m > [22m[2mshould return adminCheck field matching user type for admin user
[22m[39mAuthenticated successfully
Token created for user: adminuser@example.com

[90mstdout[2m | tests/integration/security.cors.test.js[2m > [22m[2mCORS Middleware - Production Mode (Simulated)[2m > [22m[2mAllowed Origins (SEC-01)[2m > [22m[2mshould allow same-origin requests (no Origin header)
[22m[39mAll Products Fetched

[90mstdout[2m | tests/integration/payment.validation.test.js[2m > [22m[2mPayment Validation Tests - PayPal & Stripe[2m > [22m[2mPOST /orders - Required Fields (PAY-11)[2m > [22m[2mshould accept cart item missing name (PayPal will handle)
[22m[39mPayPal token response status: [33m200[39m

[90mstdout[2m | tests/integration/payment.validation.test.js[2m > [22m[2mPayment Validation Tests - PayPal & Stripe[2m > [22m[2mPOST /orders - Required Fields (PAY-11)[2m > [22m[2mshould accept cart item missing name (PayPal will handle)
[22m[39mPayPal access token obtained successfully

[90mstdout[2m | tests/integration/payment.validation.test.js[2m > [22m[2mPayment Validation Tests - PayPal & Stripe[2m > [22m[2mPOST /orders - Required Fields (PAY-11)[2m > [22m[2mshould accept cart item missing name (PayPal will handle)
[22m[39mPayPal access token received: Success
PayPal API URL: https://api-m.sandbox.paypal.com/v2/checkout/orders
PayPal order payload: {
  "intent": "CAPTURE",
  "purchase_units": [
    {
      "amount": {
        "currency_code": "USD",
        "value": "50.00",
        "breakdown": {
          "item_total": {
            "currency_code": "USD",
            "value": "50.00"
          }
        }
      },
      "items": [
        {
          "unit_amount": {
            "currency_code": "USD",
            "value": "50.00"
          },
          "quantity": "1"
        }
      ]
    }
  ],
  "application_context": {
    "return_url": "undefined/complete-order",
    "cancel_url": "undefined/html/cart.html",
    "user_action": "PAY_NOW",
    "brand_name": "Tamar Kfir Jewelry"
  }
}

[90mstderr[2m | tests/integration/payment.validation.test.js[2m > [22m[2mPayment Validation Tests - PayPal & Stripe[2m > [22m[2mPOST /orders - Required Fields (PAY-11)[2m > [22m[2mshould accept cart item missing name (PayPal will handle)
[22m[39mError creating PayPal order: Error: Nock: No match for request {
  "method": "POST",
  "url": "https://api-m.sandbox.paypal.com/v2/checkout/orders",
  "headers": {
    "authorization": "Bearer test-token",
    "content-type": "application/json"
  },
  "body": "{\"intent\":\"CAPTURE\",\"purchase_units\":[{\"amount\":{\"currency_code\":\"USD\",\"value\":\"50.00\",\"breakdown\":{\"item_total\":{\"currency_code\":\"USD\",\"value\":\"50.00\"}}},\"items\":[{\"unit_amount\":{\"currency_code\":\"USD\",\"value\":\"50.00\"},\"quantity\":\"1\"}]}],\"application_context\":{\"return_url\":\"undefined/complete-order\",\"cancel_url\":\"undefined/html/cart.html\",\"user_action\":\"PAY_NOW\",\"brand_name\":\"Tamar Kfir Jewelry\"}}"
}
    at InterceptedRequestRouter.startPlayback [90m(C:\Users\pagis\OneDrive\WebDev\Projects\Online\backend\[39mnode_modules\[4mnock[24m\lib\intercepted_request_router.js:334:21[90m)[39m
    at InterceptedRequestRouter.maybeStartPlayback [90m(C:\Users\pagis\OneDrive\WebDev\Projects\Online\backend\[39mnode_modules\[4mnock[24m\lib\intercepted_request_router.js:263:12[90m)[39m
    at InterceptedRequestRouter.connectSocket [90m(C:\Users\pagis\OneDrive\WebDev\Projects\Online\backend\[39mnode_modules\[4mnock[24m\lib\intercepted_request_router.js:135:12[90m)[39m
    at [90mC:\Users\pagis\OneDrive\WebDev\Projects\Online\backend\[39mnode_modules\[4mnock[24m\lib\intercepted_request_router.js:73:33
[90m    at processTicksAndRejections (node:internal/process/task_queues:85:11)[39m {
  code: [32m'ERR_NOCK_NO_MATCH'[39m,
  status: [33m404[39m,
  statusCode: [33m404[39m
}

[90mstderr[2m | tests/integration/payment.validation.test.js[2m > [22m[2mPayment Validation Tests - PayPal & Stripe[2m > [22m[2mPOST /orders - Required Fields (PAY-11)[2m > [22m[2mshould accept cart item missing name (PayPal will handle)
[22m[39mFailed to create PayPal order: ERR_NOCK_NO_MATCH

[90mstderr[2m | tests/integration/security.cors.test.js[2m > [22m[2mCORS Middleware - Production Mode (Simulated)[2m > [22m[2mRejected Origins (SEC-02)[2m > [22m[2mshould reject unauthorized origin in production
[22m[39mOrigin not allowed by CORS: https://malicious-site.com
Unhandled error: {
  status: [33m500[39m,
  code: [32m'INTERNAL_ERROR'[39m,
  path: [32m'/allproducts'[39m,
  method: [32m'GET'[39m,
  message: [32m'Not allowed by CORS'[39m
}

[90mstdout[2m | tests/integration/payment.validation.test.js[2m > [22m[2mPayment Validation Tests - PayPal & Stripe[2m > [22m[2mPOST /orders - Required Fields (PAY-11)[2m > [22m[2mshould accept cart item with empty name (PayPal may reject)
[22m[39mCreating PayPal order with cart: [
  {
    "name": "",
    "unit_amount": {
      "value": "50.00",
      "currency_code": "USD"
    },
    "quantity": "1"
  }
]
shopping cart information passed from the frontend createOrder() callback: [
  {
    name: [32m''[39m,
    unit_amount: { value: [32m'50.00'[39m, currency_code: [32m'USD'[39m },
    quantity: [32m'1'[39m
  }
]
========= PAYPAL AUTH DEBUG =========
Client ID length: [33m21[39m
Client Secret length: [33m25[39m
Base URL: https://api-m.sandbox.paypal.com
Auth token generated. Requesting PayPal access token...
Token URL: https://api-m.sandbox.paypal.com/v1/oauth2/token

[90mstdout[2m | tests/integration/payment.validation.test.js[2m > [22m[2mPayment Validation Tests - PayPal & Stripe[2m > [22m[2mPOST /orders - Required Fields (PAY-11)[2m > [22m[2mshould accept cart item with empty name (PayPal may reject)
[22m[39mPayPal token response status: [33m200[39m

[90mstdout[2m | tests/integration/payment.validation.test.js[2m > [22m[2mPayment Validation Tests - PayPal & Stripe[2m > [22m[2mPOST /orders - Required Fields (PAY-11)[2m > [22m[2mshould accept cart item with empty name (PayPal may reject)
[22m[39mPayPal access token obtained successfully

[90mstdout[2m | tests/integration/payment.validation.test.js[2m > [22m[2mPayment Validation Tests - PayPal & Stripe[2m > [22m[2mPOST /orders - Required Fields (PAY-11)[2m > [22m[2mshould accept cart item with empty name (PayPal may reject)
[22m[39mPayPal access token received: Success
PayPal API URL: https://api-m.sandbox.paypal.com/v2/checkout/orders
PayPal order payload: {
  "intent": "CAPTURE",
  "purchase_units": [
    {
      "amount": {
        "currency_code": "USD",
        "value": "50.00",
        "breakdown": {
          "item_total": {
            "currency_code": "USD",
            "value": "50.00"
          }
        }
      },
      "items": [
        {
          "name": "",
          "unit_amount": {
            "currency_code": "USD",
            "value": "50.00"
          },
          "quantity": "1"
        }
      ]
    }
  ],
  "application_context": {
    "return_url": "undefined/complete-order",
    "cancel_url": "undefined/html/cart.html",
    "user_action": "PAY_NOW",
    "brand_name": "Tamar Kfir Jewelry"
  }
}

[90mstderr[2m | tests/integration/security.cors.test.js[2m > [22m[2mCORS Middleware - Production Mode (Simulated)[2m > [22m[2mRejected Origins (SEC-02)[2m > [22m[2mshould reject similar-looking domain (subdomain attack)
[22m[39mOrigin not allowed by CORS: https://example.com.evil.com
Unhandled error: {
  status: [33m500[39m,
  code: [32m'INTERNAL_ERROR'[39m,
  path: [32m'/allproducts'[39m,
  method: [32m'GET'[39m,
  message: [32m'Not allowed by CORS'[39m
}

[90mstderr[2m | tests/integration/payment.validation.test.js[2m > [22m[2mPayment Validation Tests - PayPal & Stripe[2m > [22m[2mPOST /orders - Required Fields (PAY-11)[2m > [22m[2mshould accept cart item with empty name (PayPal may reject)
[22m[39mError creating PayPal order: Error: Nock: No match for request {
  "method": "POST",
  "url": "https://api-m.sandbox.paypal.com/v2/checkout/orders",
  "headers": {
    "authorization": "Bearer test-token",
    "content-type": "application/json"
  },
  "body": "{\"intent\":\"CAPTURE\",\"purchase_units\":[{\"amount\":{\"currency_code\":\"USD\",\"value\":\"50.00\",\"breakdown\":{\"item_total\":{\"currency_code\":\"USD\",\"value\":\"50.00\"}}},\"items\":[{\"name\":\"\",\"unit_amount\":{\"currency_code\":\"USD\",\"value\":\"50.00\"},\"quantity\":\"1\"}]}],\"application_context\":{\"return_url\":\"undefined/complete-order\",\"cancel_url\":\"undefined/html/cart.html\",\"user_action\":\"PAY_NOW\",\"brand_name\":\"Tamar Kfir Jewelry\"}}"
}
    at InterceptedRequestRouter.startPlayback [90m(C:\Users\pagis\OneDrive\WebDev\Projects\Online\backend\[39mnode_modules\[4mnock[24m\lib\intercepted_request_router.js:334:21[90m)[39m
    at InterceptedRequestRouter.maybeStartPlayback [90m(C:\Users\pagis\OneDrive\WebDev\Projects\Online\backend\[39mnode_modules\[4mnock[24m\lib\intercepted_request_router.js:263:12[90m)[39m
    at InterceptedRequestRouter.connectSocket [90m(C:\Users\pagis\OneDrive\WebDev\Projects\Online\backend\[39mnode_modules\[4mnock[24m\lib\intercepted_request_router.js:135:12[90m)[39m
    at [90mC:\Users\pagis\OneDrive\WebDev\Projects\Online\backend\[39mnode_modules\[4mnock[24m\lib\intercepted_request_router.js:73:33
[90m    at processTicksAndRejections (node:internal/process/task_queues:85:11)[39m {
  code: [32m'ERR_NOCK_NO_MATCH'[39m,
  status: [33m404[39m,
  statusCode: [33m404[39m
}

[90mstderr[2m | tests/integration/payment.validation.test.js[2m > [22m[2mPayment Validation Tests - PayPal & Stripe[2m > [22m[2mPOST /orders - Required Fields (PAY-11)[2m > [22m[2mshould accept cart item with empty name (PayPal may reject)
[22m[39mFailed to create PayPal order: ERR_NOCK_NO_MATCH

[90mstderr[2m | tests/integration/security.cors.test.js[2m > [22m[2mCORS Middleware - Production Mode (Simulated)[2m > [22m[2mRejected Origins (SEC-02)[2m > [22m[2mshould reject null origin in production
[22m[39mOrigin not allowed by CORS: null
Unhandled error: {
  status: [33m500[39m,
  code: [32m'INTERNAL_ERROR'[39m,
  path: [32m'/allproducts'[39m,
  method: [32m'GET'[39m,
  message: [32m'Not allowed by CORS'[39m
}

[90mstdout[2m | tests/integration/payment.validation.test.js[2m > [22m[2mPayment Validation Tests - PayPal & Stripe[2m > [22m[2mPOST /orders - Required Fields (PAY-11)[2m > [22m[2mshould return 500 for cart item missing quantity
[22m[39mCreating PayPal order with cart: [
  {
    "name": "Test Product",
    "unit_amount": {
      "value": "50.00",
      "currency_code": "USD"
    }
  }
]
shopping cart information passed from the frontend createOrder() callback: [
  {
    name: [32m'Test Product'[39m,
    unit_amount: { value: [32m'50.00'[39m, currency_code: [32m'USD'[39m }
  }
]

[90mstderr[2m | tests/integration/payment.validation.test.js[2m > [22m[2mPayment Validation Tests - PayPal & Stripe[2m > [22m[2mPOST /orders - Required Fields (PAY-11)[2m > [22m[2mshould return 500 for cart item missing quantity
[22m[39mError creating PayPal order: Error: Invalid item amount or quantity
    at C:/Users/pagis/OneDrive/WebDev/Projects/Online/backend/index.js:1541:15
    at Array.reduce (<anonymous>)
    at createOrder (C:/Users/pagis/OneDrive/WebDev/Projects/Online/backend/index.js:1537:29)
    at C:/Users/pagis/OneDrive/WebDev/Projects/Online/backend/index.js:3771:26
    at Layer.handle [as handle_request] [90m(C:\Users\pagis\OneDrive\WebDev\Projects\Online\backend\[39mnode_modules\[4mexpress[24m\lib\router\layer.js:95:5[90m)[39m
    at next [90m(C:\Users\pagis\OneDrive\WebDev\Projects\Online\backend\[39mnode_modules\[4mexpress[24m\lib\router\route.js:149:13[90m)[39m
    at [90mC:\Users\pagis\OneDrive\WebDev\Projects\Online\backend\[39mnode_modules\[4mexpress-rate-limit[24m\dist\index.cjs:807:7
[90m    at processTicksAndRejections (node:internal/process/task_queues:105:5)[39m
    at [90mC:\Users\pagis\OneDrive\WebDev\Projects\Online\backend\[39mnode_modules\[4mexpress-rate-limit[24m\dist\index.cjs:691:5

[90mstderr[2m | tests/integration/payment.validation.test.js[2m > [22m[2mPayment Validation Tests - PayPal & Stripe[2m > [22m[2mPOST /orders - Required Fields (PAY-11)[2m > [22m[2mshould return 500 for cart item missing quantity
[22m[39mFailed to create PayPal order: Invalid item amount or quantity

[90mstdout[2m | tests/integration/payment.validation.test.js[2m > [22m[2mPayment Validation Tests - PayPal & Stripe[2m > [22m[2mPOST /orders - Required Fields (PAY-11)[2m > [22m[2mshould return 500 for malformed cart item
[22m[39mCreating PayPal order with cart: [
  {
    "invalid": "structure"
  }
]
shopping cart information passed from the frontend createOrder() callback: [ { invalid: [32m'structure'[39m } ]

[90mstderr[2m | tests/integration/payment.validation.test.js[2m > [22m[2mPayment Validation Tests - PayPal & Stripe[2m > [22m[2mPOST /orders - Required Fields (PAY-11)[2m > [22m[2mshould return 500 for malformed cart item
[22m[39mError creating PayPal order: Error: Invalid item amount or quantity
    at C:/Users/pagis/OneDrive/WebDev/Projects/Online/backend/index.js:1541:15
    at Array.reduce (<anonymous>)
    at createOrder (C:/Users/pagis/OneDrive/WebDev/Projects/Online/backend/index.js:1537:29)
    at C:/Users/pagis/OneDrive/WebDev/Projects/Online/backend/index.js:3771:26
    at Layer.handle [as handle_request] [90m(C:\Users\pagis\OneDrive\WebDev\Projects\Online\backend\[39mnode_modules\[4mexpress[24m\lib\router\layer.js:95:5[90m)[39m
    at next [90m(C:\Users\pagis\OneDrive\WebDev\Projects\Online\backend\[39mnode_modules\[4mexpress[24m\lib\router\route.js:149:13[90m)[39m
    at [90mC:\Users\pagis\OneDrive\WebDev\Projects\Online\backend\[39mnode_modules\[4mexpress-rate-limit[24m\dist\index.cjs:807:7
[90m    at processTicksAndRejections (node:internal/process/task_queues:105:5)[39m
    at [90mC:\Users\pagis\OneDrive\WebDev\Projects\Online\backend\[39mnode_modules\[4mexpress-rate-limit[24m\dist\index.cjs:691:5

[90mstderr[2m | tests/integration/payment.validation.test.js[2m > [22m[2mPayment Validation Tests - PayPal & Stripe[2m > [22m[2mPOST /orders - Required Fields (PAY-11)[2m > [22m[2mshould return 500 for malformed cart item
[22m[39mFailed to create PayPal order: Invalid item amount or quantity

[90mstderr[2m | tests/integration/security.cors.test.js[2m > [22m[2mCORS Middleware - Production Mode (Simulated)[2m > [22m[2mRejected Origins (SEC-02)[2m > [22m[2mshould reject same domain with different port
[22m[39mOrigin not allowed by CORS: https://example.com:8080
Unhandled error: {
  status: [33m500[39m,
  code: [32m'INTERNAL_ERROR'[39m,
  path: [32m'/allproducts'[39m,
  method: [32m'GET'[39m,
  message: [32m'Not allowed by CORS'[39m
}

[90mstderr[2m | tests/integration/security.cors.test.js[2m > [22m[2mCORS Middleware - Production Mode (Simulated)[2m > [22m[2mRejected Origins (SEC-02)[2m > [22m[2mshould reject HTTP when HTTPS expected
[22m[39mOrigin not allowed by CORS: http://example.com
Unhandled error: {
  status: [33m500[39m,
  code: [32m'INTERNAL_ERROR'[39m,
  path: [32m'/allproducts'[39m,
  method: [32m'GET'[39m,
  message: [32m'Not allowed by CORS'[39m
}

[90mstdout[2m | tests/integration/security.cors.test.js[2m > [22m[2mCORS Middleware - Production Mode (Simulated)[2m > [22m[2mRejected Origins (SEC-02)[2m > [22m[2mshould allow mixed-case domain (domains are case-insensitive)
[22m[39mAll Products Fetched

[90mstdout[2m | tests/integration/security.cors.test.js[2m > [22m[2mCORS Middleware - Production Mode (Simulated)[2m > [22m[2mSecurity Headers (Helmet)[2m > [22m[2mshould set X-Content-Type-Options header
[22m[39mAll Products Fetched

[90mstdout[2m | tests/integration/payment.validation.test.js[2m > [22m[2mPayment Validation Tests - PayPal & Stripe[2m > [22m[2mPOST /create-checkout-session - Amount Validation (PAY-12)[2m > [22m[2mshould return 400/500 for product with zero usd_price
[22m[39m=== Stripe Checkout Debug ===
Request currency: USD
Cart items received: [
  {
    "id": 1001,
    "title": "Test Product 1",
    "amount": 1
  }
]

Processing item 1001 (Test Product 1):
  - item.price: [90mundefined[39m type: undefined
  - item.discountedPrice: [90mundefined[39m type: undefined
  - item.originalPrice: [90mundefined[39m type: undefined
  - item.usdPrice: [90mundefined[39m type: undefined
  - item.currency: [90mundefined[39m

[90mstderr[2m | tests/integration/payment.validation.test.js[2m > [22m[2mPayment Validation Tests - PayPal & Stripe[2m > [22m[2mPOST /create-checkout-session - Amount Validation (PAY-12)[2m > [22m[2mshould return 400/500 for product with zero usd_price
[22m[39mPrice validation failed: Invalid USD price for item 1001: usd_price=0, parsed=0

[90mstdout[2m | tests/integration/payment.validation.test.js[2m > [22m[2mPayment Validation Tests - PayPal & Stripe[2m > [22m[2mPOST /create-checkout-session - Amount Validation (PAY-12)[2m > [22m[2mshould return 400/500 for product with zero usd_price
[22m[39m  - Product USD price from database: [33m0[39m
  - Product discount_percentage: [33m0[39m

[90mstderr[2m | tests/integration/payment.validation.test.js[2m > [22m[2mPayment Validation Tests - PayPal & Stripe[2m > [22m[2mPOST /create-checkout-session - Amount Validation (PAY-12)[2m > [22m[2mshould return 400/500 for product with zero usd_price
[22m[39mError creating checkout session: Error: Invalid USD price for item 1001: usd_price=0, parsed=0
    at C:/Users/pagis/OneDrive/WebDev/Projects/Online/backend/index.js:3576:19
[90m    at processTicksAndRejections (node:internal/process/task_queues:105:5)[39m
    at async Promise.all (index 0)
    at C:/Users/pagis/OneDrive/WebDev/Projects/Online/backend/index.js:3512:19

[90mstdout[2m | tests/integration/security.cors.test.js[2m > [22m[2mCORS Middleware - Production Mode (Simulated)[2m > [22m[2mSecurity Headers (Helmet)[2m > [22m[2mshould set X-Frame-Options header
[22m[39mAll Products Fetched

[90mstdout[2m | tests/integration/security.cors.test.js[2m > [22m[2mCORS Middleware - Production Mode (Simulated)[2m > [22m[2mSecurity Headers (Helmet)[2m > [22m[2mshould NOT set X-Powered-By header
[22m[39mAll Products Fetched

[90mstdout[2m | tests/integration/payment.validation.test.js[2m > [22m[2mPayment Validation Tests - PayPal & Stripe[2m > [22m[2mPOST /create-checkout-session - Amount Validation (PAY-12)[2m > [22m[2mshould return 400/500 for product with negative usd_price
[22m[39m=== Stripe Checkout Debug ===
Request currency: USD
Cart items received: [
  {
    "id": 1001,
    "title": "Test Product 1",
    "amount": 1
  }
]

Processing item 1001 (Test Product 1):
  - item.price: [90mundefined[39m type: undefined
  - item.discountedPrice: [90mundefined[39m type: undefined
  - item.originalPrice: [90mundefined[39m type: undefined
  - item.usdPrice: [90mundefined[39m type: undefined
  - item.currency: [90mundefined[39m

[90mstderr[2m | tests/integration/payment.validation.test.js[2m > [22m[2mPayment Validation Tests - PayPal & Stripe[2m > [22m[2mPOST /create-checkout-session - Amount Validation (PAY-12)[2m > [22m[2mshould return 400/500 for product with negative usd_price
[22m[39mPrice validation failed: Invalid USD price for item 1001: usd_price=-50, parsed=-50

[90mstdout[2m | tests/integration/payment.validation.test.js[2m > [22m[2mPayment Validation Tests - PayPal & Stripe[2m > [22m[2mPOST /create-checkout-session - Amount Validation (PAY-12)[2m > [22m[2mshould return 400/500 for product with negative usd_price
[22m[39m  - Product USD price from database: [33m-50[39m
  - Product discount_percentage: [33m0[39m

[90mstderr[2m | tests/integration/payment.validation.test.js[2m > [22m[2mPayment Validation Tests - PayPal & Stripe[2m > [22m[2mPOST /create-checkout-session - Amount Validation (PAY-12)[2m > [22m[2mshould return 400/500 for product with negative usd_price
[22m[39mError creating checkout session: Error: Invalid USD price for item 1001: usd_price=-50, parsed=-50
    at C:/Users/pagis/OneDrive/WebDev/Projects/Online/backend/index.js:3576:19
[90m    at processTicksAndRejections (node:internal/process/task_queues:105:5)[39m
    at async Promise.all (index 0)
    at C:/Users/pagis/OneDrive/WebDev/Projects/Online/backend/index.js:3512:19

[90mstdout[2m | tests/integration/security.cors.test.js[2m > [22m[2mCORS Middleware - Production Mode (Simulated)[2m > [22m[2mSecurity Headers (Helmet)[2m > [22m[2mshould set X-DNS-Prefetch-Control header
[22m[39mAll Products Fetched

[90mstdout[2m | tests/integration/payment.validation.test.js[2m > [22m[2mPayment Validation Tests - PayPal & Stripe[2m > [22m[2mPOST /create-checkout-session - Amount Validation (PAY-12)[2m > [22m[2mshould return 500 for product with invalid usd_price (null)
[22m[39m=== Stripe Checkout Debug ===
Request currency: USD
Cart items received: [
  {
    "id": 1001,
    "title": "Test Product 1",
    "amount": 1
  }
]

Processing item 1001 (Test Product 1):
  - item.price: [90mundefined[39m type: undefined
  - item.discountedPrice: [90mundefined[39m type: undefined
  - item.originalPrice: [90mundefined[39m type: undefined
  - item.usdPrice: [90mundefined[39m type: undefined
  - item.currency: [90mundefined[39m

[90mstderr[2m | tests/integration/payment.validation.test.js[2m > [22m[2mPayment Validation Tests - PayPal & Stripe[2m > [22m[2mPOST /create-checkout-session - Amount Validation (PAY-12)[2m > [22m[2mshould return 500 for product with invalid usd_price (null)
[22m[39mPrice validation failed: Invalid USD price for item 1001: usd_price=null, parsed=0

[90mstdout[2m | tests/integration/payment.validation.test.js[2m > [22m[2mPayment Validation Tests - PayPal & Stripe[2m > [22m[2mPOST /create-checkout-session - Amount Validation (PAY-12)[2m > [22m[2mshould return 500 for product with invalid usd_price (null)
[22m[39m  - Product USD price from database: [33m0[39m
  - Product discount_percentage: [33m0[39m

[90mstderr[2m | tests/integration/payment.validation.test.js[2m > [22m[2mPayment Validation Tests - PayPal & Stripe[2m > [22m[2mPOST /create-checkout-session - Amount Validation (PAY-12)[2m > [22m[2mshould return 500 for product with invalid usd_price (null)
[22m[39mError creating checkout session: Error: Invalid USD price for item 1001: usd_price=null, parsed=0
    at C:/Users/pagis/OneDrive/WebDev/Projects/Online/backend/index.js:3576:19
[90m    at processTicksAndRejections (node:internal/process/task_queues:105:5)[39m
    at async Promise.all (index 0)
    at C:/Users/pagis/OneDrive/WebDev/Projects/Online/backend/index.js:3512:19

[90mstdout[2m | tests/integration/security.cors.test.js[2m > [22m[2mCORS Middleware - Development Mode[2m > [22m[2mLocalhost Permissiveness (SEC-03)[2m > [22m[2mshould allow localhost:5500 in development
[22m[39mAll Products Fetched

[90mstdout[2m | tests/integration/payment.validation.test.js[2m > [22m[2mPayment Validation Tests - PayPal & Stripe[2m > [22m[2mPOST /create-checkout-session - Amount Validation (PAY-12)[2m > [22m[2mshould return 400/500 for product with excessive price
[22m[39m=== Stripe Checkout Debug ===
Request currency: USD
Cart items received: [
  {
    "id": 1001,
    "title": "Test Product 1",
    "amount": 1
  }
]

Processing item 1001 (Test Product 1):
  - item.price: [90mundefined[39m type: undefined
  - item.discountedPrice: [90mundefined[39m type: undefined
  - item.originalPrice: [90mundefined[39m type: undefined
  - item.usdPrice: [90mundefined[39m type: undefined
  - item.currency: [90mundefined[39m

[90mstdout[2m | tests/integration/security.cors.test.js[2m > [22m[2mCORS Middleware - Development Mode[2m > [22m[2mLocalhost Permissiveness (SEC-03)[2m > [22m[2mshould allow localhost:3000 in development
[22m[39mAll Products Fetched

[90mstderr[2m | tests/integration/payment.validation.test.js[2m > [22m[2mPayment Validation Tests - PayPal & Stripe[2m > [22m[2mPOST /create-checkout-session - Amount Validation (PAY-12)[2m > [22m[2mshould return 400/500 for product with excessive price
[22m[39mPrice validation failed: Invalid USD price for item 1001: usd_price=10000000, parsed=10000000

[90mstdout[2m | tests/integration/payment.validation.test.js[2m > [22m[2mPayment Validation Tests - PayPal & Stripe[2m > [22m[2mPOST /create-checkout-session - Amount Validation (PAY-12)[2m > [22m[2mshould return 400/500 for product with excessive price
[22m[39m  - Product USD price from database: [33m10000000[39m
  - Product discount_percentage: [33m0[39m

[90mstderr[2m | tests/integration/payment.validation.test.js[2m > [22m[2mPayment Validation Tests - PayPal & Stripe[2m > [22m[2mPOST /create-checkout-session - Amount Validation (PAY-12)[2m > [22m[2mshould return 400/500 for product with excessive price
[22m[39mError creating checkout session: Error: Invalid USD price for item 1001: usd_price=10000000, parsed=10000000
    at C:/Users/pagis/OneDrive/WebDev/Projects/Online/backend/index.js:3576:19
[90m    at processTicksAndRejections (node:internal/process/task_queues:105:5)[39m
    at async Promise.all (index 0)
    at C:/Users/pagis/OneDrive/WebDev/Projects/Online/backend/index.js:3512:19

[90mstdout[2m | tests/integration/security.cors.test.js[2m > [22m[2mCORS Middleware - Development Mode[2m > [22m[2mLocalhost Permissiveness (SEC-03)[2m > [22m[2mshould allow localhost with any port in development
[22m[39mAll Products Fetched

[90mstdout[2m | tests/integration/security.cors.test.js[2m > [22m[2mCORS Middleware - Development Mode[2m > [22m[2mLocalhost Permissiveness (SEC-03)[2m > [22m[2mshould allow 127.0.0.1 with any port in development
[22m[39mAll Products Fetched

[90mstderr[2m | tests/integration/security.cors.test.js[2m > [22m[2mCORS Middleware - Development Mode[2m > [22m[2mLocalhost Permissiveness (SEC-03)[2m > [22m[2mshould still reject non-localhost origins in development
[22m[39mOrigin not allowed by CORS: https://malicious.com
Unhandled error: {
  status: [33m500[39m,
  code: [32m'INTERNAL_ERROR'[39m,
  path: [32m'/allproducts'[39m,
  method: [32m'GET'[39m,
  message: [32m'Not allowed by CORS'[39m
}

[90mstderr[2m | tests/integration/security.cors.test.js[2m > [22m[2mCORS Middleware - Development Mode[2m > [22m[2mEdge Cases[2m > [22m[2mshould reject malformed Origin header
[22m[39mOrigin not allowed by CORS: not-a-valid-url
Unhandled error: {
  status: [33m500[39m,
  code: [32m'INTERNAL_ERROR'[39m,
  path: [32m'/allproducts'[39m,
  method: [32m'GET'[39m,
  message: [32m'Not allowed by CORS'[39m
}

[90mstdout[2m | tests/integration/security.cors.test.js[2m > [22m[2mCORS Middleware - Development Mode[2m > [22m[2mEdge Cases[2m > [22m[2mshould handle empty Origin header
[22m[39mAll Products Fetched

[90mstdout[2m | tests/integration/security.cors.test.js[2m > [22m[2mCORS Middleware - Development Mode[2m > [22m[2mEdge Cases[2m > [22m[2mshould handle Origin with trailing slash
[22m[39mAll Products Fetched

[90mstdout[2m | tests/integration/security.cors.test.js[2m > [22m[2mCORS Middleware - Development Mode[2m > [22m[2mEdge Cases[2m > [22m[2mshould handle case variations in localhost
[22m[39mAll Products Fetched

[90mstdout[2m | tests/integration/security.cors.test.js[2m > [22m[2mCORS Middleware - Additional Security[2m > [22m[2mHelmet Security Headers[2m > [22m[2mshould set X-Download-Options header if configured
[22m[39mAll Products Fetched

[90mstdout[2m | tests/integration/security.cors.test.js[2m > [22m[2mCORS Middleware - Additional Security[2m > [22m[2mHelmet Security Headers[2m > [22m[2mshould handle HSTS header appropriately for environment
[22m[39mAll Products Fetched

[90mstdout[2m | tests/integration/currency.conversion.test.js[2m > [22m[2mReal Exchange Rate API (Smoke Test)
[22m[39m✓ Test database disconnected

 [32m✓[39m tests/integration/currency.conversion.test.js [2m([22m[2m26 tests[22m[2m | [22m[33m1 skipped[39m[2m)[22m[33m 8197[2mms[22m[39m
       [33m[2m✓[22m[39m should return 200 and success message when admin triggers update [33m 888[2mms[22m[39m
       [33m[2m✓[22m[39m should return 401 when no authentication token provided [33m 305[2mms[22m[39m
       [33m[2m✓[22m[39m should return 403 when non-admin user attempts update [33m 325[2mms[22m[39m
       [33m[2m✓[22m[39m should complete successfully even when API fails with fallback [33m 410[2mms[22m[39m
[90mstdout[2m | tests/integration/security.cors.test.js[2m > [22m[2mCORS Middleware - Additional Security[2m > [22m[2mHelmet Security Headers[2m > [22m[2mshould handle CSP header appropriately for API backend
[22m[39mAll Products Fetched

[90mstdout[2m | tests/integration/payment.validation.test.js
[22m[39m✓ Test database disconnected

 [32m✓[39m tests/integration/payment.validation.test.js [2m([22m[2m23 tests[22m[2m)[22m[33m 7862[2mms[22m[39m
       [33m[2m✓[22m[39m should return error for negative unit_amount.value (passes validation, PayPal rejects) [33m 535[2mms[22m[39m
[90mstdout[2m | tests/integration/auth.login.test.js[2m > [22m[2mPOST /login - Authentication[2m > [22m[2mToken Verification[2m > [22m[2mshould return token that validates with JWT_KEY
[22m[39mAuthenticated successfully
Token created for user: tokentest@example.com

[90mstdout[2m | tests/models/product.test.js
[22m[39m✓ Test database disconnected

 [32m✓[39m tests/models/product.test.js [2m([22m[2m38 tests[22m[2m)[22m[33m 4599[2mms[22m[39m
[90mstdout[2m | tests/integration/security.cors.test.js
[22m[39m✓ Test database disconnected

 [32m✓[39m tests/integration/security.cors.test.js [2m([22m[2m31 tests[22m[2m)[22m[33m 7590[2mms[22m[39m
       [33m[2m✓[22m[39m should allow configured HOST origin [33m 341[2mms[22m[39m
[90mstdout[2m | tests/integration/auth.login.test.js[2m > [22m[2mPOST /login - Authentication[2m > [22m[2mToken Verification[2m > [22m[2mshould return token with correct expiration
[22m[39mAuthenticated successfully
Token created for user: expirytest@example.com

[90mstdout[2m | tests/integration/auth.login.test.js
[22m[39m✓ Test database disconnected

 [32m✓[39m tests/integration/auth.login.test.js [2m([22m[2m12 tests[22m[2m)[22m[33m 9079[2mms[22m[39m
       [33m[2m✓[22m[39m should return 200 and JWT token for valid user credentials [33m 879[2mms[22m[39m
       [33m[2m✓[22m[39m should return adminCheck field matching user type for regular user [33m 387[2mms[22m[39m
       [33m[2m✓[22m[39m should return adminCheck field matching user type for admin user [33m 377[2mms[22m[39m
       [33m[2m✓[22m[39m should return 401 for incorrect password [33m 479[2mms[22m[39m
       [33m[2m✓[22m[39m should return token that validates with JWT_KEY [33m 317[2mms[22m[39m
(node:26876) [MONGOOSE] Warning: Duplicate schema index on {"sku":1} found. This is often due to declaring an index using both "index: true" and "schema.index()". Please remove the duplicate index definition.
(Use `node --trace-warnings ...` to show where the warning was created)
(node:32892) [MONGOOSE] Warning: Duplicate schema index on {"sku":1} found. This is often due to declaring an index using both "index: true" and "schema.index()". Please remove the duplicate index definition.
(Use `node --trace-warnings ...` to show where the warning was created)
[90mstderr[2m | tests/integration/paypal.orders.test.js[2m > [22m[2mPayPal Payment Endpoints[2m > [22m[2mPOST /orders/:orderID/capture - Capture Errors[2m > [22m[2mshould handle capture timeout
[22m[39mFailed to capture PayPal order: Error: PayPal request timed out
    at captureOrder (C:/Users/pagis/OneDrive/WebDev/Projects/Online/backend/index.js:1659:19)
    at C:/Users/pagis/OneDrive/WebDev/Projects/Online/backend/index.js:3808:46 {
  code: [32m'PAYPAL_TIMEOUT'[39m,
  statusCode: [33m504[39m
}

[90mstdout[2m | tests/integration/paypal.orders.test.js
[22m[39m✓ Test database disconnected

 [32m✓[39m tests/integration/paypal.orders.test.js [2m([22m[2m23 tests[22m[2m)[22m[33m 49359[2mms[22m[39m
       [33m[2m✓[22m[39m should return 201 with order ID for valid cart [33m 692[2mms[22m[39m
       [33m[2m✓[22m[39m should return 504 with PAYPAL_TIMEOUT code on timeout [33m 20055[2mms[22m[39m
       [33m[2m✓[22m[39m should handle capture timeout [33m 20036[2mms[22m[39m
[90mstdout[2m | tests/unit/jobs/exchangeRateJob.test.js
[22m[39m✓ Test database connected (mongodb-memory-server)

[90mstdout[2m | tests/unit/jobs/exchangeRateJob.test.js[2m > [22m[2mExchange Rate Job - Rate Fetching[2m > [22m[2mshould update Settings with new rate on successful API fetch
[22m[39m
=== Starting Daily Exchange Rate Update ===

[90mstdout[2m | tests/unit/jobs/exchangeRateJob.test.js[2m > [22m[2mExchange Rate Job - Rate Fetching[2m > [22m[2mshould update Settings with new rate on successful API fetch
[22m[39mExchange rate updated: 3.75 (source: exchangerate-api.com)

[90mstdout[2m | tests/unit/jobs/exchangeRateJob.test.js[2m > [22m[2mExchange Rate Job - Rate Fetching[2m > [22m[2mshould update Settings with new rate on successful API fetch
[22m[39m✓ Exchange rate updated: 3.75 (source: exchangerate-api.com)

[90mstdout[2m | tests/unit/jobs/exchangeRateJob.test.js[2m > [22m[2mExchange Rate Job - Rate Fetching[2m > [22m[2mshould update Settings with new rate on successful API fetch
[22m[39m✓ Updated 0 product USD prices
=== Exchange Rate Update Complete ===


[90mstdout[2m | tests/unit/jobs/exchangeRateJob.test.js[2m > [22m[2mExchange Rate Job - Rate Fetching[2m > [22m[2mshould use stored rate when API fails
[22m[39mExchange rate updated: 3.6 (source: seed)

[90mstdout[2m | tests/unit/jobs/exchangeRateJob.test.js[2m > [22m[2mExchange Rate Job - Rate Fetching[2m > [22m[2mshould use stored rate when API fails
[22m[39m
=== Starting Daily Exchange Rate Update ===

[90mstderr[2m | tests/unit/jobs/exchangeRateJob.test.js[2m > [22m[2mExchange Rate Job - Rate Fetching[2m > [22m[2mshould use stored rate when API fails
[22m[39mError fetching exchange rate from API: All exchange rate APIs failed:
API 1 (https://api.exchangerate-api.com/v4/latest/USD): API responded with status 500
API 2 (https://api.exchangerate.host/latest?base=USD&symbols=ILS): API responded with status 500

[90mstderr[2m | tests/unit/jobs/exchangeRateJob.test.js[2m > [22m[2mExchange Rate Job - Rate Fetching[2m > [22m[2mshould use stored rate when API fails
[22m[39mFailed to fetch new exchange rate from API: All exchange rate APIs failed:
API 1 (https://api.exchangerate-api.com/v4/latest/USD): API responded with status 500
API 2 (https://api.exchangerate.host/latest?base=USD&symbols=ILS): API responded with status 500

[90mstdout[2m | tests/unit/jobs/exchangeRateJob.test.js[2m > [22m[2mExchange Rate Job - Rate Fetching[2m > [22m[2mshould use stored rate when API fails
[22m[39m⚠ Using stored exchange rate: 3.6

[90mstdout[2m | tests/unit/jobs/exchangeRateJob.test.js[2m > [22m[2mExchange Rate Job - Rate Fetching[2m > [22m[2mshould use stored rate when API fails
[22m[39m✓ Updated 0 product USD prices
=== Exchange Rate Update Complete ===


[90mstdout[2m | tests/unit/jobs/exchangeRateJob.test.js[2m > [22m[2mExchange Rate Job - Rate Fetching[2m > [22m[2mshould use fallback when API fails and no stored rate exists
[22m[39m
=== Starting Daily Exchange Rate Update ===

[90mstderr[2m | tests/unit/jobs/exchangeRateJob.test.js[2m > [22m[2mExchange Rate Job - Rate Fetching[2m > [22m[2mshould use fallback when API fails and no stored rate exists
[22m[39mError fetching exchange rate from API: All exchange rate APIs failed:
API 1 (https://api.exchangerate-api.com/v4/latest/USD): API responded with status 500
API 2 (https://api.exchangerate.host/latest?base=USD&symbols=ILS): API responded with status 500

[90mstderr[2m | tests/unit/jobs/exchangeRateJob.test.js[2m > [22m[2mExchange Rate Job - Rate Fetching[2m > [22m[2mshould use fallback when API fails and no stored rate exists
[22m[39mFailed to fetch new exchange rate from API: All exchange rate APIs failed:
API 1 (https://api.exchangerate-api.com/v4/latest/USD): API responded with status 500
API 2 (https://api.exchangerate.host/latest?base=USD&symbols=ILS): API responded with status 500

[90mstderr[2m | tests/unit/jobs/exchangeRateJob.test.js[2m > [22m[2mExchange Rate Job - Rate Fetching[2m > [22m[2mshould use fallback when API fails and no stored rate exists
[22m[39mUsing default exchange rate: 3.3

[90mstdout[2m | tests/unit/jobs/exchangeRateJob.test.js[2m > [22m[2mExchange Rate Job - Rate Fetching[2m > [22m[2mshould use fallback when API fails and no stored rate exists
[22m[39m⚠ Using fallback exchange rate: 3.3

[90mstdout[2m | tests/unit/jobs/exchangeRateJob.test.js[2m > [22m[2mExchange Rate Job - Rate Fetching[2m > [22m[2mshould use fallback when API fails and no stored rate exists
[22m[39m✓ Updated 0 product USD prices
=== Exchange Rate Update Complete ===


[90mstdout[2m | tests/unit/jobs/exchangeRateJob.test.js[2m > [22m[2mExchange Rate Job - Product Price Recalculation[2m > [22m[2mshould calculate USD from ILS for normal products
[22m[39m
=== Starting Daily Exchange Rate Update ===

[90mstdout[2m | tests/unit/jobs/exchangeRateJob.test.js[2m > [22m[2mExchange Rate Job - Product Price Recalculation[2m > [22m[2mshould calculate USD from ILS for normal products
[22m[39mExchange rate updated: 3.7 (source: exchangerate-api.com)

[90mstdout[2m | tests/unit/jobs/exchangeRateJob.test.js[2m > [22m[2mExchange Rate Job - Product Price Recalculation[2m > [22m[2mshould calculate USD from ILS for normal products
[22m[39m✓ Exchange rate updated: 3.7 (source: exchangerate-api.com)

[90mstdout[2m | tests/unit/jobs/exchangeRateJob.test.js[2m > [22m[2mExchange Rate Job - Product Price Recalculation[2m > [22m[2mshould calculate USD from ILS for normal products
[22m[39m✓ Updated 0 product USD prices
=== Exchange Rate Update Complete ===


[90mstdout[2m | tests/unit/jobs/exchangeRateJob.test.js[2m > [22m[2mExchange Rate Job - Product Price Recalculation[2m > [22m[2mshould recalculate USD when exchange rate changes
[22m[39m
=== Starting Daily Exchange Rate Update ===

[90mstdout[2m | tests/unit/jobs/exchangeRateJob.test.js[2m > [22m[2mExchange Rate Job - Product Price Recalculation[2m > [22m[2mshould recalculate USD when exchange rate changes
[22m[39mExchange rate updated: 4 (source: exchangerate-api.com)

[90mstdout[2m | tests/unit/jobs/exchangeRateJob.test.js[2m > [22m[2mExchange Rate Job - Product Price Recalculation[2m > [22m[2mshould recalculate USD when exchange rate changes
[22m[39m✓ Exchange rate updated: 4 (source: exchangerate-api.com)

[90mstdout[2m | tests/unit/jobs/exchangeRateJob.test.js[2m > [22m[2mExchange Rate Job - Product Price Recalculation[2m > [22m[2mshould recalculate USD when exchange rate changes
[22m[39mAll page cache invalidated
Page cache invalidated due to exchange rate update
✓ Updated 1 product USD prices
=== Exchange Rate Update Complete ===


[90mstdout[2m | tests/unit/jobs/exchangeRateJob.test.js[2m > [22m[2mExchange Rate Job - Product Price Recalculation[2m > [22m[2mshould migrate legacy products with USD but no ILS price
[22m[39m
=== Starting Daily Exchange Rate Update ===

[90mstdout[2m | tests/unit/jobs/exchangeRateJob.test.js[2m > [22m[2mExchange Rate Job - Product Price Recalculation[2m > [22m[2mshould migrate legacy products with USD but no ILS price
[22m[39mExchange rate updated: 3.7 (source: exchangerate-api.com)

[90mstdout[2m | tests/unit/jobs/exchangeRateJob.test.js[2m > [22m[2mExchange Rate Job - Product Price Recalculation[2m > [22m[2mshould migrate legacy products with USD but no ILS price
[22m[39m✓ Exchange rate updated: 3.7 (source: exchangerate-api.com)

[90mstdout[2m | tests/unit/jobs/exchangeRateJob.test.js[2m > [22m[2mExchange Rate Job - Product Price Recalculation[2m > [22m[2mshould migrate legacy products with USD but no ILS price
[22m[39m  Migrated legacy product 1001: set ils_price = 370 from usd_price = 100
All page cache invalidated
Page cache invalidated due to exchange rate update
✓ Updated 1 product USD prices
=== Exchange Rate Update Complete ===


[90mstdout[2m | tests/unit/jobs/exchangeRateJob.test.js[2m > [22m[2mExchange Rate Job - Product Price Recalculation[2m > [22m[2mshould update multiple products correctly
[22m[39m
=== Starting Daily Exchange Rate Update ===

[90mstdout[2m | tests/unit/jobs/exchangeRateJob.test.js[2m > [22m[2mExchange Rate Job - Product Price Recalculation[2m > [22m[2mshould update multiple products correctly
[22m[39mExchange rate updated: 3.7 (source: exchangerate-api.com)

[90mstdout[2m | tests/unit/jobs/exchangeRateJob.test.js[2m > [22m[2mExchange Rate Job - Product Price Recalculation[2m > [22m[2mshould update multiple products correctly
[22m[39m✓ Exchange rate updated: 3.7 (source: exchangerate-api.com)

[90mstdout[2m | tests/unit/jobs/exchangeRateJob.test.js[2m > [22m[2mExchange Rate Job - Product Price Recalculation[2m > [22m[2mshould update multiple products correctly
[22m[39mAll page cache invalidated
Page cache invalidated due to exchange rate update
✓ Updated 3 product USD prices
=== Exchange Rate Update Complete ===


[90mstdout[2m | tests/unit/jobs/exchangeRateJob.test.js[2m > [22m[2mExchange Rate Job - Product Price Recalculation[2m > [22m[2mshould track original_usd_price from original_ils_price
[22m[39m
=== Starting Daily Exchange Rate Update ===

[90mstdout[2m | tests/unit/jobs/exchangeRateJob.test.js[2m > [22m[2mExchange Rate Job - Product Price Recalculation[2m > [22m[2mshould track original_usd_price from original_ils_price
[22m[39mExchange rate updated: 4 (source: exchangerate-api.com)

[90mstdout[2m | tests/unit/jobs/exchangeRateJob.test.js[2m > [22m[2mExchange Rate Job - Product Price Recalculation[2m > [22m[2mshould track original_usd_price from original_ils_price
[22m[39m✓ Exchange rate updated: 4 (source: exchangerate-api.com)

[90mstdout[2m | tests/unit/jobs/exchangeRateJob.test.js[2m > [22m[2mExchange Rate Job - Product Price Recalculation[2m > [22m[2mshould track original_usd_price from original_ils_price
[22m[39mAll page cache invalidated
Page cache invalidated due to exchange rate update
✓ Updated 1 product USD prices
=== Exchange Rate Update Complete ===


[90mstdout[2m | tests/unit/jobs/exchangeRateJob.test.js[2m > [22m[2mExchange Rate Job - Product Price Recalculation[2m > [22m[2mshould handle errors for individual products and continue updating others
[22m[39m
=== Starting Daily Exchange Rate Update ===

[90mstdout[2m | tests/unit/jobs/exchangeRateJob.test.js[2m > [22m[2mExchange Rate Job - Product Price Recalculation[2m > [22m[2mshould handle errors for individual products and continue updating others
[22m[39mExchange rate updated: 3.7 (source: exchangerate-api.com)

[90mstdout[2m | tests/unit/jobs/exchangeRateJob.test.js[2m > [22m[2mExchange Rate Job - Product Price Recalculation[2m > [22m[2mshould handle errors for individual products and continue updating others
[22m[39m✓ Exchange rate updated: 3.7 (source: exchangerate-api.com)

[90mstdout[2m | tests/unit/jobs/exchangeRateJob.test.js[2m > [22m[2mExchange Rate Job - Product Price Recalculation[2m > [22m[2mshould handle errors for individual products and continue updating others
[22m[39mAll page cache invalidated
Page cache invalidated due to exchange rate update
✓ Updated 2 product USD prices
=== Exchange Rate Update Complete ===


[90mstdout[2m | tests/unit/services/exchangeRateService.test.js
[22m[39m✓ Test database connected (mongodb-memory-server)

[90mstdout[2m | tests/unit/jobs/exchangeRateJob.test.js
[22m[39m✓ Test database disconnected

 [32m✓[39m tests/unit/jobs/exchangeRateJob.test.js [2m([22m[2m11 tests[22m[2m)[22m[33m 3729[2mms[22m[39m
[90mstdout[2m | tests/models/user.test.js
[22m[39m✓ Test database connected (mongodb-memory-server)

[90mstdout[2m | tests/infrastructure.test.js
[22m[39m✓ Test database connected (mongodb-memory-server)

[90mstderr[2m | tests/unit/services/exchangeRateService.test.js[2m > [22m[2mfetchCurrentRate()[2m > [22m[2mshould reject negative rate
[22m[39mError fetching exchange rate from API: All exchange rate APIs failed:
API 1 (https://api.exchangerate-api.com/v4/latest/USD): Invalid rate value: -3.75
API 2 (https://api.exchangerate.host/latest?base=USD&symbols=ILS): Invalid rate value: -3.7

[90mstderr[2m | tests/unit/services/exchangeRateService.test.js[2m > [22m[2mfetchCurrentRate()[2m > [22m[2mshould reject zero rate
[22m[39mAPI 1 response format not recognized: {"rates":{"ILS":0}}

[90mstderr[2m | tests/unit/services/exchangeRateService.test.js[2m > [22m[2mfetchCurrentRate()[2m > [22m[2mshould reject zero rate
[22m[39mAPI 2 response format not recognized: {"rates":{"ILS":0}}
Error fetching exchange rate from API: All exchange rate APIs failed:
API 1 (https://api.exchangerate-api.com/v4/latest/USD): Invalid API response format: unexpected structure
API 2 (https://api.exchangerate.host/latest?base=USD&symbols=ILS): Invalid API response format: unexpected structure

[90mstderr[2m | tests/unit/services/exchangeRateService.test.js[2m > [22m[2mfetchCurrentRate()[2m > [22m[2mshould reject missing ILS in response
[22m[39mAPI 1 response format not recognized: {"rates":{"EUR":0.92,"GBP":0.79}}

[90mstderr[2m | tests/unit/services/exchangeRateService.test.js[2m > [22m[2mfetchCurrentRate()[2m > [22m[2mshould reject missing ILS in response
[22m[39mAPI 2 response format not recognized: {"rates":{"EUR":0.92}}
Error fetching exchange rate from API: All exchange rate APIs failed:
API 1 (https://api.exchangerate-api.com/v4/latest/USD): Invalid API response format: unexpected structure
API 2 (https://api.exchangerate.host/latest?base=USD&symbols=ILS): Invalid API response format: unexpected structure

[90mstderr[2m | tests/unit/services/exchangeRateService.test.js[2m > [22m[2mfetchCurrentRate()[2m > [22m[2mshould reject malformed response (200 OK but invalid structure)
[22m[39mAPI 1 response format not recognized: {"foo":"bar"}

[90mstderr[2m | tests/unit/services/exchangeRateService.test.js[2m > [22m[2mfetchCurrentRate()[2m > [22m[2mshould reject malformed response (200 OK but invalid structure)
[22m[39mAPI 2 response format not recognized: {"invalid":"structure"}
Error fetching exchange rate from API: All exchange rate APIs failed:
API 1 (https://api.exchangerate-api.com/v4/latest/USD): Invalid API response format: unexpected structure
API 2 (https://api.exchangerate.host/latest?base=USD&symbols=ILS): Invalid API response format: unexpected structure

[90mstdout[2m | tests/models/settings.test.js
[22m[39m✓ Test database connected (mongodb-memory-server)

[90mstderr[2m | tests/unit/services/exchangeRateService.test.js[2m > [22m[2mfetchCurrentRate()[2m > [22m[2mshould throw when all APIs fail with 500 errors
[22m[39mError fetching exchange rate from API: All exchange rate APIs failed:
API 1 (https://api.exchangerate-api.com/v4/latest/USD): API responded with status 500
API 2 (https://api.exchangerate.host/latest?base=USD&symbols=ILS): API responded with status 500

[90mstdout[2m | tests/unit/services/exchangeRateService.test.js[2m > [22m[2mupdateRate()[2m > [22m[2mshould store rate, source, and timestamp in Settings
[22m[39mExchange rate updated: 3.8 (source: test-source)

[90mstderr[2m | tests/unit/services/exchangeRateService.test.js[2m > [22m[2mupdateRate()[2m > [22m[2mshould reject negative rate
[22m[39mError updating exchange rate: Invalid rate value: -1

[90mstderr[2m | tests/unit/services/exchangeRateService.test.js[2m > [22m[2mupdateRate()[2m > [22m[2mshould reject zero rate
[22m[39mError updating exchange rate: Invalid rate value: 0

[90mstderr[2m | tests/unit/services/exchangeRateService.test.js[2m > [22m[2mupdateRate()[2m > [22m[2mshould reject NaN
[22m[39mError updating exchange rate: Invalid rate value: NaN

[90mstderr[2m | tests/unit/services/exchangeRateService.test.js[2m > [22m[2mupdateRate()[2m > [22m[2mshould reject Infinity
[22m[39mError updating exchange rate: Invalid rate value: Infinity

[90mstdout[2m | tests/unit/services/exchangeRateService.test.js[2m > [22m[2mgetExchangeRate()[2m > [22m[2mshould return stored rate when DB has valid rate (no API call)
[22m[39mExchange rate updated: 3.7 (source: seed)

[90mstdout[2m | tests/unit/services/exchangeRateService.test.js[2m > [22m[2mgetExchangeRate()[2m > [22m[2mshould fetch from API and update DB when forceRefresh=true
[22m[39mExchange rate updated: 3.85 (source: exchangerate-api.com)

[90mstdout[2m | tests/unit/services/exchangeRateService.test.js[2m > [22m[2mgetExchangeRate()[2m > [22m[2mshould fallback to stored rate when forceRefresh=true but API fails
[22m[39mExchange rate updated: 3.7 (source: seed)

[90mstderr[2m | tests/unit/services/exchangeRateService.test.js[2m > [22m[2mgetExchangeRate()[2m > [22m[2mshould fallback to stored rate when forceRefresh=true but API fails
[22m[39mError fetching exchange rate from API: All exchange rate APIs failed:
API 1 (https://api.exchangerate-api.com/v4/latest/USD): API responded with status 500
API 2 (https://api.exchangerate.host/latest?base=USD&symbols=ILS): API responded with status 500

[90mstderr[2m | tests/unit/services/exchangeRateService.test.js[2m > [22m[2mgetExchangeRate()[2m > [22m[2mshould fallback to stored rate when forceRefresh=true but API fails
[22m[39mFailed to refresh rate from API, using stored rate

[90mstdout[2m | tests/unit/services/exchangeRateService.test.js[2m > [22m[2mgetExchangeRate()[2m > [22m[2mshould fallback to process.env.USD_ILS_RATE when DB has no rate
[22m[39mUsing exchange rate from environment variable

[90mstdout[2m | tests/unit/services/exchangeRateService.test.js[2m > [22m[2mgetExchangeRate()[2m > [22m[2mshould fallback to process.env.USD_ILS_RATE when DB has no rate
[22m[39mExchange rate updated: 3.5 (source: environment_variable)

[90mstderr[2m | tests/unit/services/exchangeRateService.test.js[2m > [22m[2mgetExchangeRate()[2m > [22m[2mshould fallback to DEFAULT_EXCHANGE_RATE (3.3) when DB and env both missing
[22m[39mUsing default exchange rate: 3.3

[90mstdout[2m | tests/unit/services/exchangeRateService.test.js[2m > [22m[2mgetExchangeRate()[2m > [22m[2mshould store env variable rate in DB for future use
[22m[39mUsing exchange rate from environment variable

[90mstdout[2m | tests/unit/services/exchangeRateService.test.js[2m > [22m[2mgetExchangeRate()[2m > [22m[2mshould store env variable rate in DB for future use
[22m[39mExchange rate updated: 3.5 (source: environment_variable)

[90mstdout[2m | tests/unit/services/exchangeRateService.test.js[2m > [22m[2mgetExchangeRate()[2m > [22m[2mshould handle very large rate without overflow
[22m[39mExchange rate updated: 999999.99 (source: exchangerate-api.com)

[90mstdout[2m | tests/unit/services/exchangeRateService.test.js[2m > [22m[2misRateStale()[2m > [22m[2mshould return false when rate was updated within maxAgeHours
[22m[39mExchange rate updated: 3.7 (source: test)

[90mstdout[2m | tests/infrastructure.test.js
[22m[39m✓ Test database disconnected

 [32m✓[39m tests/infrastructure.test.js [2m([22m[2m3 tests[22m[2m)[22m[33m 2804[2mms[22m[39m
[90mstdout[2m | tests/helpers/envGuard.test.js
[22m[39m✓ Test database connected (mongodb-memory-server)

[90mstdout[2m | tests/models/user.test.js
[22m[39m✓ Test database disconnected

 [32m✓[39m tests/models/user.test.js [2m([22m[2m22 tests[22m[2m)[22m[33m 3362[2mms[22m[39m
[90mstdout[2m | tests/helpers/envGuard.test.js
[22m[39m✓ Test database disconnected

 [32m✓[39m tests/helpers/envGuard.test.js [2m([22m[2m17 tests[22m[2m)[22m[33m 2431[2mms[22m[39m
[90mstdout[2m | tests/models/settings.test.js
[22m[39m✓ Test database disconnected

 [32m✓[39m tests/models/settings.test.js [2m([22m[2m18 tests[22m[2m)[22m[33m 3032[2mms[22m[39m
[90mstdout[2m | tests/unit/services/exchangeRateService.test.js
[22m[39m✓ Test database disconnected

 [32m✓[39m tests/unit/services/exchangeRateService.test.js [2m([22m[2m29 tests[22m[2m)[22m[33m 3536[2mms[22m[39m
(node:49000) [MONGOOSE] Warning: Duplicate schema index on {"sku":1} found. This is often due to declaring an index using both "index: true" and "schema.index()". Please remove the duplicate index definition.
(Use `node --trace-warnings ...` to show where the warning was created)
[90mstdout[2m | tests/unit/middleware/requireAdmin.test.js
[22m[39m✓ Test database connected (mongodb-memory-server)

[90mstdout[2m | tests/unit/middleware/requireAdmin.test.js
[22m[39m✓ Test database disconnected

 [32m✓[39m tests/unit/middleware/requireAdmin.test.js [2m([22m[2m10 tests[22m[2m)[22m[33m 1200[2mms[22m[39m

[2m Test Files [22m [1m[32m26 passed[39m[22m[90m (26)[39m
[2m      Tests [22m [1m[32m447 passed[39m[22m[2m | [22m[33m1 skipped[39m[90m (448)[39m
[2m   Start at [22m 00:22:37
[2m   Duration [22m 60.96s[2m (transform 4.47s, setup 105.97s, import 12.38s, tests 255.67s, environment 14ms)[22m

